c Solver source commit 8af8e56f174b778aef3aa45af9f739b2a5f492c2
c Solver SHA-256 c86c7ccc2f727e1ef4716fd2fcf69539fbe0e8b1da8d89341fb48d643a3aeb28
c ---- [ banner ] ------------------------------------------------------------
c
c Kissat SAT Solver
c 
c Copyright (c) 2021-2024 Armin Biere University of Freiburg
c Copyright (c) 2019-2021 Armin Biere Johannes Kepler University Linz
c 
c Version 4.0.4 8af8e56f174b778aef3aa45af9f739b2a5f492c2
c Apple clang version 21.0.0 (clang-2100.1.1.101) -W -Wall -O3 -DNDEBUG
c Mon Sep 7 04:00:02 PDT 2026 Darwin 842f5797331b 25.6.0 arm64
c
c ---- [ proving ] -----------------------------------------------------------
c
c opened and writing proof to compressed DRAT file:
c
c   build/orbit-p3-c8-final/p3-c8-t2-p1-z0.drat.xz
c
c ---- [ parsing ] -----------------------------------------------------------
c
c opened and reading DIMACS file:
c
c   build/orbit-p3-c8-final/p3-c8-t2-p1-z0.cnf
c
c parsed 'p cnf 76728 880702' header
c closing input after reading 31103397 bytes (30 MB)
c finished parsing after 0.13 seconds
c
c ---- [ options ] -----------------------------------------------------------
c
c --stable=0                       (different from default '1')
c
c ---- [ solving ] -----------------------------------------------------------
c
c seconds  switched rate     size/glue tier1   binary           remaining
c         MB reductions conflicts size  tier2      irredundant
c          level restarts redundant glue  trail            variables
c
c *  0.13 105 0 0 0  0 0   0   0 0.0 0 0 0 0 0% 118762 708944 51188 67%
c (  0.15 140 0 0 0  0 0   0   0 0.0 0 0 0 0 0% 118762 708944 51188 67%
c .  0.22 147 0 0 0  0 0   0   0 0.0 0 0 0 0 0% 102401 581979 51188 67%
c c  2.06 162 0 0 0  0 0   0   0 0.0 0 0 0 0 0% 103855 269177 46861 61%
c d  2.07 165 0 0 0  0 0   0   0 0.0 0 0 0 0 0% 94661 269177 46861 61%
c f  2.15 171 0 0 0  0 0   0   0 0.0 0 0 0 0 0% 93633 269069 46993 61%
c )  2.16 166 0 0 0  0 0   0   0 0.0 0 0 0 0 0% 93633 269069 46993 61%
c {  2.17 168 0 0 0  0 0   0   0 0.0 0 0 2 6 0% 93633 269069 46993 61%
c i  2.17 168 104 0 0  3 101   8   1 1.2 7 6 2 6 4% 93633 269069 46992 61%
c i  2.17 168 120 0 0  3 33  20   7 1.3 9 7 9 11 7% 93635 269069 46972 61%
c i  2.17 168 92 0 0  3 11  62  40 1.3 9 7 9 11 10% 93640 269069 46904 61%
c i  2.18 168 82 0 0  3 9  73  47 1.4 10 8 9 11 10% 93643 269069 46903 61%
c i  2.20 169 25 0 0 64 4 630 451 1.4 11 7 6 10 7% 93655 269069 46876 61%
c i  2.20 169 25 0 0 64 4 631 451 1.4 11 7 6 10 7% 93655 269069 46822 61%
c i  2.20 169 25 0 0 64 4 632 451 1.4 11 7 6 10 7% 93655 269069 46821 61%
c -  2.27 167 37 0 1 159 8 1003 538 1.4 14 10 6 11 15% 93248 269069 46821 61%
c i  2.29 168 40 0 1 204 11 1120 639 1.3 14 10 6 12 17% 93253 269068 46777 61%
c i  2.29 168 38 0 1 205 10 1212 679 1.3 13 10 6 12 16% 93259 269068 46775 61%
c -  2.31 168 26 0 2 205 7 2003 999 1.4 12 8 5 8 11% 93157 269068 46775 61%
c i  2.31 168 25 0 2 205 6 2101 1043 1.4 11 8 5 8 11% 93165 269068 46622 61%
c
c seconds   switched  rate       size/glue tier1    binary           remaining
c         MB reductions conflicts      size  tier2      irredundant
c          level restarts   redundant    glue   trail           variables
c
c i  2.31 168 25 0 2 205 7 2103 1043 1.4 11 8 5 8 11% 93166 269068 46584 61%
c c  3.36 155 35 0 2 377 9 2643 1537 1.4 14 10 5 8 14% 93816 262790 45771 60%
c d  3.37 156 35 0 2 377 9 2643 1032 1.4 14 10 5 8 14% 92135 262539 45771 60%
c b  3.37 156 35 0 2 377 9 2643 1032 1.4 14 10 5 8 14% 92135 262539 45630 59%
c u  3.39 157 35 0 2 377 9 2643 1014 1.4 14 10 5 8 14% 91213 262539 45630 59%
c v  3.40 158 35 0 2 377 9 2643 1007 1.4 14 10 5 8 14% 91213 262539 45630 59%
c w  3.41 149 35 0 2 377 9 2643 1007 1.4 14 10 5 8 14% 91213 262539 45630 59%
c x  3.43 149 35 0 2 377 9 2643 1007 1.4 14 10 5 8 14% 91423 262046 45546 59%
c d  3.43 149 35 0 2 377 9 2643 1006 1.4 14 10 5 8 14% 90563 261472 45106 59%
c t  3.44 149 35 0 2 377 9 2643 1006 1.4 14 10 5 8 14% 90546 261472 45106 59%
c b  3.44 149 35 0 2 377 9 2643 1006 1.4 14 10 5 8 14% 90546 261472 45089 59%
c f  3.45 149 35 0 2 377 9 2643 1006 1.4 14 10 5 8 14% 90495 261472 45095 59%
c c  4.42 133 35 0 2 377 9 2643 1006 1.4 14 10 5 8 14% 90418 261031 44688 58%
c d  4.43 134 35 0 2 377 9 2643 1006 1.4 14 10 5 8 14% 89588 261011 44688 58%
c b  4.45 134 35 0 2 377 9 2643 1006 1.4 14 10 5 8 14% 89588 261011 43973 57%
c u  4.46 134 35 0 2 377 9 2643 986 1.4 14 10 5 8 14% 89043 261011 43973 57%
c v  4.48 134 35 0 2 377 9 2643 957 1.4 14 10 5 8 14% 89044 261011 43973 57%
c w  4.49 134 35 0 2 377 9 2643 957 1.4 14 10 5 8 14% 89044 261011 43973 57%
c x  4.50 134 35 0 2 377 9 2643 957 1.4 14 10 5 8 14% 89256 260015 43790 57%
c =  4.54 142 35 0 2 377 9 2643 957 1.4 14 10 5 8 14% 89259 259956 43781 57%
c
c seconds   switched  rate      size/glue  tier1    binary           remaining
c         MB reductions conflicts     size   tier2      irredundant
c          level restarts   redundant    glue   trail           variables
c
c d  4.55 142 35 0 2 377 9 2643 957 1.4 14 10 5 8 14% 88913 259892 43594 57%
c t  4.56 142 35 0 2 377 9 2643 957 1.4 14 10 5 8 14% 88912 259892 43594 57%
c b  4.56 142 35 0 2 377 9 2643 957 1.4 14 10 5 8 14% 88912 259892 43575 57%
c f  4.57 142 35 0 2 377 9 2643 957 1.4 14 10 5 8 14% 88811 259892 43594 57%
c i  4.57 142 35 0 2 377 9 2643 957 1.4 14 10 5 8 14% 88811 259892 43594 57%
c i  4.58 141 36 0 2 381 9 2655 964 1.4 14 10 5 11 14% 88811 259892 43575 57%
c i  4.58 142 36 0 2 383 10 2660 967 1.4 14 10 5 11 14% 88812 259892 43561 57%
c i  4.58 142 36 0 2 384 9 2664 967 1.4 14 10 5 11 14% 88813 259892 43533 57%
c i  4.59 142 36 0 2 388 10 2681 977 1.4 14 10 5 11 14% 88818 259892 43529 57%
c i  4.59 142 36 0 2 388 10 2682 977 1.4 14 10 5 11 14% 88818 259892 43526 57%
c i  4.59 142 36 0 2 388 10 2683 977 1.4 14 10 5 11 14% 88818 259892 43523 57%
c i  4.59 142 36 0 2 388 10 2684 977 1.4 14 10 5 11 14% 88818 259892 43520 57%
c i  4.63 143 35 0 2 579 9 3286 1456 1.3 14 11 5 11 15% 88818 259892 43518 57%
c -  4.65 144 36 0 3 583 9 3417 1025 1.4 15 11 6 18 15% 86705 259756 43518 57%
c i  4.73 146 53 0 3 745 10 4228 1733 1.4 16 12 6 18 19% 86710 259756 43486 57%
c -  4.78 148 62 0 4 814 9 5149 1754 1.4 16 11 6 18 19% 86640 259754 43486 57%
c -  4.91 149 58 0 5 1076 7 7149 2657 1.4 15 11 6 17 18% 86644 259754 43486 57%
c c  5.25 158 53 0 5 1090 7 8119 3293 1.4 15 11 6 17 17% 87127 259449 43156 56%
c d  5.25 159 53 0 5 1090 7 8119 3293 1.4 15 11 6 17 17% 86415 259414 43149 56%
c b  5.26 159 53 0 5 1090 7 8119 3293 1.4 15 11 6 17 17% 86415 259414 43137 56%
c
c seconds   switched   rate       size/glue  tier1     binary           remaining
c         MB reductions conflicts       size   tier2       irredundant
c          level  restarts   redundant     glue    trail           variables
c
c u  5.28 160 53 0 5 1090 7 8119 3245 1.4 15 11 6 17 17% 86003 259414 43137 56%
c v  5.30 161 53 0 5 1090 7 8119 3219 1.4 15 11 6 17 17% 86003 259414 43137 56%
c w  5.30 161 53 0 5 1090 7 8119 3214 1.4 15 11 6 17 17% 86003 259414 43137 56%
c x  5.31 161 53 0 5 1090 7 8119 3214 1.4 15 11 6 17 17% 86244 258721 42532 55%
c =  5.38 135 53 0 5 1090 7 8119 3214 1.4 15 11 6 17 17% 86254 258625 42527 55%
c d  5.38 135 53 0 5 1090 7 8119 3199 1.4 15 11 6 17 17% 85812 258564 42285 55%
c t  5.39 135 53 0 5 1090 7 8119 3199 1.4 15 11 6 17 17% 85795 258564 42285 55%
c b  5.40 135 53 0 5 1090 7 8119 3199 1.4 15 11 6 17 17% 85795 258564 42277 55%
c f  5.41 135 53 0 5 1090 7 8119 3199 1.4 15 11 6 17 17% 85683 258564 42307 55%
c c  5.49 147 53 0 5 1090 7 8119 3199 1.4 15 11 6 17 17% 84769 258301 42027 55%
c d  5.50 148 53 0 5 1090 7 8119 3194 1.4 15 11 6 17 17% 84154 258292 42026 55%
c b  5.50 148 53 0 5 1090 7 8119 3194 1.4 15 11 6 17 17% 84154 258292 42023 55%
c u  5.51 150 53 0 5 1090 7 8119 3176 1.4 15 11 6 17 17% 83729 258292 42023 55%
c v  5.52 150 53 0 5 1090 7 8119 3021 1.4 15 11 6 17 17% 83729 258292 42023 55%
c x  5.56 150 53 0 5 1090 7 8119 3021 1.4 15 11 6 17 17% 83853 258097 41879 55%
c d  5.62 157 53 0 5 1090 7 8119 3021 1.4 15 11 6 17 17% 83638 258025 41758 54%
c f  5.63 157 53 0 5 1090 7 8119 3021 1.4 15 11 6 17 17% 83549 258025 41762 54%
c i  5.64 157 53 0 5 1090 7 8119 3021 1.4 15 11 6 17 17% 83549 258025 41762 54%
c i  5.70 159 54 0 5 1224 7 8807 3614 1.4 15 11 6 17 18% 83556 258025 41730 54%
c i  5.71 160 54 0 5 1225 7 8834 3632 1.4 15 11 6 17 18% 83558 258025 41707 54%
c
c seconds   switched   rate       size/glue  tier1     binary           remaining
c         MB reductions conflicts       size   tier2       irredundant
c          level  restarts   redundant     glue    trail           variables
c
c -  5.73 160 52 0 6 1227 6 9385 3154 1.4 15 11 6 17 17% 83078 258025 41707 54%
c i  5.73 160 50 0 6 1232 6 9822 3538 1.4 15 11 6 17 17% 83080 258025 41706 54%
c o  5.77 161 52 0 6 1248 6 10002 3661 1.4 15 11 6 17 17% 83082 258025 41706 54%
c -  5.83 162 46 0 7 1269 6 11834 4055 1.4 15 11 7 16 16% 83078 258025 41706 54%
c i  5.85 162 45 0 7 1276 5 12440 4345 1.4 14 10 7 16 16% 83082 258025 41705 54%
c i  5.88 162 43 0 7 1335 5 13045 4860 1.4 14 10 7 16 16% 83092 258025 41674 54%
c s  5.94 163 45 0 7 1347 5 13204 4987 1.4 14 10 7 16 16% 83191 255818 41674 54%
c e  6.03 166 45 0 7 1347 5 13204 4987 1.4 14 10 7 16 16% 15615 264665 14151 18%
c 2  6.03 166 45 0 7 1347 5 13204 4987 1.4 14 10 7 16 16% 15587 264665 14151 18%
c s  6.07 166 45 0 7 1347 5 13204 4987 1.4 14 10 7 16 16% 15989 261912 14151 18%
c e  6.08 166 45 0 7 1347 5 13204 4987 1.4 14 10 7 16 16% 15575 262202 13946 18%
c ^  6.08 166 45 0 7 1347 5 13204 4987 1.4 14 10 7 16 16% 15575 262202 13946 18%
c -  6.16 166 46 0 8 1558 6 14481 1993 1.4 15 11 7 16 16% 15553 262200 13946 18%
c c  6.23 166 43 0 8 1597 5 16608 3890 1.5 15 10 7 16 15% 15822 262017 13883 18%
c d  6.24 166 43 0 8 1597 5 16608 3890 1.5 15 10 7 16 15% 15685 262005 13879 18%
c b  6.24 166 43 0 8 1597 5 16608 3890 1.5 15 10 7 16 15% 15685 262005 13858 18%
c u  6.26 164 43 0 8 1597 5 16608 3814 1.5 15 10 7 16 15% 15557 262005 13858 18%
c v  6.27 166 43 0 8 1597 5 16608 3774 1.5 15 10 7 16 15% 15557 262005 13858 18%
c w  6.28 166 43 0 8 1597 5 16608 3772 1.5 15 10 7 16 15% 15557 262005 13858 18%
c x  6.29 166 43 0 8 1597 5 16608 3772 1.5 15 10 7 16 15% 15585 261885 13840 18%
c
c seconds   switched   rate        size/glue  tier1     binary           remaining
c         MB reductions  conflicts       size   tier2       irredundant
c          level  restarts    redundant     glue    trail           variables
c
c t  6.30 166 43 0 8 1597 5 16608 3772 1.5 15 10 7 16 15% 15389 261790 13822 18%
c b  6.30 166 43 0 8 1597 5 16608 3772 1.5 15 10 7 16 15% 15389 261790 13820 18%
c f  6.33 166 43 0 8 1597 5 16608 3772 1.5 15 10 7 16 15% 15464 261169 13982 18%
c u  6.38 141 43 0 8 1597 5 16608 3738 1.5 15 10 7 16 15% 15355 261059 13982 18%
c v  6.39 141 43 0 8 1597 5 16608 3658 1.5 15 10 7 16 15% 15355 261059 13982 18%
c w  6.40 141 43 0 8 1597 5 16608 3657 1.5 15 10 7 16 15% 15355 261059 13982 18%
c =  6.49 140 43 0 8 1597 5 16608 3657 1.5 15 10 7 16 15% 15355 261051 13977 18%
c t  6.50 140 43 0 8 1597 5 16608 3657 1.5 15 10 7 16 15% 15345 261032 13977 18%
c f  6.51 140 43 0 8 1597 5 16608 3657 1.5 15 10 7 16 15% 15347 261026 13979 18%
c i  6.52 144 43 0 8 1597 5 16608 3657 1.5 15 10 7 16 15% 15347 261026 13979 18%
c i  6.54 143 47 0 8 1597 5 16827 3863 1.5 15 10 7 16 16% 15348 261026 13977 18%
c -  6.56 144 49 0 9 1597 5 17309 3365 1.5 15 10 7 16 16% 15331 261026 13977 18%
c i  6.58 144 50 0 9 1723 5 17991 3946 1.5 15 10 7 16 16% 15350 261026 13958 18%
c i  6.60 144 50 0 9 1800 5 18330 4228 1.5 15 10 7 16 16% 15359 261026 13927 18%
c i  6.63 144 50 0 9 1898 5 19917 5519 1.5 15 10 7 16 16% 15399 261023 13917 18%
c i  6.64 144 52 0 9 1898 5 20214 5781 1.5 15 10 7 16 16% 15406 261023 13905 18%
c -  6.64 144 52 0 10 1898 5 20309 3966 1.5 15 10 6 16 16% 15264 261023 13899 18%
c o  6.65 144 52 0 10 1898 5 20309 3966 1.5 15 10 6 16 16% 15264 261023 13899 18%
c i  6.65 144 52 0 10 1898 5 20318 3969 1.5 15 10 6 16 16% 15264 261023 13893 18%
c i  6.68 144 52 0 10 1987 5 20664 4287 1.5 15 10 6 16 16% 15265 261023 13892 18%
c
c seconds   switched    rate        size/glue  tier1     binary           remaining
c         MB  reductions  conflicts       size   tier2       irredundant
c          level   restarts    redundant     glue    trail           variables
c
c -  6.80 144 50 0 11 2478 5 23471 5153 1.4 15 11 7 16 16% 15236 261020 13888 18%
c s  6.85 144 46 0 11 2487 5 26146 7385 1.5 15 10 7 16 15% 15248 255335 13875 18%
c e  6.90 144 46 0 11 2487 5 26146 7385 1.5 15 10 7 16 15% 12197 260687 10997 14%
c 2  6.90 144 46 0 11 2487 5 26146 7385 1.5 15 10 7 16 15% 12194 260687 10997 14%
c s  6.92 144 46 0 11 2487 5 26146 7385 1.5 15 10 7 16 15% 12348 259887 10997 14%
c e  6.93 144 46 0 11 2487 5 26146 7385 1.5 15 10 7 16 15% 12255 260003 10944 14%
c ^  6.93 144 46 0 11 2487 5 26146 7385 1.5 15 10 7 16 15% 12255 260003 10944 14%
c i  6.95 144 47 0 11 2495 5 26290 6294 1.5 15 10 7 16 15% 12258 260001 10938 14%
c i  6.96 144 47 0 11 2527 5 26405 6398 1.5 15 10 7 16 15% 12258 260001 10930 14%
c -  6.98 144 46 0 12 2574 5 26787 5080 1.5 15 10 7 16 15% 12288 259870 10930 14%
c i  7.00 144 51 0 12 2609 5 27361 5547 1.5 15 10 7 16 15% 12294 259869 10929 14%
c b  7.04 144 53 0 12 2686 5 28124 6164 1.5 15 10 7 16 16% 12308 259809 10896 14%
c u  7.06 144 53 0 12 2686 5 28124 6087 1.5 15 10 7 16 16% 12305 259809 10896 14%
c v  7.07 144 53 0 12 2686 5 28124 6055 1.5 15 10 7 16 16% 12305 259809 10896 14%
c w  7.08 144 53 0 12 2686 5 28124 6053 1.5 15 10 7 16 16% 12305 259809 10896 14%
c t  7.16 148 53 0 12 2686 5 28124 6053 1.5 15 10 7 16 16% 12266 259632 10896 14%
c f  7.18 148 53 0 12 2686 5 28124 6053 1.5 15 10 7 16 16% 12309 259360 10953 14%
c c  7.21 148 53 0 12 2686 5 28124 6053 1.5 15 10 7 16 16% 12306 259359 10952 14%
c d  7.21 148 53 0 12 2686 5 28124 6053 1.5 15 10 7 16 16% 12301 259353 10950 14%
c u  7.24 148 53 0 12 2686 5 28124 6016 1.5 15 10 7 16 16% 12301 259353 10950 14%
c
c seconds   switched    rate        size/glue  tier1     binary           remaining
c         MB  reductions  conflicts       size   tier2       irredundant
c          level   restarts    redundant     glue    trail           variables
c
c v  7.25 148 53 0 12 2686 5 28124 6006 1.5 15 10 7 16 16% 12301 259353 10950 14%
c w  7.26 148 53 0 12 2686 5 28124 6004 1.5 15 10 7 16 16% 12301 259353 10950 14%
c t  7.28 148 53 0 12 2686 5 28124 6004 1.5 15 10 7 16 16% 12270 259353 10950 14%
c f  7.31 148 53 0 12 2686 5 28124 6004 1.5 15 10 7 16 16% 12268 259346 10953 14%
c -  7.35 113 53 0 13 2717 5 30254 6117 1.5 15 10 7 15 15% 12279 259346 10953 14%
c i  7.49 113 58 0 13 3078 5 32153 7829 1.4 15 10 7 15 16% 12298 259343 10945 14%
c -  7.60 113 57 0 14 3362 6 33861 7400 1.4 15 11 7 16 16% 12275 259341 10945 14%
c i  7.64 113 58 0 14 3445 5 36047 9101 1.4 15 11 7 16 16% 12310 259341 10942 14%
c i  7.64 113 58 0 14 3445 5 36053 9101 1.4 15 11 7 16 16% 12313 259341 10928 14%
c i  7.64 113 58 0 14 3445 5 36059 9100 1.4 15 11 7 16 16% 12314 259341 10911 14%
c }  7.64 113 58 0 14 3445 5 36062 9100 1.4 15 11 7 16 16% 12315 259341 10886 14%
c 0  7.64 113 58 0 14 3445 5 36062 9100 1.4 15 11 7 16 16% 12315 259341 10886 14%
c
c ---- [ result ] ------------------------------------------------------------
c
s UNSATISFIABLE
c
c ---- [ profiling ] ---------------------------------------------------------
c
c           5.43   71.01 %  probe
c           4.25   55.57 %  congruence
c           3.77   49.31 %  simplify
c           2.01   26.32 %  preprocess
c           1.71   22.33 %  search
c           1.71   22.33 %  focused
c           0.40    5.25 %  vivify
c           0.35    4.57 %  sweep
c           0.29    3.77 %  eliminate
c           0.19    2.54 %  factor
c           0.17    2.20 %  substitute
c           0.13    1.70 %  parse
c           0.10    1.28 %  subsume
c           0.07    0.87 %  reduce
c           0.04    0.53 %  backbone
c           0.03    0.34 %  transitive
c           0.02    0.32 %  lucky
c =============================================
c           7.64  100.00 %  total
c
c ---- [ statistics ] --------------------------------------------------------
c
c chronological:                          185                1 %  conflicts
c conflicts:                            36062             4714.72 per second
c congruent:                             6214                8 %  variables
c decisions:                           188584                5.23 per conflict
c eliminated:                           30658               40 %  variables
c factored:                               415                1 %  variables
c iterations:                              41                0 %  variables
c propagations:                      30677553          4010764    per second
c reductions:                              14             2576    interval
c reordered:                                2            18031    interval
c restarts:                              3445               10    interval
c strengthened:                          5267                0 %  checks
c substituted:                           7232                9 %  variables
c subsumed:                              6330                0 %  checks
c switched:                                 0                0    interval
c vivified:                              3165               41 %  checks
c
c ---- [ glue usage ] --------------------------------------------------------
c
c focused glue 7    used  4504 clauses  7.45% accumulated 54.66% tier1
c focused glue 8    used  4266 clauses  7.06% accumulated 61.73%
c focused glue 9-14 used 15676 clauses 25.95% accumulated 87.67%
c focused glue 15   used  1118 clauses  1.85% accumulated 89.52%
c focused glue 16   used  2069 clauses  3.42% accumulated 92.95% tier2
c
c ---- [ resources ] ---------------------------------------------------------
c
c maximum-resident-set-size:     183609851904 bytes     175104 MB
c process-time:                             8s               7.64 seconds
c
c ---- [ shutting down ] -----------------------------------------------------
c
c exit 20
real 13.12
kissat_exit=20
