c Solver source commit 8af8e56f174b778aef3aa45af9f739b2a5f492c2
c Solver SHA-256 c86c7ccc2f727e1ef4716fd2fcf69539fbe0e8b1da8d89341fb48d643a3aeb28
c CNF SHA-256 cca646967145adc7e752cc84a2b3f731337a780d62afa8a52810372b34ce40f7
c ---- [ banner ] ------------------------------------------------------------
c
c Kissat SAT Solver
c 
c Copyright (c) 2021-2024 Armin Biere University of Freiburg
c Copyright (c) 2019-2021 Armin Biere Johannes Kepler University Linz
c 
c Version 4.0.4 8af8e56f174b778aef3aa45af9f739b2a5f492c2
c Apple clang version 21.0.0 (clang-2100.1.1.101) -W -Wall -O3 -DNDEBUG
c Mon Sep 7 04:00:02 PDT 2026 Darwin 842f5797331b 25.6.0 arm64
c
c ---- [ proving ] -----------------------------------------------------------
c
c opened and writing proof to compressed DRAT file:
c
c   build/orbit-p3-c8-t4-split/p3-c8-t4-p1-z0-mtwo-c4.drat.xz
c
c ---- [ parsing ] -----------------------------------------------------------
c
c opened and reading DIMACS file:
c
c   build/orbit-p3-c8-t4-split/p3-c8-t4-p1-z0-mtwo-c4.cnf
c
c parsed 'p cnf 78411 886342' header
c closing input after reading 31191679 bytes (30 MB)
c finished parsing after 0.15 seconds
c
c ---- [ options ] -----------------------------------------------------------
c
c --stable=0                       (different from default '1')
c
c ---- [ solving ] -----------------------------------------------------------
c
c seconds  switched rate     size/glue tier1   binary           remaining
c         MB reductions conflicts size  tier2      irredundant
c          level restarts redundant glue  trail            variables
c
c *  0.15 116 0 0 0  0 0   0   0 0.0 0 0 0 0 0% 121820 711539 49089 63%
c (  0.17 146 0 0 0  0 0   0   0 0.0 0 0 0 0 0% 121820 711539 49089 63%
c .  0.24 149 0 0 0  0 0   0   0 0.0 0 0 0 0 0% 98560 449054 49089 63%
c c  1.04 160 0 0 0  0 0   0   0 0.0 0 0 0 0 0% 100106 177177 43632 56%
c d  1.05 161 0 0 0  0 0   0   0 0.0 0 0 0 0 0% 88556 177137 43578 56%
c =  1.09 162 0 0 0  0 0   0   0 0.0 0 0 0 0 0% 87574 177121 43559 56%
c d  1.10 163 0 0 0  0 0   0   0 0.0 0 0 0 0 0% 87529 177118 43559 56%
c f  1.14 166 0 0 0  0 0   0   0 0.0 0 0 0 0 0% 87400 177100 43689 56%
c )  1.15 165 0 0 0  0 0   0   0 0.0 0 0 0 0 0% 87400 177100 43689 56%
c {  1.16 162 0 0 0  0 0   0   0 0.0 0 0 2 6 0% 87400 177100 43689 56%
c i  1.16 163 244 0 0  0 7  43  38 1.4 13 9 2 6 15% 87402 177100 43688 56%
c i  1.16 163 192 0 0  0 2 206 171 1.5 11 7 6 10 12% 87404 177100 43672 56%
c i  1.16 163 191 0 0  0 2 208 172 1.5 11 7 6 10 12% 87404 177100 43670 56%
c i  1.16 163 185 0 0  0 2 214 177 1.5 11 7 6 10 12% 87404 177100 43651 56%
c i  1.16 163 176 0 0  0 2 226 186 1.5 10 7 6 10 12% 87405 177100 43650 56%
c i  1.16 163 174 0 0  0 2 229 187 1.5 10 7 6 10 11% 87406 177100 43632 56%
c i  1.16 163 168 0 0  0 2 237 192 1.5 10 7 6 10 11% 87408 177100 43631 56%
c i  1.17 164 134 0 0 18 3 304 249 1.5 11 7 6 10 11% 87409 177100 43617 56%
c i  1.17 164 133 0 0 19 3 306 250 1.5 11 7 6 10 11% 87409 177100 43616 56%
c i  1.17 164 119 0 0 39 4 351 290 1.5 11 7 6 10 11% 87412 177100 43615 56%
c
c seconds    switched rate     size/glue tier1     binary           remaining
c         MB  reductions conflicts   size  tier2       irredundant
c           level restarts redundant   glue    trail           variables
c
c i  1.17 164 118 0 0 40 4 352 290 1.5 11 7 6 10 11% 87412 177100 43545 56%
c i  1.18 164 114 0 0 46 4 369 305 1.4 11 8 6 10 11% 87412 177100 43525 56%
c i  1.18 164 110 0 0 56 4 383 315 1.4 11 7 6 11 11% 87413 177100 43524 56%
c i  1.18 164 107 0 0 56 4 394 315 1.4 11 7 6 11 11% 87418 177100 43475 55%
c i  1.19 164 96 0 0 69 4 448 361 1.4 11 8 6 11 11% 87420 177100 43466 55%
c i  1.19 164 96 0 0 70 4 449 361 1.5 11 8 6 11 11% 87420 177100 43465 55%
c i  1.19 165 91 0 0 91 5 482 388 1.5 11 8 6 11 11% 87422 177100 43457 55%
c i  1.19 165 91 0 0 93 5 485 390 1.5 11 8 6 11 11% 87422 177100 43456 55%
c i  1.21 165 79 0 0 116 5 616 492 1.5 12 8 6 12 14% 87433 177097 43455 55%
c i  1.21 165 72 0 0 139 5 698 567 1.5 12 8 6 12 14% 87433 177097 43454 55%
c i  1.22 165 71 0 0 145 6 712 580 1.5 12 8 6 12 14% 87433 177097 43448 55%
c i  1.22 165 69 0 0 160 6 752 614 1.5 12 8 6 12 14% 87435 177096 43447 55%
c i  1.22 165 68 0 0 166 6 772 633 1.5 12 8 6 12 14% 87435 177096 43446 55%
c i  1.22 165 67 0 0 168 6 777 636 1.5 12 8 6 12 14% 87436 177096 43445 55%
c i  1.23 165 60 0 0 210 6 919 766 1.5 13 9 6 12 15% 87437 177096 43444 55%
c -  1.25 165 57 0 1 243 6 1001 478 1.5 13 9 6 12 15% 86937 174474 43444 55%
c i  1.38 165 55 0 1 459 11 1590 1030 1.4 15 11 7 14 20% 86945 174474 43432 55%
c -  1.40 165 47 0 2 469 10 2001 888 1.5 15 10 6 13 21% 86909 174474 43432 55%
c c  1.81 168 39 0 2 469 8 2581 1347 1.6 16 10 6 13 22% 87200 172186 41546 53%
c d  1.82 168 39 0 2 469 8 2581 1337 1.6 16 10 6 13 22% 84053 171505 41536 53%
c
c seconds   switched  rate       size/glue  tier1     binary           remaining
c         MB reductions conflicts      size   tier2       irredundant
c          level restarts   redundant     glue    trail           variables
c
c b  1.82 168 39 0 2 469 8 2581 1337 1.6 16 10 6 13 22% 84053 171505 40378 51%
c u  1.84 168 39 0 2 469 8 2581 1325 1.6 16 10 6 13 22% 83090 171505 40378 51%
c v  1.85 168 39 0 2 469 8 2581 1295 1.6 16 10 6 13 22% 83090 171505 40378 51%
c w  1.85 168 39 0 2 469 8 2581 1287 1.6 16 10 6 13 22% 83090 171505 40378 51%
c =  1.93 169 39 0 2 469 8 2581 1287 1.6 16 10 6 13 22% 83862 169642 40043 51%
c d  1.94 169 39 0 2 469 8 2581 1284 1.6 16 10 6 13 22% 82576 169333 39597 50%
c t  1.94 169 39 0 2 469 8 2581 1284 1.6 16 10 6 13 22% 82546 169333 39597 50%
c b  1.94 169 39 0 2 469 8 2581 1284 1.6 16 10 6 13 22% 82546 169333 38873 50%
c f  1.95 172 39 0 2 469 8 2581 1284 1.6 16 10 6 13 22% 82386 169333 38928 50%
c c  2.28 115 39 0 2 469 8 2581 1284 1.6 16 10 6 13 22% 77708 166982 38279 49%
c d  2.28 115 39 0 2 469 8 2581 1284 1.6 16 10 6 13 22% 77039 166605 38279 49%
c b  2.29 115 39 0 2 469 8 2581 1284 1.6 16 10 6 13 22% 77039 166605 37945 48%
c u  2.30 116 39 0 2 469 8 2581 1235 1.6 16 10 6 13 22% 76482 166605 37945 48%
c v  2.31 116 39 0 2 469 8 2581 1218 1.6 16 10 6 13 22% 76482 166605 37945 48%
c =  2.36 118 39 0 2 469 8 2581 1218 1.6 16 10 6 13 22% 76698 166241 37769 48%
c d  2.36 118 39 0 2 469 8 2581 1218 1.6 16 10 6 13 22% 76138 165939 37524 48%
c t  2.37 118 39 0 2 469 8 2581 1218 1.6 16 10 6 13 22% 76136 165939 37524 48%
c b  2.37 118 39 0 2 469 8 2581 1218 1.6 16 10 6 13 22% 76136 165939 37290 48%
c f  2.37 118 39 0 2 469 8 2581 1218 1.6 16 10 6 13 22% 76097 165939 37301 48%
c -  2.48 118 45 0 3 645 8 3416 1295 1.6 16 10 6 12 23% 74516 165607 37301 48%
c
c seconds   switched  rate       size/glue  tier1     binary           remaining
c         MB reductions conflicts      size   tier2       irredundant
c          level restarts   redundant     glue    trail           variables
c
c i  2.58 118 46 0 3 842 8 4721 2464 1.5 16 11 7 12 23% 74523 165599 37300 48%
c i  2.58 118 46 0 3 842 8 4723 2465 1.5 16 11 7 12 23% 74523 165599 37299 48%
c i  2.58 118 47 0 3 842 8 4760 2499 1.5 16 11 7 12 23% 74524 165599 37291 48%
c i  2.58 118 47 0 3 842 8 4764 2501 1.5 16 11 7 12 23% 74525 165599 37278 48%
c -  2.62 118 49 0 4 851 7 5148 1888 1.6 16 11 6 12 24% 74385 165597 37254 48%
c i  2.71 118 51 0 4 1007 8 5913 2579 1.5 16 11 6 12 24% 74393 165592 37252 48%
c -  2.78 118 50 0 5 1072 7 7148 2540 1.5 16 11 6 13 23% 74404 165579 37252 48%
c i  2.79 118 51 0 5 1074 7 7664 2975 1.5 16 10 6 13 23% 74408 165579 37251 48%
c i  2.79 118 51 0 5 1074 7 7670 2977 1.5 16 10 6 13 23% 74408 165579 37242 47%
c c  3.19 84 50 0 5 1087 7 7919 3220 1.5 16 10 6 13 23% 75308 164711 36297 46%
c d  3.20 84 50 0 5 1087 7 7919 3220 1.5 16 10 6 13 23% 73458 164652 36295 46%
c d  3.20 84 50 0 5 1087 7 7919 3220 1.5 16 10 6 13 23% 73348 164652 36240 46%
c b  3.21 84 50 0 5 1087 7 7919 3220 1.5 16 10 6 13 23% 73348 164652 35935 46%
c u  3.22 84 50 0 5 1087 7 7919 3141 1.5 16 10 6 13 23% 72419 164652 35935 46%
c v  3.23 84 50 0 5 1087 7 7919 3085 1.5 16 10 6 13 23% 72419 164652 35935 46%
c w  3.25 84 50 0 5 1087 7 7919 3084 1.5 16 10 6 13 23% 72419 164652 35935 46%
c x  3.26 84 50 0 5 1087 7 7919 3084 1.5 16 10 6 13 23% 72968 163658 35638 45%
c =  3.33 87 50 0 5 1087 7 7919 3084 1.5 16 10 6 13 23% 73345 163434 35357 45%
c d  3.34 87 50 0 5 1087 7 7919 3082 1.5 16 10 6 13 23% 71941 163364 34970 45%
c d  3.34 87 50 0 5 1087 7 7919 3082 1.5 16 10 6 13 23% 71915 163364 34957 45%
c
c seconds  switched   rate       size/glue  tier1     binary           remaining
c        MB reductions conflicts       size   tier2       irredundant
c         level  restarts   redundant     glue    trail           variables
c
c t  3.34 87 50 0 5 1087 7 7919 3082 1.5 16 10 6 13 23% 71889 163364 34957 45%
c b  3.35 87 50 0 5 1087 7 7919 3082 1.5 16 10 6 13 23% 71889 163364 34910 45%
c f  3.35 87 50 0 5 1087 7 7919 3082 1.5 16 10 6 13 23% 71655 163364 34959 45%
c c  3.40 93 50 0 5 1087 7 7919 3082 1.5 16 10 6 13 23% 70259 163075 34695 44%
c d  3.40 93 50 0 5 1087 7 7919 3082 1.5 16 10 6 13 23% 69722 163022 34695 44%
c d  3.41 93 50 0 5 1087 7 7919 3082 1.5 16 10 6 13 23% 69646 163022 34657 44%
c b  3.42 93 50 0 5 1087 7 7919 3082 1.5 16 10 6 13 23% 69646 163022 34546 44%
c u  3.43 94 50 0 5 1087 7 7919 3005 1.5 16 10 6 13 23% 69228 163022 34546 44%
c v  3.45 94 50 0 5 1087 7 7919 2976 1.5 16 10 6 13 23% 69228 163022 34546 44%
c w  3.46 94 50 0 5 1087 7 7919 2975 1.5 16 10 6 13 23% 69228 163022 34546 44%
c x  3.47 94 50 0 5 1087 7 7919 2975 1.5 16 10 6 13 23% 69467 162604 34378 44%
c =  3.53 99 50 0 5 1087 7 7919 2975 1.5 16 10 6 13 23% 69535 162514 34326 44%
c d  3.53 99 50 0 5 1087 7 7919 2975 1.5 16 10 6 13 23% 69052 162444 34109 44%
c d  3.54 99 50 0 5 1087 7 7919 2975 1.5 16 10 6 13 23% 68968 162444 34067 43%
c t  3.54 99 50 0 5 1087 7 7919 2975 1.5 16 10 6 13 23% 68962 162444 34064 43%
c b  3.55 99 50 0 5 1087 7 7919 2975 1.5 16 10 6 13 23% 68962 162444 33819 43%
c f  3.55 99 50 0 5 1087 7 7919 2975 1.5 16 10 6 13 23% 68792 162443 33832 43%
c i  3.56 105 50 0 5 1087 7 7919 2975 1.5 16 10 6 13 23% 68792 162443 33832 43%
c i  3.58 106 49 0 5 1138 7 8260 3297 1.5 16 10 6 13 23% 68792 162443 33829 43%
c i  3.63 107 49 0 5 1208 7 9055 4020 1.6 16 10 6 13 23% 68793 162429 33782 43%
c
c seconds   switched   rate       size/glue  tier1     binary           remaining
c         MB reductions conflicts       size   tier2       irredundant
c          level  restarts   redundant     glue    trail           variables
c
c i  3.63 108 49 0 5 1209 7 9065 4028 1.6 16 10 6 13 23% 68794 162429 33765 43%
c i  3.64 108 50 0 5 1211 7 9099 4055 1.6 16 10 6 13 23% 68797 162428 33741 43%
c i  3.64 108 50 0 5 1211 7 9100 4055 1.6 16 10 6 13 23% 68797 162428 33740 43%
c -  3.68 108 50 0 6 1281 7 9384 3090 1.5 16 10 6 13 23% 67246 162427 33740 43%
c o  3.75 109 43 0 6 1389 6 11586 4474 1.5 15 10 6 13 21% 67246 162427 33740 43%
c -  3.78 109 43 0 7 1452 6 11834 3502 1.5 15 10 6 12 22% 67246 162425 33740 43%
c 2  3.85 110 42 0 7 1642 6 12903 4505 1.5 16 11 6 12 22% 67249 162422 33737 43%
c s  3.88 110 42 0 7 1642 6 12903 4505 1.5 16 11 6 12 22% 67350 156189 33737 43%
c e  3.96 112 42 0 7 1642 6 12903 4505 1.5 16 11 6 12 22% 12367 163569 11018 14%
c 2  3.96 112 42 0 7 1642 6 12903 4505 1.5 16 11 6 12 22% 12293 163569 11018 14%
c s  4.00 112 42 0 7 1642 6 12903 4505 1.5 16 11 6 12 22% 12662 159316 11018 14%
c e  4.02 112 42 0 7 1642 6 12903 4505 1.5 16 11 6 12 22% 12208 159538 10742 14%
c ^  4.02 112 42 0 7 1642 6 12903 4505 1.5 16 11 6 12 22% 12208 159538 10742 14%
c i  4.03 112 43 0 7 1652 6 13130 2896 1.5 15 10 6 12 22% 12211 159538 10739 14%
c -  4.08 112 44 0 8 1728 6 14479 3043 1.5 15 10 6 13 22% 12225 159509 10739 14%
c c  4.15 118 45 0 8 1824 6 16187 4598 1.5 16 10 6 13 22% 12400 159364 10696 14%
c d  4.16 118 45 0 8 1824 6 16187 4598 1.5 16 10 6 13 22% 12315 159363 10696 14%
c d  4.16 118 45 0 8 1824 6 16187 4598 1.5 16 10 6 13 22% 12313 159362 10695 14%
c b  4.16 118 45 0 8 1824 6 16187 4598 1.5 16 10 6 13 22% 12313 159362 10691 14%
c u  4.18 119 45 0 8 1824 6 16187 4513 1.5 16 10 6 13 22% 12225 159362 10691 14%
c
c seconds   switched   rate        size/glue  tier1     binary           remaining
c         MB reductions  conflicts       size   tier2       irredundant
c          level  restarts    redundant     glue    trail           variables
c
c v  4.19 119 45 0 8 1824 6 16187 4483 1.5 16 10 6 13 22% 12225 159362 10691 14%
c w  4.20 119 45 0 8 1824 6 16187 4482 1.5 16 10 6 13 22% 12225 159362 10691 14%
c x  4.21 120 45 0 8 1824 6 16187 4482 1.5 16 10 6 13 22% 12256 159298 10580 13%
c =  4.30 124 45 0 8 1824 6 16187 4482 1.5 16 10 6 13 22% 12256 158935 10579 13%
c t  4.32 124 45 0 8 1824 6 16187 4482 1.5 16 10 6 13 22% 12340 158604 10557 13%
c f  4.34 124 45 0 8 1824 6 16187 4482 1.5 16 10 6 13 22% 12270 158098 10705 14%
c c  4.36 129 45 0 8 1824 6 16187 4482 1.5 16 10 6 13 22% 11888 158039 10693 14%
c d  4.36 129 45 0 8 1824 6 16187 4482 1.5 16 10 6 13 22% 11944 157959 10693 14%
c u  4.38 130 45 0 8 1824 6 16187 4412 1.5 16 10 6 13 22% 11931 157959 10693 14%
c v  4.39 130 45 0 8 1824 6 16187 4381 1.5 16 10 6 13 22% 11931 157959 10693 14%
c w  4.40 130 45 0 8 1824 6 16187 4378 1.5 16 10 6 13 22% 11931 157959 10693 14%
c =  4.47 134 45 0 8 1824 6 16187 4378 1.5 16 10 6 13 22% 11931 157882 10667 14%
c t  4.49 134 45 0 8 1824 6 16187 4378 1.5 16 10 6 13 22% 11904 157826 10667 14%
c f  4.50 134 45 0 8 1824 6 16187 4378 1.5 16 10 6 13 22% 11904 157824 10668 14%
c i  4.51 139 45 0 8 1824 6 16187 4378 1.5 16 10 6 13 22% 11904 157824 10668 14%
c -  4.52 141 43 0 9 1877 6 17307 3976 1.5 15 10 6 12 21% 11855 157820 10668 14%
c -  4.54 141 38 0 10 1884 5 20307 4439 1.5 15 10 6 11 19% 11855 157820 10668 14%
c -  4.57 141 35 0 11 1907 5 23469 4764 1.5 14 10 5 11 18% 11856 157820 10668 14%
c s  4.60 141 32 0 11 1916 4 25527 5986 1.5 14 9 5 11 17% 11922 156817 10668 14%
c e  4.63 144 32 0 11 1916 4 25527 5986 1.5 14 9 5 11 17% 9296 160951 8379 11%
c
c seconds   switched    rate        size/glue tier1     binary         remaining
c         MB  reductions  conflicts       size  tier2      irredundant
c          level   restarts    redundant    glue    trail         variables
c
c 2  4.63 144 32 0 11 1916 4 25527 5986 1.5 14 9 5 11 17% 9284 160951 8379 11%
c s  4.65 144 32 0 11 1916 4 25527 5986 1.5 14 9 5 11 17% 9440 160138 8379 11%
c e  4.66 144 32 0 11 1916 4 25527 5986 1.5 14 9 5 11 17% 9374 160227 8341 11%
c ^  4.66 144 32 0 11 1916 4 25527 5986 1.5 14 9 5 11 17% 9374 160227 8341 11%
c o  4.67 144 32 0 11 1916 4 25527 5552 1.5 14 9 5 11 17% 9374 160227 8341 11%
c i  4.67 144 33 0 11 1916 4 25551 5570 1.5 14 9 5 11 17% 9378 160225 8340 11%
c i  4.67 144 33 0 11 1916 4 25562 5574 1.5 14 9 5 11 17% 9378 160225 8338 11%
c i  4.67 144 33 0 11 1916 4 25564 5574 1.5 14 9 5 11 17% 9379 160224 8337 11%
c -  4.73 146 34 0 12 2159 5 26785 5166 1.5 14 10 5 11 17% 9376 160179 8334 11%
c c  4.78 144 35 0 12 2281 5 27418 5767 1.5 14 10 5 11 17% 9463 160167 8331 11%
c d  4.78 144 35 0 12 2281 5 27418 5767 1.5 14 10 5 11 17% 9457 160167 8331 11%
c u  4.80 144 35 0 12 2281 5 27418 5705 1.5 14 10 5 11 17% 9455 160167 8331 11%
c v  4.81 144 35 0 12 2281 5 27418 5687 1.5 14 10 5 11 17% 9455 160167 8331 11%
c w  4.81 144 35 0 12 2281 5 27418 5684 1.5 14 10 5 11 17% 9455 160167 8331 11%
c =  4.84 146 35 0 12 2281 5 27418 5684 1.5 14 10 5 11 17% 9455 160155 8326 11%
c t  4.85 146 35 0 12 2281 5 27418 5684 1.5 14 10 5 11 17% 9338 160132 8326 11%
c f  4.86 146 35 0 12 2281 5 27418 5684 1.5 14 10 5 11 17% 9317 159904 8370 11%
c u  4.88 146 35 0 12 2281 5 27418 5673 1.5 14 10 5 11 17% 9317 159904 8370 11%
c v  4.88 146 35 0 12 2281 5 27418 5660 1.5 14 10 5 11 17% 9317 159904 8370 11%
c w  4.89 146 35 0 12 2281 5 27418 5660 1.5 14 10 5 11 17% 9317 159904 8370 11%
c
c seconds   switched    rate        size/glue  tier1     binary         remaining
c         MB  reductions  conflicts       size   tier2      irredundant
c          level   restarts    redundant     glue    trail         variables
c
c =  4.93 133 35 0 12 2281 5 27418 5660 1.5 14 10 5 11 17% 9317 159884 8362 11%
c t  4.95 133 35 0 12 2281 5 27418 5660 1.5 14 10 5 11 17% 9342 159846 8362 11%
c f  4.96 133 35 0 12 2281 5 27418 5660 1.5 14 10 5 11 17% 9361 159711 8390 11%
c -  5.06 131 37 0 13 2606 5 30250 6085 1.5 14 10 5 11 17% 9320 159706 8390 11%
c -  5.23 132 39 0 14 3192 5 33856 6951 1.5 15 10 5 11 17% 9324 159696 8390 11%
c -  5.26 132 36 0 15 3210 5 37597 7581 1.5 14 10 5 11 16% 9326 159696 8390 11%
c i  5.29 132 33 0 15 3210 4 40983 9400 1.5 14 9 5 11 16% 9332 159696 8389 11%
c -  5.31 132 34 0 16 3291 4 41469 5704 1.5 14 9 5 10 16% 9326 159695 8389 11%
c c  5.35 132 34 0 16 3380 4 41878 6097 1.5 14 9 5 10 16% 9334 159675 8385 11%
c d  5.35 132 34 0 16 3380 4 41878 6097 1.5 14 9 5 10 16% 9328 159673 8385 11%
c u  5.37 132 34 0 16 3380 4 41878 6041 1.5 14 9 5 10 16% 9328 159673 8385 11%
c v  5.38 132 34 0 16 3380 4 41878 5773 1.5 14 9 5 10 16% 9328 159673 8385 11%
c w  5.39 132 34 0 16 3380 4 41878 5772 1.5 14 9 5 10 16% 9328 159673 8385 11%
c =  5.44 133 34 0 16 3380 4 41878 5772 1.5 14 9 5 10 16% 9350 159651 8375 11%
c d  5.44 133 34 0 16 3380 4 41878 5770 1.5 14 9 5 10 16% 9326 159651 8375 11%
c t  5.45 133 34 0 16 3380 4 41878 5770 1.5 14 9 5 10 16% 9307 159651 8375 11%
c f  5.47 133 34 0 16 3380 4 41878 5770 1.5 14 9 5 10 16% 9321 159575 8392 11%
c u  5.49 133 34 0 16 3380 4 41878 5589 1.5 14 9 5 10 16% 9321 159575 8392 11%
c v  5.51 133 34 0 16 3380 4 41878 5556 1.5 14 9 5 10 16% 9321 159575 8392 11%
c w  5.53 133 34 0 16 3380 4 41878 5553 1.5 14 9 5 10 16% 9321 159575 8392 11%
c
c seconds   switched    rate        size/glue tier1     binary         remaining
c         MB  reductions  conflicts       size  tier2      irredundant
c          level   restarts    redundant    glue    trail         variables
c
c =  5.58 133 34 0 16 3380 4 41878 5553 1.5 14 9 5 10 16% 9335 159561 8385 11%
c d  5.58 133 34 0 16 3380 4 41878 5553 1.5 14 9 5 10 16% 9316 159561 8385 11%
c t  5.59 133 34 0 16 3380 4 41878 5553 1.5 14 9 5 10 16% 9313 159561 8385 11%
c f  5.60 133 34 0 16 3380 4 41878 5553 1.5 14 9 5 10 16% 9313 159558 8386 11%
c i  5.63 133 34 0 16 3520 5 42616 6253 1.5 14 9 5 10 16% 9314 159558 8385 11%
c -  5.74 133 35 0 17 3965 5 45469 6804 1.5 14 9 5 10 16% 9315 159555 8385 11%
c o  5.76 133 35 0 17 3987 5 45543 6877 1.5 14 9 5 10 16% 9315 159555 8385 11%
c -  5.81 114 33 0 18 4031 4 49592 7887 1.5 14 9 5 10 15% 9317 159555 8385 11%
c i  5.82 114 32 0 18 4031 4 50400 8145 1.5 13 9 5 10 15% 9325 159555 8383 11%
c i  5.82 114 32 0 18 4031 4 50406 8149 1.5 13 9 5 10 15% 9326 159555 8379 11%
c s  5.94 115 33 0 18 4413 5 52884 10303 1.5 14 9 5 10 15% 9353 157080 8377 11%
c e  5.97 117 33 0 18 4413 5 52884 10303 1.5 14 9 5 10 15% 8156 160085 7316 9%
c 2  5.97 117 33 0 18 4413 5 52884 10303 1.5 14 9 5 10 15% 8151 160085 7316 9%
c s  6.00 117 33 0 18 4413 5 52884 10303 1.5 14 9 5 10 15% 8239 158177 7316 9%
c e  6.02 117 33 0 18 4413 5 52884 10303 1.5 14 9 5 10 15% 8188 158273 7283 9%
c ^  6.02 117 33 0 18 4413 5 52884 10303 1.5 14 9 5 10 15% 8188 158273 7283 9%
c -  6.06 117 33 0 19 4488 5 53834 5292 1.5 14 9 5 10 15% 8205 158253 7283 9%
c i  6.14 116 33 0 19 4802 5 56361 7638 1.5 14 9 5 10 15% 8207 158249 7281 9%
c -  6.20 116 36 0 20 4900 5 58192 6955 1.5 14 9 5 10 16% 8198 158246 7277 9%
c d  6.24 117 35 0 20 5023 5 59669 7962 1.5 14 9 5 10 16% 8209 158210 7275 9%
c
c seconds   switched    rate        size/glue tier1     binary        remaining
c         MB  reductions  conflicts       size  tier2      irredundant
c          level   restarts    redundant    glue    trail         variables
c
c d  6.24 117 35 0 20 5023 5 59669 7962 1.5 14 9 5 10 16% 8207 158210 7274 9%
c b  6.24 117 35 0 20 5023 5 59669 7962 1.5 14 9 5 10 16% 8207 158210 7273 9%
c u  6.26 117 35 0 20 5023 5 59669 7837 1.5 14 9 5 10 16% 8205 158210 7273 9%
c v  6.27 117 35 0 20 5023 5 59669 7757 1.5 14 9 5 10 16% 8205 158210 7273 9%
c w  6.28 117 35 0 20 5023 5 59669 7754 1.5 14 9 5 10 16% 8205 158210 7273 9%
c =  6.38 118 35 0 20 5023 5 59669 7754 1.5 14 9 5 10 16% 8281 158110 7238 9%
c d  6.38 118 35 0 20 5023 5 59669 7751 1.5 14 9 5 10 16% 8185 158110 7238 9%
c t  6.39 118 35 0 20 5023 5 59669 7751 1.5 14 9 5 10 16% 8120 158110 7236 9%
c f  6.41 118 35 0 20 5023 5 59669 7751 1.5 14 9 5 10 16% 8312 156812 7383 9%
c c  6.44 118 35 0 20 5023 5 59669 7751 1.5 14 9 5 10 16% 8340 156802 7382 9%
c d  6.44 119 35 0 20 5023 5 59669 7751 1.5 14 9 5 10 16% 8344 156796 7382 9%
c u  6.46 119 35 0 20 5023 5 59669 7661 1.5 14 9 5 10 16% 8341 156796 7382 9%
c v  6.48 119 35 0 20 5023 5 59669 7588 1.5 14 9 5 10 16% 8341 156796 7382 9%
c w  6.49 119 35 0 20 5023 5 59669 7583 1.5 14 9 5 10 16% 8341 156796 7382 9%
c =  6.58 117 35 0 20 5023 5 59669 7583 1.5 14 9 5 10 16% 8478 156601 7317 9%
c d  6.58 117 35 0 20 5023 5 59669 7580 1.5 14 9 5 10 16% 8306 156601 7317 9%
c t  6.59 117 35 0 20 5023 5 59669 7580 1.5 14 9 5 10 16% 8249 156601 7317 9%
c -  6.75 84 36 0 21 5655 5 62664 7891 1.5 14 9 5 10 16% 8251 156600 7317 9%
c -  6.92 85 38 0 22 6117 5 67246 9011 1.5 14 9 5 10 16% 8263 156587 7317 9%
c i  7.03 85 39 0 22 6438 5 69196 10831 1.5 14 9 5 10 16% 8273 156582 7316 9%
c
c seconds  switched    rate         size/glue  tier1     binary        remaining
c        MB  reductions  conflicts        size   tier2      irredundant
c         level   restarts     redundant     glue    trail         variables
c
c i  7.07 85 39 0 22 6576 5 70078 11660 1.5 14 10 5 10 16% 8275 156581 7315 9%
c -  7.14 85 39 0 23 6856 5 71937 10075 1.5 14 10 5 11 16% 8261 156574 7312 9%
c -  7.18 85 37 0 24 6880 5 76732 10655 1.5 14 9 5 10 16% 8262 156574 7312 9%
c d  7.22 85 35 0 24 6951 4 80898 13168 1.5 14 9 5 10 15% 8265 156523 7308 9%
c b  7.23 85 35 0 24 6951 4 80898 13168 1.5 14 9 5 10 15% 8265 156523 7307 9%
c u  7.24 86 35 0 24 6951 4 80898 13026 1.5 14 9 5 10 15% 8264 156523 7307 9%
c v  7.26 86 35 0 24 6951 4 80898 12744 1.5 14 9 5 10 15% 8264 156523 7307 9%
c w  7.27 86 35 0 24 6951 4 80898 12532 1.5 14 9 5 10 15% 8264 156523 7307 9%
c =  7.35 87 35 0 24 6951 4 80898 12532 1.5 14 9 5 10 15% 8384 156387 7250 9%
c d  7.36 87 35 0 24 6951 4 80898 12529 1.5 14 9 5 10 15% 8239 156384 7250 9%
c t  7.36 87 35 0 24 6951 4 80898 12529 1.5 14 9 5 10 15% 8199 156384 7250 9%
c u  7.41 87 35 0 24 6951 4 80898 12351 1.5 14 9 5 10 15% 8204 156384 7250 9%
c v  7.44 87 35 0 24 6951 4 80898 12281 1.5 14 9 5 10 15% 8204 156384 7250 9%
c w  7.44 87 35 0 24 6951 4 80898 12269 1.5 14 9 5 10 15% 8204 156384 7250 9%
c =  7.52 91 35 0 24 6951 4 80898 12269 1.5 14 9 5 10 15% 8319 156237 7195 9%
c d  7.53 91 35 0 24 6951 4 80898 12264 1.5 14 9 5 10 15% 8169 156237 7195 9%
c t  7.53 91 35 0 24 6951 4 80898 12264 1.5 14 9 5 10 15% 8149 156237 7195 9%
c o  7.54 91 35 0 24 6951 4 80898 12264 1.5 14 9 5 10 15% 8149 156237 7195 9%
c i  7.55 91 35 0 24 6951 4 81015 12344 1.5 14 9 5 10 15% 8156 156234 7191 9%
c -  7.57 67 35 0 25 7087 4 81630 11079 1.5 14 9 5 10 15% 8127 156233 7182 9%
c
c seconds  switched    rate         size/glue  tier1     binary        remaining
c        MB  reductions  conflicts        size   tier2      irredundant
c         level   restarts     redundant     glue    trail         variables
c
c -  7.81 69 37 0 26 7991 5 86630 12607 1.5 14 10 5 10 16% 8135 156223 7182 9%
c -  8.06 76 38 0 27 8690 5 91729 13795 1.5 14 10 5 11 16% 8141 156216 7182 9%
c s  8.35 78 39 0 27 9485 5 96918 18627 1.5 15 10 5 11 16% 8184 154930 7182 9%
c e  8.38 80 39 0 27 9485 5 96918 18627 1.5 15 10 5 11 16% 7162 159080 6257 8%
c 2  8.38 80 39 0 27 9485 5 96918 18627 1.5 15 10 5 11 16% 7152 159080 6257 8%
c s  8.44 80 39 0 27 9485 5 96918 18627 1.5 15 10 5 11 16% 7217 157562 6257 8%
c e  8.45 80 39 0 27 9485 5 96918 18627 1.5 15 10 5 11 16% 7137 157811 6208 8%
c ^  8.45 80 39 0 27 9485 5 96918 18627 1.5 15 10 5 11 16% 7137 157811 6208 8%
c -  8.47 80 39 0 28 9485 5 96926 13143 1.5 15 10 5 11 16% 7142 157806 6208 8%
c i  8.59 82 39 0 28 9905 5 99588 15473 1.5 15 10 5 11 16% 7145 157800 6207 8%
c -  8.69 83 40 0 29 10183 5 102217 14021 1.5 15 10 5 11 17% 7147 157797 6207 8%
c d  8.83 85 40 0 29 10542 5 105705 17077 1.5 15 10 5 11 17% 7144 156369 6203 8%
c u  8.86 85 40 0 29 10542 5 105705 16923 1.5 15 10 5 11 17% 7139 156369 6203 8%
c v  8.92 85 40 0 29 10542 5 105705 16865 1.5 15 10 5 11 17% 7139 156369 6203 8%
c w  8.93 85 40 0 29 10542 5 105705 16856 1.5 15 10 5 11 17% 7139 156369 6203 8%
c x  8.96 86 40 0 29 10542 5 105705 16846 1.5 15 10 5 11 17% 7139 156134 6203 8%
c =  9.10 88 40 0 29 10542 5 105705 16846 1.5 15 10 5 11 17% 7317 155887 6116 8%
c d  9.10 88 40 0 29 10542 5 105705 16841 1.5 15 10 5 11 17% 7112 155874 6116 8%
c t  9.11 88 40 0 29 10542 5 105705 16841 1.5 15 10 5 11 17% 7000 155874 6116 8%
c f  9.14 88 40 0 29 10542 5 105705 16841 1.5 15 10 5 11 17% 7030 155507 6145 8%
c
c seconds  switched     rate          size/glue  tier1     binary        remaining
c        MB  reductions   conflicts         size   tier2      irredundant
c         level   restarts       redundant     glue    trail         variables
c
c u  9.20 95 40 0 29 10542 5 105705 16491 1.5 15 10 5 11 17% 7078 155507 6145 8%
c v  9.25 95 40 0 29 10542 5 105705 16382 1.5 15 10 5 11 17% 7078 155507 6145 8%
c w  9.27 96 40 0 29 10542 5 105705 16372 1.5 15 10 5 11 17% 7078 155507 6145 8%
c =  9.40 99 40 0 29 10542 5 105705 16372 1.5 15 10 5 11 17% 7107 155470 6131 8%
c d  9.41 99 40 0 29 10542 5 105705 16372 1.5 15 10 5 11 17% 7072 155470 6131 8%
c t  9.41 99 40 0 29 10542 5 105705 16372 1.5 15 10 5 11 17% 7037 155470 6131 8%
c f  9.42 99 40 0 29 10542 5 105705 16372 1.5 15 10 5 11 17% 7036 155462 6132 8%
c -  9.53 107 40 0 30 10861 5 107603 14353 1.5 15 10 5 11 17% 7039 155461 6132 8%
c -  9.78 108 40 0 31 11687 5 113080 15341 1.5 15 10 5 11 17% 7041 155457 6132 8%
c i  9.94 101 41 0 31 12021 5 117232 19165 1.5 16 10 5 11 17% 7047 155450 6131 8%
c -  9.98 101 40 0 32 12105 5 118647 14294 1.5 16 10 4 11 17% 7045 155449 6131 8%
c - 10.03 101 38 0 33 12122 5 124304 13935 1.5 15 10 4 11 17% 7051 155449 6131 8%
c i 10.03 101 38 0 33 12122 5 124340 13938 1.5 15 10 4 11 17% 7055 155449 6129 8%
c o 10.03 101 38 0 33 12122 5 124340 13938 1.5 15 10 4 11 17% 7055 155449 6129 8%
c - 10.22 102 41 0 34 12716 5 130048 12969 1.5 15 10 4 11 17% 7055 155439 6129 8%
c d 10.38 103 41 0 34 13028 5 134158 16453 1.5 15 10 4 11 17% 7057 153898 6125 8%
c b 10.39 103 41 0 34 13028 5 134158 16453 1.5 15 10 4 11 17% 7057 153898 6117 8%
c u 10.41 103 41 0 34 13028 5 134158 16238 1.5 15 10 4 11 17% 7058 153898 6117 8%
c v 10.44 103 41 0 34 13028 5 134158 15904 1.5 15 10 4 11 17% 7058 153898 6117 8%
c w 10.45 103 41 0 34 13028 5 134158 15902 1.5 15 10 4 11 17% 7058 153898 6117 8%
c
c seconds   switched     rate          size/glue  tier1     binary        remaining
c         MB  reductions   conflicts         size   tier2      irredundant
c          level   restarts       redundant     glue    trail         variables
c
c x 10.47 103 41 0 34 13028 5 134158 15893 1.5 15 10 4 11 17% 7076 153621 6117 8%
c t 10.58 105 41 0 34 13028 5 134158 15893 1.5 15 10 4 11 17% 7069 153621 6117 8%
c f 10.59 105 41 0 34 13028 5 134158 15893 1.5 15 10 4 11 17% 7071 153603 6118 8%
c u 10.62 97 41 0 34 13028 5 134158 15610 1.5 15 10 4 11 17% 7071 153603 6118 8%
c v 10.64 97 41 0 34 13028 5 134158 15429 1.5 15 10 4 11 17% 7071 153603 6118 8%
c w 10.65 97 41 0 34 13028 5 134158 15428 1.5 15 10 4 11 17% 7071 153603 6118 8%
c x 10.68 97 41 0 34 13028 5 134158 15425 1.5 15 10 4 11 17% 7071 153401 6118 8%
c f 10.70 97 41 0 34 13028 5 134158 15425 1.5 15 10 4 11 17% 7074 153300 6120 8%
c - 10.79 97 41 0 35 13322 5 135878 13438 1.5 15 10 4 12 17% 7049 153295 6120 8%
c - 10.99 98 40 0 36 13684 5 141796 14635 1.5 16 10 4 12 17% 7051 153284 6120 8%
c - 11.17 99 40 0 37 14159 5 147797 16553 1.5 16 10 5 12 17% 7056 153282 6120 8%
c i 11.39 102 40 0 37 14696 5 153869 21563 1.5 16 10 5 12 17% 7065 153265 6119 8%
c - 11.39 89 40 0 38 14697 5 153879 16365 1.5 16 10 4 12 17% 7063 153265 6119 8%
c s 11.67 91 40 0 38 15306 5 159472 21308 1.5 16 10 4 12 17% 7103 151195 6119 8%
c e 11.71 93 40 0 38 15306 5 159472 21308 1.5 16 10 4 12 17% 6309 155934 5478 7%
c 2 11.71 93 40 0 38 15306 5 159472 21308 1.5 16 10 4 12 17% 6301 155934 5478 7%
c s 11.77 93 40 0 38 15306 5 159472 21308 1.5 16 10 4 12 17% 6382 153472 5478 7%
c e 11.78 93 40 0 38 15306 5 159472 21308 1.5 16 10 4 12 17% 6277 153983 5414 7%
c ^ 11.78 93 40 0 38 15306 5 159472 21308 1.5 16 10 4 12 17% 6277 153983 5414 7%
c - 11.82 93 40 0 39 15345 5 160044 14861 1.5 16 10 4 12 17% 6279 153981 5414 7%
c
c seconds  switched     rate          size/glue  tier1     binary        remaining
c        MB  reductions   conflicts         size   tier2      irredundant
c         level   restarts       redundant     glue    trail         variables
c
c i 11.90 93 39 0 39 15472 5 163709 18202 1.5 16 10 4 12 18% 6279 153981 5413 7%
c - 11.97 94 39 0 40 15503 5 166288 17394 1.5 16 10 5 12 18% 6275 153977 5413 7%
c b 11.98 94 39 0 40 15503 5 166352 17448 1.6 16 10 5 12 18% 6283 153942 5409 7%
c u 12.00 94 39 0 40 15503 5 166352 16676 1.6 16 10 5 12 18% 6276 153942 5409 7%
c v 12.06 94 39 0 40 15503 5 166352 16508 1.6 16 10 5 12 18% 6276 153942 5409 7%
c w 12.07 94 39 0 40 15503 5 166352 16507 1.6 16 10 5 12 18% 6276 153942 5409 7%
c x 12.09 94 39 0 40 15503 5 166352 16506 1.6 16 10 5 12 18% 6292 153903 5409 7%
c = 12.23 80 39 0 40 15503 5 166352 16506 1.6 16 10 5 12 18% 6319 153871 5396 7%
c d 12.23 80 39 0 40 15503 5 166352 16506 1.6 16 10 5 12 18% 6285 153871 5396 7%
c t 12.24 80 39 0 40 15503 5 166352 16506 1.6 16 10 5 12 18% 6214 153871 5390 7%
c f 12.27 80 39 0 40 15503 5 166352 16506 1.6 16 10 5 12 18% 6217 153454 5411 7%
c b 12.28 85 39 0 40 15503 5 166352 16505 1.6 16 10 5 12 18% 6225 153417 5409 7%
c u 12.32 87 39 0 40 15503 5 166352 16062 1.6 16 10 5 12 18% 6226 153417 5409 7%
c v 12.35 87 39 0 40 15503 5 166352 15922 1.6 16 10 5 12 18% 6226 153417 5409 7%
c w 12.35 87 39 0 40 15503 5 166352 15920 1.6 16 10 5 12 18% 6226 153417 5409 7%
c = 12.49 90 39 0 40 15503 5 166352 15920 1.6 16 10 5 12 18% 6228 153406 5407 7%
c d 12.50 90 39 0 40 15503 5 166352 15920 1.6 16 10 5 12 18% 6236 153387 5407 7%
c t 12.50 90 39 0 40 15503 5 166352 15920 1.6 16 10 5 12 18% 6233 153387 5406 7%
c - 12.79 89 40 0 41 16215 5 172612 16310 1.6 16 10 4 12 18% 6180 153383 5406 7%
c o 12.85 89 41 0 41 16393 5 174353 17827 1.6 16 10 4 12 18% 6180 153382 5406 7%
c
c seconds  switched     rate          size/glue  tier1     binary        remaining
c        MB  reductions   conflicts         size   tier2      irredundant
c         level   restarts       redundant     glue    trail         variables
c
c i 12.88 90 41 0 41 16517 5 174956 18400 1.6 16 10 4 12 18% 6180 153382 5402 7%
c - 13.03 71 41 0 42 16878 5 179016 16851 1.6 16 11 4 12 18% 6167 153378 5402 7%
c i 13.14 74 42 0 42 17107 5 181806 19438 1.6 17 11 4 12 18% 6172 153371 5392 7%
c - 13.27 75 42 0 43 17376 5 185496 17726 1.6 17 11 4 12 19% 6171 153364 5392 7%
c i 13.32 75 43 0 43 17392 5 187019 19114 1.6 17 11 4 12 19% 6174 153364 5390 7%
c - 13.52 78 42 0 44 17953 5 192053 18540 1.6 17 11 4 12 19% 6173 153360 5390 7%
c - 13.75 79 41 0 45 18230 5 198687 19143 1.6 17 11 4 11 19% 6175 153359 5390 7%
c c 13.90 83 41 0 45 18765 5 202393 22291 1.6 17 11 4 11 19% 6223 153190 5389 7%
c d 13.90 83 41 0 45 18765 5 202393 22291 1.6 17 11 4 11 19% 6259 153152 5389 7%
c d 13.91 83 41 0 45 18765 5 202393 22291 1.6 17 11 4 11 19% 6257 153148 5388 7%
c b 13.91 83 41 0 45 18765 5 202393 22291 1.6 17 11 4 11 19% 6257 153148 5384 7%
c u 13.94 84 41 0 45 18765 5 202393 22097 1.6 17 11 4 11 19% 6256 153148 5384 7%
c v 13.97 85 41 0 45 18765 5 202393 22011 1.6 17 11 4 11 19% 6257 153148 5384 7%
c w 13.99 85 41 0 45 18765 5 202393 22007 1.6 17 11 4 11 19% 6257 153148 5384 7%
c x 14.02 86 41 0 45 18765 5 202393 22006 1.6 17 11 4 11 19% 6261 152662 5384 7%
c = 14.19 88 41 0 45 18765 5 202393 22006 1.6 17 11 4 11 19% 6271 152652 5379 7%
c d 14.19 88 41 0 45 18765 5 202393 22004 1.6 17 11 4 11 19% 6259 152652 5379 7%
c t 14.20 88 41 0 45 18765 5 202393 22004 1.6 17 11 4 11 19% 6225 152652 5378 7%
c u 14.27 88 41 0 45 18765 5 202393 21803 1.6 17 11 4 11 19% 6228 152643 5378 7%
c v 14.30 88 41 0 45 18765 5 202393 21363 1.6 17 11 4 11 19% 6228 152643 5378 7%
c
c seconds  switched     rate          size/glue  tier1     binary        remaining
c        MB  reductions   conflicts         size   tier2      irredundant
c         level   restarts       redundant     glue    trail         variables
c
c w 14.32 88 41 0 45 18765 5 202393 21357 1.6 17 11 4 11 19% 6228 152643 5378 7%
c x 14.34 88 41 0 45 18765 5 202393 21351 1.6 17 11 4 11 19% 6228 152440 5378 7%
c = 14.52 88 41 0 45 18765 5 202393 21351 1.6 17 11 4 11 19% 6256 152400 5365 7%
c d 14.52 88 41 0 45 18765 5 202393 21351 1.6 17 11 4 11 19% 6223 152400 5365 7%
c t 14.52 88 41 0 45 18765 5 202393 21351 1.6 17 11 4 11 19% 6214 152400 5365 7%
c i 14.61 90 41 0 45 18843 5 204459 23236 1.6 17 11 4 11 19% 6217 152399 5326 7%
c - 14.65 83 41 0 46 18982 5 205396 19065 1.6 17 11 4 12 19% 6136 152394 5326 7%
c - 14.92 84 41 0 47 19653 5 212179 19940 1.6 17 11 4 12 19% 6140 152383 5326 7%
c i 14.98 84 42 0 47 19725 5 214887 22294 1.6 17 11 4 12 19% 6148 152383 5323 7%
c - 15.12 85 42 0 48 19874 5 219036 21324 1.6 17 11 4 12 19% 6136 152375 5323 7%
c - 15.33 88 42 0 49 20336 4 225964 22374 1.6 17 11 4 12 19% 6142 152367 5323 7%
c - 15.55 81 41 0 50 20661 4 232966 23130 1.6 17 11 4 12 19% 6147 152355 5323 7%
c o 15.60 81 41 0 50 20760 4 234393 24353 1.6 17 11 4 12 19% 6149 152355 5323 7%
c i 15.72 83 41 0 50 21353 4 237419 27006 1.6 17 11 4 12 19% 6154 152351 5314 7%
c - 15.83 83 41 0 51 21604 4 240037 23383 1.6 17 11 4 12 19% 6145 152349 5314 7%
c s 15.98 86 42 0 51 21650 4 242192 25190 1.6 17 11 4 12 19% 6184 150509 5314 7%
c e 16.02 89 42 0 51 21650 4 242192 25190 1.6 17 11 4 12 19% 5324 159434 4588 6%
c 2 16.02 89 42 0 51 21650 4 242192 25190 1.6 17 11 4 12 19% 5321 159434 4588 6%
c s 16.11 89 42 0 51 21650 4 242192 25190 1.6 17 11 4 12 19% 5389 155764 4583 6%
c e 16.13 89 42 0 51 21650 4 242192 25190 1.6 17 11 4 12 19% 5288 156744 4507 6%
c
c seconds  switched     rate          size/glue  tier1     binary        remaining
c        MB  reductions   conflicts         size   tier2      irredundant
c         level   restarts       redundant     glue    trail         variables
c
c ! 16.13 77 42 0 51 21650 4 242192 25190 1.6 17 11 4 12 19% 5288 156744 4507 6%
c b 16.15 77 42 0 51 21650 4 242330 20050 1.6 17 11 4 12 19% 5329 156704 4501 6%
c u 16.17 77 42 0 51 21650 4 242330 19774 1.6 17 11 4 12 19% 5325 156704 4501 6%
c v 16.21 77 42 0 51 21650 4 242330 19594 1.6 17 11 4 12 19% 5325 156704 4501 6%
c w 16.22 77 42 0 51 21650 4 242330 19560 1.6 17 11 4 12 19% 5325 156704 4501 6%
c x 16.26 78 42 0 51 21650 4 242330 19559 1.6 17 11 4 12 19% 5330 156550 4501 6%
c = 16.44 80 42 0 51 21650 4 242330 19559 1.6 17 11 4 12 19% 5373 156456 4479 6%
c d 16.45 80 42 0 51 21650 4 242330 19558 1.6 17 11 4 12 19% 5320 156454 4478 6%
c t 16.45 80 42 0 51 21650 4 242330 19558 1.6 17 11 4 12 19% 5249 156454 4478 6%
c f 16.49 80 42 0 51 21650 4 242330 19558 1.6 17 11 4 12 19% 5277 154437 4565 6%
c u 16.53 88 42 0 51 21650 4 242330 19299 1.6 17 11 4 12 19% 5282 154437 4565 6%
c v 16.57 88 42 0 51 21650 4 242330 19128 1.6 17 11 4 12 19% 5282 154437 4565 6%
c w 16.59 88 42 0 51 21650 4 242330 19113 1.6 17 11 4 12 19% 5282 154437 4565 6%
c x 16.63 88 42 0 51 21650 4 242330 19111 1.6 17 11 4 12 19% 5282 154437 4565 6%
c = 16.80 88 42 0 51 21650 4 242330 19111 1.6 17 11 4 12 19% 5286 154432 4563 6%
c d 16.80 88 42 0 51 21650 4 242330 19111 1.6 17 11 4 12 19% 5280 154432 4563 6%
c t 16.81 88 42 0 51 21650 4 242330 19111 1.6 17 11 4 12 19% 5279 154432 4563 6%
c f 16.85 88 42 0 51 21650 4 242330 19111 1.6 17 11 4 12 19% 5280 154397 4565 6%
c i 16.93 88 42 0 51 21822 4 244425 20988 1.6 17 11 4 12 19% 5284 154395 4564 6%
c - 17.05 80 42 0 52 21970 4 247179 19329 1.6 17 11 4 12 19% 5252 154338 4562 6%
c
c seconds  switched     rate          size/glue  tier1     binary        remaining
c        MB  reductions   conflicts         size   tier2      irredundant
c         level   restarts       redundant     glue    trail         variables
c
c - 17.24 80 43 0 53 22226 4 254391 21524 1.6 17 10 4 12 19% 5253 154332 4562 6%
c - 17.47 80 43 0 54 22507 4 261671 23176 1.6 17 10 4 11 19% 5254 154327 4562 6%
c - 17.75 80 44 0 55 23199 4 269021 24165 1.6 17 10 4 11 19% 5257 154320 4562 6%
c - 18.04 79 44 0 56 23953 4 276439 24555 1.6 17 10 4 11 20% 5261 154307 4562 6%
c i 18.11 79 41 0 56 23960 4 283179 29187 1.6 17 10 4 11 19% 5272 154307 4561 6%
c - 18.15 80 42 0 57 23998 4 283923 22618 1.6 17 10 4 11 19% 5258 154307 4561 6%
c d 18.24 81 42 0 57 24161 4 286281 24831 1.6 17 10 4 11 19% 5260 154292 4560 6%
c b 18.25 81 42 0 57 24161 4 286281 24831 1.6 17 10 4 11 19% 5260 154292 4558 6%
c u 18.28 82 42 0 57 24161 4 286281 24683 1.6 17 10 4 11 19% 5260 154292 4558 6%
c v 18.31 82 42 0 57 24161 4 286281 24470 1.6 17 10 4 11 19% 5262 154292 4558 6%
c w 18.32 82 42 0 57 24161 4 286281 24467 1.6 17 10 4 11 19% 5262 154292 4558 6%
c x 18.38 83 42 0 57 24161 4 286281 24459 1.6 17 10 4 11 19% 5269 154261 4558 6%
c = 18.57 85 42 0 57 24161 4 286281 24459 1.6 17 10 4 11 19% 5275 154220 4549 6%
c d 18.57 85 42 0 57 24161 4 286281 24459 1.6 17 10 4 11 19% 5270 154193 4549 6%
c t 18.58 85 42 0 57 24161 4 286281 24459 1.6 17 10 4 11 19% 5267 154193 4549 6%
c u 18.64 85 42 0 57 24161 4 286281 24280 1.6 17 10 4 11 19% 5267 154193 4549 6%
c v 18.68 85 42 0 57 24161 4 286281 24225 1.6 17 10 4 11 19% 5267 154193 4549 6%
c w 18.69 85 42 0 57 24161 4 286281 24220 1.6 17 10 4 11 19% 5267 154193 4549 6%
c x 18.72 85 42 0 57 24161 4 286281 24218 1.6 17 10 4 11 19% 5267 154192 4549 6%
c = 18.91 73 42 0 57 24161 4 286281 24218 1.6 17 10 4 11 19% 5281 154175 4543 6%
c
c seconds  switched     rate          size/glue  tier1     binary        remaining
c        MB  reductions   conflicts         size   tier2      irredundant
c         level   restarts       redundant     glue    trail         variables
c
c d 18.91 73 42 0 57 24161 4 286281 24218 1.6 17 10 4 11 19% 5266 154175 4543 6%
c t 18.92 73 42 0 57 24161 4 286281 24218 1.6 17 10 4 11 19% 5264 154175 4543 6%
c - 19.18 75 42 0 58 24630 4 291472 23543 1.7 17 10 4 11 19% 5245 154172 4543 6%
c - 19.46 76 41 0 59 25127 4 299087 24989 1.7 17 10 4 11 19% 5253 154159 4543 6%
c o 19.65 80 41 0 59 25634 4 304449 29882 1.7 17 10 4 11 19% 5253 154151 4543 6%
c - 19.76 82 41 0 60 25933 4 306770 25765 1.7 17 10 4 11 19% 5255 154149 4543 6%
c - 20.01 86 41 0 61 26470 4 314517 26305 1.7 17 10 4 11 19% 5263 154135 4543 6%
c - 20.25 87 41 0 62 26719 4 322330 28090 1.7 17 10 4 11 19% 5266 154131 4543 6%
c - 20.50 88 40 0 63 26964 4 330204 29665 1.7 18 10 4 11 20% 5270 154120 4543 6%
c i 20.63 91 40 0 63 27344 4 333106 32204 1.7 18 10 4 11 20% 5272 154116 4529 6%
c c 20.68 97 39 0 63 27382 4 334285 33276 1.7 18 10 4 11 20% 5299 153982 4527 6%
c d 20.68 97 39 0 63 27382 4 334285 33274 1.7 18 10 4 11 20% 5319 153958 4527 6%
c u 20.74 99 39 0 63 27382 4 334285 33126 1.7 18 10 4 11 20% 5319 153958 4527 6%
c v 20.78 99 39 0 63 27382 4 334285 32984 1.7 18 10 4 11 20% 5320 153958 4527 6%
c w 20.80 100 39 0 63 27382 4 334285 32949 1.7 18 10 4 11 20% 5320 153958 4527 6%
c x 20.84 100 39 0 63 27382 4 334285 32945 1.7 18 10 4 11 20% 5320 153890 4527 6%
c = 21.06 102 39 0 63 27382 4 334285 32945 1.7 18 10 4 11 20% 5336 153860 4519 6%
c d 21.07 102 39 0 63 27382 4 334285 32939 1.7 18 10 4 11 20% 5316 153860 4519 6%
c t 21.08 102 39 0 63 27382 4 334285 32939 1.7 18 10 4 11 20% 5287 153860 4519 6%
c u 21.16 102 39 0 63 27382 4 334285 32630 1.7 18 10 4 11 20% 5287 153860 4519 6%
c
c seconds   switched     rate          size/glue  tier1     binary        remaining
c         MB  reductions   conflicts         size   tier2      irredundant
c          level   restarts       redundant     glue    trail         variables
c
c v 21.20 102 39 0 63 27382 4 334285 32317 1.7 18 10 4 11 20% 5287 153860 4519 6%
c w 21.22 102 39 0 63 27382 4 334285 32153 1.7 18 10 4 11 20% 5287 153860 4519 6%
c x 21.26 103 39 0 63 27382 4 334285 32148 1.7 18 10 4 11 20% 5287 153835 4519 6%
c = 21.47 103 39 0 63 27382 4 334285 32148 1.7 18 10 4 11 20% 5297 153817 4514 6%
c d 21.47 103 39 0 63 27382 4 334285 32147 1.7 18 10 4 11 20% 5283 153817 4514 6%
c t 21.47 103 39 0 63 27382 4 334285 32147 1.7 18 10 4 11 20% 5282 153817 4514 6%
c - 21.61 89 41 0 64 27812 4 338142 29537 1.7 18 10 4 11 20% 5287 153807 4514 6%
c - 21.95 91 40 0 65 28544 4 346145 30543 1.7 18 10 4 11 20% 5288 153797 4514 6%
c s 22.09 92 40 0 65 28628 4 346737 31094 1.7 18 10 4 11 20% 5304 152243 4514 6%
c e 22.11 95 40 0 65 28628 4 346737 31094 1.7 18 10 4 11 20% 5183 153443 4416 6%
c 2 22.11 95 40 0 65 28628 4 346737 31094 1.7 18 10 4 11 20% 5182 153443 4416 6%
c s 22.21 95 40 0 65 28628 4 346737 31094 1.7 18 10 4 11 20% 5219 152471 4416 6%
c e 22.22 95 40 0 65 28628 4 346737 31094 1.7 18 10 4 11 20% 5214 152532 4411 6%
c - 22.47 98 42 0 66 29075 4 354207 31540 1.7 18 10 4 11 20% 5221 152529 4411 6%
c - 22.78 101 42 0 67 29634 4 362332 32666 1.7 18 10 4 11 20% 5227 152523 4411 6%
c - 23.01 103 41 0 68 30074 4 370517 32906 1.7 18 10 4 11 20% 5231 152522 4411 6%
c - 23.27 106 40 0 69 30490 4 378764 33615 1.7 18 10 4 11 20% 5239 152520 4411 6%
c o 23.61 109 42 0 69 31102 4 386098 40338 1.7 18 10 4 11 21% 5242 152514 4411 6%
c b 23.65 109 42 0 69 31109 4 386414 40614 1.7 18 10 4 11 21% 5242 152514 4409 6%
c u 23.71 110 42 0 69 31109 4 386414 40152 1.7 18 10 4 11 21% 5241 152514 4409 6%
c
c seconds   switched     rate          size/glue  tier1     binary        remaining
c         MB  reductions   conflicts         size   tier2      irredundant
c          level   restarts       redundant     glue    trail         variables
c
c v 23.76 110 42 0 69 31109 4 386414 40071 1.7 18 10 4 11 21% 5241 152514 4409 6%
c w 23.79 110 42 0 69 31109 4 386414 40066 1.7 18 10 4 11 21% 5241 152514 4409 6%
c x 23.83 110 42 0 69 31109 4 386414 40058 1.7 18 10 4 11 21% 5254 152248 4409 6%
c = 24.09 112 42 0 69 31109 4 386414 40058 1.7 18 10 4 11 21% 5264 152224 4402 6%
c d 24.09 112 42 0 69 31109 4 386414 40051 1.7 18 10 4 11 21% 5249 152218 4402 6%
c t 24.10 112 42 0 69 31109 4 386414 40051 1.7 18 10 4 11 21% 5208 152218 4401 6%
c f 24.13 112 42 0 69 31109 4 386414 40051 1.7 18 10 4 11 21% 5229 151788 4421 6%
c u 24.18 121 42 0 69 31109 4 386414 39417 1.7 18 10 4 11 21% 5232 151767 4421 6%
c v 24.23 114 42 0 69 31109 4 386414 39364 1.7 18 10 4 11 21% 5232 151767 4421 6%
c w 24.25 114 42 0 69 31109 4 386414 39360 1.7 18 10 4 11 21% 5232 151767 4421 6%
c x 24.31 114 42 0 69 31109 4 386414 39355 1.7 18 10 4 11 21% 5232 151742 4421 6%
c = 24.55 117 42 0 69 31109 4 386414 39355 1.7 18 10 4 11 21% 5236 151735 4419 6%
c d 24.55 117 42 0 69 31109 4 386414 39355 1.7 18 10 4 11 21% 5232 151735 4419 6%
c t 24.56 117 42 0 69 31109 4 386414 39355 1.7 18 10 4 11 21% 5228 151735 4419 6%
c - 24.63 117 42 0 70 31244 4 387070 33499 1.7 18 10 4 11 21% 5211 151735 4419 6%
c i 24.87 118 41 0 70 31759 4 392586 38520 1.7 18 10 4 11 21% 5212 151730 4410 6%
c - 25.03 119 41 0 71 32187 4 395436 33863 1.7 18 10 4 11 21% 5201 151730 4410 6%
c - 25.38 105 41 0 72 33011 4 403862 34263 1.7 18 10 4 11 21% 5202 151725 4410 6%
c i 25.68 108 40 0 72 33583 4 411571 41139 1.7 18 10 4 11 21% 5205 151721 4405 6%
c - 25.72 109 40 0 73 33626 4 412347 34940 1.7 18 10 4 11 21% 5189 151721 4403 6%
c
c seconds   switched     rate          size/glue  tier1     binary        remaining
c         MB  reductions   conflicts         size   tier2      irredundant
c          level   restarts       redundant     glue    trail         variables
c
c i 25.85 109 40 0 73 34006 4 415351 37706 1.7 18 11 4 11 21% 5194 151721 4370 6%
c - 26.06 84 40 0 74 34332 4 420893 35328 1.7 18 11 4 11 21% 5163 151715 4370 6%
c i 26.08 84 39 0 74 34332 4 423137 36389 1.7 18 10 4 11 21% 5173 151715 4369 6%
c - 26.38 91 40 0 75 35205 4 429495 34004 1.7 18 11 4 11 21% 5158 151697 4369 6%
c - 26.66 95 39 0 76 35695 4 438157 35083 1.7 18 11 4 11 21% 5158 151685 4369 6%
c i 26.77 96 38 0 76 35899 4 441203 37727 1.7 18 11 4 11 21% 5173 151683 4363 6%
c i 26.77 96 38 0 76 35899 4 441204 37727 1.7 18 11 4 11 21% 5173 151683 4361 6%
c i 26.77 96 38 0 76 35899 4 441213 37730 1.7 18 11 4 11 21% 5175 151683 4359 6%
c d 26.80 80 38 0 76 35899 4 442703 38916 1.7 18 11 4 11 20% 5288 151007 4357 6%
c d 26.81 80 38 0 76 35899 4 442703 38916 1.7 18 11 4 11 20% 5273 150983 4351 6%
c b 26.81 80 38 0 76 35899 4 442703 38916 1.7 18 11 4 11 20% 5273 150983 4350 6%
c u 26.86 81 38 0 76 35899 4 442703 38706 1.7 18 11 4 11 20% 5273 150983 4350 6%
c v 26.91 82 38 0 76 35899 4 442703 38598 1.7 18 11 4 11 20% 5274 150983 4350 6%
c w 26.93 82 38 0 76 35899 4 442703 38567 1.7 18 11 4 11 20% 5274 150983 4350 6%
c x 27.01 83 38 0 76 35899 4 442703 38560 1.7 18 11 4 11 20% 5278 150746 4350 6%
c = 27.29 85 38 0 76 35899 4 442703 38560 1.7 18 11 4 11 20% 5313 150697 4334 6%
c d 27.29 85 38 0 76 35899 4 442703 38540 1.7 18 11 4 11 20% 5271 150697 4334 6%
c t 27.30 85 38 0 76 35899 4 442703 38540 1.7 18 11 4 11 20% 5251 150697 4334 6%
c f 27.31 85 38 0 76 35899 4 442703 38540 1.7 18 11 4 11 20% 5249 150665 4336 6%
c u 27.38 93 38 0 76 35899 4 442703 38297 1.7 18 11 4 11 20% 5249 150665 4336 6%
c
c seconds  switched     rate          size/glue  tier1     binary        remaining
c        MB  reductions   conflicts         size   tier2      irredundant
c         level   restarts       redundant     glue    trail         variables
c
c v 27.43 94 38 0 76 35899 4 442703 38156 1.7 18 11 4 11 20% 5249 150665 4336 6%
c w 27.45 94 38 0 76 35899 4 442703 38153 1.7 18 11 4 11 20% 5249 150665 4336 6%
c x 27.49 82 38 0 76 35899 4 442703 38152 1.7 18 11 4 11 20% 5249 150385 4336 6%
c = 27.76 84 38 0 76 35899 4 442703 38152 1.7 18 11 4 11 20% 5268 150344 4327 6%
c d 27.77 84 38 0 76 35899 4 442703 38151 1.7 18 11 4 11 20% 5244 150344 4327 6%
c t 27.77 84 38 0 76 35899 4 442703 38151 1.7 18 11 4 11 20% 5239 150344 4327 6%
c - 27.99 87 39 0 77 36539 4 446874 35500 1.7 18 11 4 11 21% 5215 150335 4327 6%
c - 28.30 69 39 0 78 37175 4 455648 36084 1.7 18 11 4 11 21% 5217 150329 4327 6%
c - 28.58 71 37 0 79 37443 4 464479 36980 1.7 18 11 4 11 21% 5222 150324 4327 6%
c - 28.92 73 37 0 80 38034 4 473369 38207 1.7 18 11 4 11 21% 5229 150299 4327 6%
c s 29.08 74 37 0 80 38092 4 474485 39115 1.7 18 11 4 11 21% 5258 149425 4327 6%
c e 29.09 77 37 0 80 38092 4 474485 39115 1.7 18 11 4 11 21% 5109 150607 4230 5%
c 2 29.09 77 37 0 80 38092 4 474485 39115 1.7 18 11 4 11 21% 5105 150607 4230 5%
c s 29.22 77 37 0 80 38092 4 474485 39115 1.7 18 11 4 11 21% 5122 149741 4230 5%
c e 29.23 77 37 0 80 38092 4 474485 39115 1.7 18 11 4 11 21% 5109 149828 4224 5%
c i 29.27 77 36 0 80 38092 4 478380 40718 1.7 18 10 4 11 20% 5118 149828 4223 5%
c o 29.28 77 36 0 80 38092 4 478380 40718 1.7 18 10 4 11 20% 5118 149828 4223 5%
c - 29.46 80 36 0 81 38750 4 482315 36234 1.7 18 11 4 11 20% 5110 149821 4223 5%
c - 29.76 87 36 0 82 39578 4 491315 36955 1.7 18 11 4 11 20% 5114 149776 4223 5%
c - 30.07 92 35 0 83 40231 4 500370 37933 1.7 18 11 4 11 20% 5118 149770 4223 5%
c
c seconds  switched     rate          size/glue  tier1     binary        remaining
c        MB  reductions   conflicts         size   tier2      irredundant
c         level   restarts       redundant     glue    trail         variables
c
c b 30.17 92 35 0 83 40393 4 503228 40339 1.7 18 11 4 11 20% 5123 149744 4222 5%
c u 30.22 93 35 0 83 40393 4 503228 40017 1.7 18 11 4 11 20% 5122 149744 4222 5%
c v 30.27 93 35 0 83 40393 4 503228 39577 1.7 18 11 4 11 20% 5122 149744 4222 5%
c w 30.29 93 35 0 83 40393 4 503228 39421 1.7 18 11 4 11 20% 5122 149744 4222 5%
c x 30.33 93 35 0 83 40393 4 503228 39418 1.7 18 11 4 11 20% 5125 149598 4222 5%
c = 30.63 94 35 0 83 40393 4 503228 39418 1.7 18 11 4 11 20% 5152 149531 4209 5%
c d 30.63 94 35 0 83 40393 4 503228 39410 1.7 18 11 4 11 20% 5125 149523 4209 5%
c t 30.64 86 35 0 83 40393 4 503228 39410 1.7 18 11 4 11 20% 5095 149523 4209 5%
c f 30.67 86 35 0 83 40393 4 503228 39410 1.7 18 11 4 11 20% 5090 149119 4229 5%
c u 30.76 94 35 0 83 40393 4 503228 38780 1.7 18 11 4 11 20% 5088 149119 4229 5%
c v 30.82 94 35 0 83 40393 4 503228 38565 1.7 18 11 4 11 20% 5088 149119 4229 5%
c w 30.84 94 35 0 83 40393 4 503228 38479 1.7 18 11 4 11 20% 5088 149119 4229 5%
c x 30.89 94 35 0 83 40393 4 503228 38474 1.7 18 11 4 11 20% 5088 149115 4229 5%
c = 31.19 94 35 0 83 40393 4 503228 38474 1.7 18 11 4 11 20% 5114 149071 4213 5%
c d 31.19 94 35 0 83 40393 4 503228 38470 1.7 18 11 4 11 20% 5084 149051 4213 5%
c t 31.20 94 35 0 83 40393 4 503228 38470 1.7 18 11 4 11 20% 5070 149051 4213 5%
c f 31.21 94 35 0 83 40393 4 503228 38470 1.7 18 11 4 11 20% 5072 149030 4214 5%
c - 31.49 82 35 0 84 41058 4 509480 37349 1.7 18 11 4 11 20% 5058 149022 4214 5%
c - 31.83 86 36 0 85 41893 4 518645 37973 1.7 18 11 4 11 20% 5062 149010 4214 5%
c - 32.22 77 36 0 86 42973 4 527865 38233 1.7 18 11 4 11 20% 5064 149002 4214 5%
c
c seconds  switched     rate          size/glue  tier1     binary        remaining
c        MB  reductions   conflicts         size   tier2      irredundant
c         level   restarts       redundant     glue    trail         variables
c
c - 32.41 79 34 0 87 43086 4 537138 38709 1.7 18 11 4 11 20% 5065 149001 4214 5%
c i 32.54 80 33 0 87 43235 4 541962 42841 1.7 18 11 4 11 20% 5067 148998 4209 5%
c - 32.71 81 33 0 88 43360 4 546466 39872 1.7 18 11 4 11 20% 5025 148993 4174 5%
c - 33.02 85 33 0 89 43912 4 555848 40436 1.7 18 11 4 11 20% 5027 148983 4174 5%
c - 33.39 92 33 0 90 44567 4 565282 41007 1.7 18 11 4 11 20% 5033 148973 4174 5%
c d 33.48 93 32 0 90 44600 4 568037 43400 1.7 18 11 4 11 20% 5085 148380 4171 5%
c u 33.54 93 32 0 90 44600 4 568037 42935 1.7 18 11 4 11 20% 5084 148380 4171 5%
c v 33.61 93 32 0 90 44600 4 568037 42824 1.7 18 11 4 11 20% 5085 148380 4171 5%
c w 33.63 93 32 0 90 44600 4 568037 42743 1.7 18 11 4 11 20% 5085 148380 4171 5%
c x 33.68 95 32 0 90 44600 4 568037 42738 1.7 18 11 4 11 20% 5085 148164 4171 5%
c = 33.94 81 32 0 90 44600 4 568037 42738 1.7 18 11 4 11 20% 5118 148082 4155 5%
c d 33.95 81 32 0 90 44600 4 568037 42734 1.7 18 11 4 11 20% 5103 148065 4155 5%
c t 33.95 81 32 0 90 44600 4 568037 42734 1.7 18 11 4 11 20% 5066 148065 4155 5%
c u 34.02 82 32 0 90 44600 4 568037 42278 1.7 18 11 4 11 20% 5065 148065 4155 5%
c v 34.09 82 32 0 90 44600 4 568037 41862 1.7 18 11 4 11 20% 5065 148065 4155 5%
c w 34.10 82 32 0 90 44600 4 568037 41836 1.7 18 11 4 11 20% 5065 148065 4155 5%
c x 34.16 82 32 0 90 44600 4 568037 41817 1.7 18 11 4 11 20% 5065 147561 4155 5%
c = 34.44 84 32 0 90 44600 4 568037 41817 1.7 18 11 4 11 20% 5069 147546 4151 5%
c d 34.44 84 32 0 90 44600 4 568037 41816 1.7 18 11 4 11 20% 5067 147537 4151 5%
c t 34.45 84 32 0 90 44600 4 568037 41816 1.7 18 11 4 11 20% 5067 147537 4150 5%
c
c seconds  switched     rate          size/glue  tier1     binary        remaining
c        MB  reductions   conflicts         size   tier2      irredundant
c         level   restarts       redundant     glue    trail         variables
c
c - 34.72 77 32 0 91 45225 4 574770 40525 1.7 18 11 4 11 20% 5041 147536 4150 5%
c o 34.85 78 33 0 91 45415 4 578645 43986 1.7 18 11 4 11 20% 5043 147535 4150 5%
c - 35.14 83 34 0 92 46088 4 584309 41136 1.7 18 11 4 11 20% 5045 147531 4150 5%
c - 35.50 78 34 0 93 46692 4 593900 41667 1.7 18 11 4 11 20% 5051 147529 4150 5%
c i 35.63 76 34 0 93 46912 4 597686 45059 1.7 18 11 4 11 20% 5052 147527 4144 5%
c - 35.83 78 33 0 94 47243 4 603543 41989 1.7 18 11 4 11 20% 5051 147420 4144 5%
c - 36.16 75 33 0 95 48051 4 613238 42528 1.7 18 11 4 11 20% 5054 147415 4144 5%
c - 36.36 70 31 0 96 48281 3 622985 42171 1.7 18 11 4 11 20% 5056 147412 4144 5%
c s 36.59 67 31 0 96 48293 3 626872 45340 1.7 18 11 4 11 20% 5082 146214 4144 5%
c e 36.61 70 31 0 96 48293 3 626872 45340 1.7 18 11 4 11 20% 4916 147411 4033 5%
c 2 36.61 70 31 0 96 48293 3 626872 45340 1.7 18 11 4 11 20% 4913 147411 4033 5%
c s 36.75 70 31 0 96 48293 3 626872 45340 1.7 18 11 4 11 20% 4928 146719 4033 5%
c e 36.76 70 31 0 96 48293 3 626872 45340 1.7 18 11 4 11 20% 4903 146819 4022 5%
c - 36.95 70 30 0 97 48492 3 632782 42047 1.7 18 11 4 11 20% 4903 146818 4022 5%
c d 37.07 71 30 0 97 48587 3 637180 45682 1.7 18 11 4 11 20% 4902 146811 4021 5%
c u 37.12 72 30 0 97 48587 3 637180 45290 1.7 18 11 4 11 20% 4902 146811 4021 5%
c v 37.16 72 30 0 97 48587 3 637180 44454 1.7 18 11 4 11 20% 4902 146811 4021 5%
c w 37.18 72 30 0 97 48587 3 637180 43990 1.7 18 11 4 11 20% 4902 146811 4021 5%
c x 37.27 72 30 0 97 48587 3 637180 43983 1.7 18 11 4 11 20% 4902 146492 4021 5%
c = 37.55 74 30 0 97 48587 3 637180 43983 1.7 18 11 4 11 20% 4921 146280 4000 5%
c
c seconds  switched     rate          size/glue  tier1     binary        remaining
c        MB  reductions   conflicts         size   tier2      irredundant
c         level   restarts       redundant     glue    trail         variables
c
c d 37.55 74 30 0 97 48587 3 637180 43983 1.7 18 11 4 11 20% 4920 146214 4000 5%
c d 37.56 74 30 0 97 48587 3 637180 43983 1.7 18 11 4 11 20% 4912 146198 3996 5%
c t 37.56 74 30 0 97 48587 3 637180 43983 1.7 18 11 4 11 20% 4873 146198 3995 5%
c f 37.59 74 30 0 97 48587 3 637180 43983 1.7 18 11 4 11 20% 4877 145901 4010 5%
c u 37.65 82 30 0 97 48587 3 637180 43511 1.7 18 11 4 11 20% 4879 145892 4010 5%
c v 37.71 83 30 0 97 48587 3 637180 42449 1.7 18 11 4 11 20% 4879 145892 4010 5%
c w 37.73 83 30 0 97 48587 3 637180 42433 1.7 18 11 4 11 20% 4879 145892 4010 5%
c x 37.78 70 30 0 97 48587 3 637180 42430 1.7 18 11 4 11 20% 4879 145569 4010 5%
c = 38.05 72 30 0 97 48587 3 637180 42430 1.7 18 11 4 11 20% 4883 145490 4003 5%
c d 38.05 72 30 0 97 48587 3 637180 42428 1.7 18 11 4 11 20% 4884 145455 4002 5%
c d 38.05 72 30 0 97 48587 3 637180 42428 1.7 18 11 4 11 20% 4878 145440 3999 5%
c t 38.06 72 30 0 97 48587 3 637180 42428 1.7 18 11 4 11 20% 4877 145440 3999 5%
c - 38.33 75 30 0 98 49041 3 642631 40659 1.7 18 11 4 11 20% 4816 145432 3999 5%
c - 38.53 73 28 0 99 49163 3 652530 41544 1.7 17 10 4 11 19% 4817 145419 3999 5%
c - 38.86 75 28 0 100 49655 3 662479 43744 1.7 17 10 4 11 19% 4824 145413 3999 5%
c - 39.24 78 29 0 101 50264 3 672479 44994 1.7 17 10 4 11 19% 4825 145413 3999 5%
c - 39.48 74 27 0 102 50310 3 682528 45807 1.7 17 10 4 11 19% 4826 145413 3999 5%
c o 39.76 77 27 0 102 50866 3 688687 51330 1.7 17 10 4 11 19% 4828 145413 3999 5%
c - 39.96 78 27 0 103 51204 3 692627 46437 1.7 17 10 4 11 19% 4830 145405 3999 5%
c - 40.38 82 28 0 104 51883 3 702775 46898 1.7 18 10 4 11 19% 4837 145403 3999 5%
c
c seconds  switched      rate          size/glue  tier1     binary        remaining
c        MB  reductions    conflicts         size   tier2      irredundant
c         level    restarts       redundant     glue    trail         variables
c
c d 40.68 86 28 0 104 52509 3 710694 53924 1.7 18 10 4 11 19% 4833 145392 3995 5%
c b 40.68 86 28 0 104 52509 3 710694 53924 1.7 18 10 4 11 19% 4833 145392 3980 5%
c u 40.75 87 28 0 104 52509 3 710694 53419 1.7 18 10 4 11 19% 4839 145392 3980 5%
c v 40.83 87 28 0 104 52509 3 710694 52140 1.7 18 10 4 11 19% 4839 145392 3980 5%
c w 40.86 87 28 0 104 52509 3 710694 52130 1.7 18 10 4 11 19% 4839 145392 3980 5%
c x 40.90 87 28 0 104 52509 3 710694 52126 1.7 18 10 4 11 19% 4891 144793 3980 5%
c = 41.20 90 28 0 104 52509 3 710694 52126 1.7 18 10 4 11 19% 4905 144761 3971 5%
c d 41.21 90 28 0 104 52509 3 710694 52121 1.7 18 10 4 11 19% 4906 144708 3971 5%
c d 41.21 90 28 0 104 52509 3 710694 52120 1.7 18 10 4 11 19% 4900 144702 3968 5%
c t 41.21 90 28 0 104 52509 3 710694 52120 1.7 18 10 4 11 19% 4887 144702 3967 5%
c u 41.29 87 28 0 104 52509 3 710694 51688 1.7 18 10 4 11 19% 4889 144694 3967 5%
c v 41.36 88 28 0 104 52509 3 710694 51376 1.7 18 10 4 11 19% 4889 144694 3967 5%
c w 41.39 88 28 0 104 52509 3 710694 51282 1.7 18 10 4 11 19% 4889 144694 3967 5%
c x 41.44 88 28 0 104 52509 3 710694 51282 1.7 18 10 4 11 19% 4889 144494 3967 5%
c = 41.73 90 28 0 104 52509 3 710694 51282 1.7 18 10 4 11 19% 4912 144439 3952 5%
c d 41.74 90 28 0 104 52509 3 710694 51277 1.7 18 10 4 11 19% 4902 144411 3952 5%
c t 41.74 90 28 0 104 52509 3 710694 51277 1.7 18 10 4 11 19% 4897 144411 3952 5%
c - 41.92 92 28 0 105 52926 3 712973 45915 1.7 18 10 4 11 20% 4765 144409 3952 5%
c - 42.25 82 27 0 106 53527 3 723221 47164 1.7 17 10 4 11 19% 4765 144403 3952 5%
c i 42.27 82 27 0 106 53545 3 723745 47639 1.7 17 10 4 11 19% 4765 144403 3951 5%
c
c seconds  switched      rate          size/glue  tier1     binary        remaining
c        MB  reductions    conflicts         size   tier2      irredundant
c         level    restarts       redundant     glue    trail         variables
c
c - 42.71 86 27 0 107 54724 3 733516 48178 1.7 18 10 4 11 20% 4748 144400 3945 5%
c - 43.14 83 27 0 108 55690 3 743863 47753 1.7 18 10 4 11 19% 4751 144395 3945 5%
c - 43.52 87 27 0 109 56968 3 754258 47422 1.7 18 11 4 11 19% 4756 144392 3945 5%
c i 43.77 89 27 0 109 57173 3 762530 54434 1.7 18 10 4 11 19% 4759 144390 3944 5%
c - 43.86 90 27 0 110 57210 3 764698 48339 1.7 18 10 4 11 19% 4742 144390 3940 5%
c - 44.22 79 26 0 111 57823 3 775186 49176 1.7 18 10 4 11 19% 4745 144386 3940 5%
c - 44.50 80 25 0 112 57971 3 785723 49633 1.7 17 10 4 11 19% 4747 144384 3940 5%
c b 44.59 81 25 0 112 57971 3 788643 52027 1.7 17 10 4 11 19% 4763 144238 3937 5%
c u 44.66 82 25 0 112 57971 3 788643 51473 1.7 17 10 4 11 19% 4769 144238 3937 5%
c v 44.73 82 25 0 112 57971 3 788643 50761 1.7 17 10 4 11 19% 4769 144238 3937 5%
c w 44.74 82 25 0 112 57971 3 788643 50612 1.7 17 10 4 11 19% 4769 144238 3937 5%
c x 44.81 83 25 0 112 57971 3 788643 50612 1.7 17 10 4 11 19% 4777 144137 3937 5%
c = 45.14 85 25 0 112 57971 3 788643 50612 1.7 17 10 4 11 19% 4791 144116 3930 5%
c d 45.15 85 25 0 112 57971 3 788643 50602 1.7 17 10 4 11 19% 4775 144116 3930 5%
c t 45.15 85 25 0 112 57971 3 788643 50602 1.7 17 10 4 11 19% 4765 144116 3929 5%
c u 45.27 94 25 0 112 57971 3 788643 49523 1.7 17 10 4 11 19% 4794 144092 3915 5%
c v 45.32 95 25 0 112 57971 3 788643 49181 1.7 17 10 4 11 19% 4795 144092 3915 5%
c w 45.34 95 25 0 112 57971 3 788643 49176 1.7 17 10 4 11 19% 4795 144092 3915 5%
c x 45.40 95 25 0 112 57971 3 788643 49173 1.7 17 10 4 11 19% 4833 143798 3915 5%
c = 45.73 97 25 0 112 57971 3 788643 49173 1.7 17 10 4 11 19% 4842 143779 3911 5%
c
c seconds  switched      rate          size/glue  tier1     binary        remaining
c        MB  reductions    conflicts         size   tier2      irredundant
c         level    restarts       redundant     glue    trail         variables
c
c d 45.73 97 25 0 112 57971 3 788643 49172 1.7 17 10 4 11 19% 4833 143779 3911 5%
c t 45.74 97 25 0 112 57971 3 788643 49172 1.7 17 10 4 11 19% 4812 143779 3908 5%
c i 45.75 97 25 0 112 57971 3 788643 49172 1.7 17 10 4 11 19% 4812 143779 3908 5%
c - 46.14 92 25 0 113 59072 3 796308 48460 1.7 18 10 4 11 19% 4742 143777 3908 5%
c s 46.63 93 25 0 113 59709 3 805169 56163 1.7 18 10 4 11 19% 4761 141808 3908 5%
c e 46.64 94 25 0 113 59709 3 805169 56163 1.7 18 10 4 11 19% 4647 142991 3813 5%
c 2 46.64 94 25 0 113 59709 3 805169 56163 1.7 18 10 4 11 19% 4645 142991 3813 5%
c s 46.81 94 25 0 113 59709 3 805169 56163 1.7 18 10 4 11 19% 4672 142526 3813 5%
c e 46.82 94 25 0 113 59709 3 805169 56163 1.7 18 10 4 11 19% 4646 142803 3794 5%
c - 46.90 75 25 0 114 59714 3 806938 48324 1.7 18 10 4 11 19% 4646 142802 3794 5%
c - 47.19 76 24 0 115 59740 3 817615 49171 1.7 17 10 4 10 19% 4646 142802 3794 5%
c - 47.46 76 22 0 116 59776 3 828338 50965 1.7 17 10 4 10 18% 4649 142802 3794 5%
c i 47.51 76 22 0 116 59776 3 830408 52364 1.7 17 10 4 10 18% 4652 142802 3793 5%
c o 47.52 76 22 0 116 59776 3 830408 52364 1.7 17 10 4 10 18% 4652 142802 3793 5%
c i 47.65 78 22 0 116 60175 3 833391 55151 1.7 17 10 4 10 18% 4652 142799 3792 5%
c i 47.65 78 22 0 116 60175 3 833413 55163 1.7 17 10 4 10 18% 4654 142798 3791 5%
c i 47.77 78 23 0 116 60591 3 836071 57671 1.7 17 10 4 10 19% 4656 142796 3785 5%
c - 47.89 73 23 0 117 60730 3 839109 42362 1.7 17 10 4 10 19% 4613 142794 3785 5%
c - 48.31 77 23 0 118 61929 3 849925 43847 1.7 17 10 4 10 19% 4616 142789 3785 5%
c - 48.64 80 23 0 119 62649 3 860787 44677 1.7 17 10 4 10 19% 4618 142786 3785 5%
c
c seconds  switched      rate          size/glue  tier1     binary        remaining
c        MB  reductions    conflicts         size   tier2      irredundant
c         level    restarts       redundant     glue    trail         variables
c
c d 48.93 81 22 0 119 63033 3 871080 52868 1.7 17 10 4 10 19% 4657 141627 3784 5%
c d 48.94 81 22 0 119 63033 3 871080 52376 1.7 17 10 4 10 19% 4653 141476 3782 5%
c b 48.94 81 22 0 119 63033 3 871080 52376 1.7 17 10 4 10 19% 4653 141476 3776 5%
c u 49.01 81 22 0 119 63033 3 871080 51814 1.7 17 10 4 10 19% 4646 141476 3776 5%
c v 49.07 81 22 0 119 63033 3 871080 48107 1.7 17 10 4 10 19% 4646 141476 3776 5%
c w 49.10 81 22 0 119 63033 3 871080 48087 1.7 17 10 4 10 19% 4646 141476 3776 5%
c x 49.16 82 22 0 119 63033 3 871080 48086 1.7 17 10 4 10 19% 4666 141123 3776 5%
c = 49.50 75 22 0 119 63033 3 871080 48086 1.7 17 10 4 10 19% 4670 141079 3767 5%
c d 49.51 75 22 0 119 63033 3 871080 48083 1.7 17 10 4 10 19% 4674 141051 3767 5%
c t 49.52 75 22 0 119 63033 3 871080 48083 1.7 17 10 4 10 19% 4642 141051 3767 5%
c f 49.54 75 22 0 119 63033 3 871080 48083 1.7 17 10 4 10 19% 4628 140627 3785 5%
c - 49.57 85 22 0 120 63057 3 871696 42490 1.7 17 10 4 10 19% 4579 140627 3785 5%
c - 50.02 85 24 0 121 64191 3 882650 43952 1.7 17 10 4 10 19% 4585 140613 3785 5%
c - 50.41 97 24 0 122 64903 3 893651 44961 1.7 17 10 4 10 19% 4587 140609 3785 5%
c i 50.79 118 24 0 122 65729 3 902032 52559 1.7 17 10 4 10 19% 4601 140601 3773 5%
c i 50.79 118 24 0 122 65729 3 902166 52668 1.7 17 10 4 10 19% 4604 140600 3772 5%
c - 50.90 119 24 0 123 65998 3 904696 43673 1.7 17 10 4 10 19% 4584 140600 3772 5%
c - 51.25 122 24 0 124 66577 3 915789 38036 1.7 17 10 3 10 19% 4586 140596 3772 5%
c - 51.60 125 24 0 125 66927 3 926924 36670 1.7 17 10 3 10 19% 4589 140592 3772 5%
c - 52.03 102 24 0 126 67901 3 938107 36181 1.7 18 10 3 10 19% 4593 140591 3772 5%
c
c seconds   switched      rate          size/glue  tier1     binary        remaining
c         MB  reductions    conflicts         size   tier2      irredundant
c          level    restarts       redundant     glue    trail         variables
c
c - 52.39 104 24 0 127 68373 3 949331 36378 1.7 18 10 3 10 20% 4594 140589 3772 5%
c d 52.64 81 25 0 127 68680 3 958016 43534 1.7 18 10 3 10 20% 4614 140166 3770 5%
c d 52.65 81 25 0 127 68680 3 958016 43462 1.7 18 10 3 10 20% 4612 140022 3769 5%
c b 52.65 81 25 0 127 68680 3 958016 43462 1.7 18 10 3 10 20% 4612 140022 3758 5%
c u 52.71 81 25 0 127 68680 3 958016 42526 1.7 18 10 3 10 20% 4610 140022 3758 5%
c v 52.78 81 25 0 127 68680 3 958016 39515 1.7 18 10 3 10 20% 4610 140022 3758 5%
c w 52.81 82 25 0 127 68680 3 958016 39497 1.7 18 10 3 10 20% 4610 140022 3758 5%
c x 52.89 84 25 0 127 68680 3 958016 39492 1.7 18 10 3 10 20% 4627 139868 3758 5%
c = 53.26 86 25 0 127 68680 3 958016 39492 1.7 18 10 3 10 20% 4648 139808 3746 5%
c d 53.26 86 25 0 127 68680 3 958016 39488 1.7 18 10 3 10 20% 4642 139781 3746 5%
c t 53.27 86 25 0 127 68680 3 958016 39488 1.7 18 10 3 10 20% 4619 139781 3745 5%
c f 53.28 86 25 0 127 68680 3 958016 39488 1.7 18 10 3 10 20% 4615 139747 3747 5%
c b 53.30 86 25 0 127 68680 3 958016 39488 1.7 18 10 3 10 20% 4619 139740 3746 5%
c u 53.38 87 25 0 127 68680 3 958016 38627 1.7 18 10 3 10 20% 4620 139740 3746 5%
c v 53.44 87 25 0 127 68680 3 958016 38352 1.7 18 10 3 10 20% 4620 139740 3746 5%
c w 53.47 87 25 0 127 68680 3 958016 38173 1.7 18 10 3 10 20% 4620 139740 3746 5%
c x 53.51 70 25 0 127 68680 3 958016 38173 1.7 18 10 3 10 20% 4624 139515 3746 5%
c = 53.88 72 25 0 127 68680 3 958016 38173 1.7 18 10 3 10 20% 4638 139472 3737 5%
c d 53.89 72 25 0 127 68680 3 958016 38172 1.7 18 10 3 10 20% 4623 139439 3735 5%
c t 53.89 72 25 0 127 68680 3 958016 38172 1.7 18 10 3 10 20% 4618 139439 3734 5%
c
c seconds  switched      rate          size/glue  tier1     binary        remaining
c        MB  reductions    conflicts         size   tier2      irredundant
c         level    restarts       redundant     glue    trail         variables
c
c - 54.00 72 24 0 128 68956 3 960600 33260 1.7 18 10 3 10 20% 4538 139433 3734 5%
c o 54.02 72 24 0 128 68968 3 961306 33783 1.7 18 10 3 10 20% 4538 139433 3734 5%
c - 54.31 74 24 0 129 69477 3 971914 34189 1.7 17 10 3 10 20% 4540 139432 3734 5%
c - 54.66 75 24 0 130 70052 3 983272 35275 1.7 17 10 3 10 20% 4546 139420 3734 5%
c - 54.92 76 23 0 131 70079 3 994674 35534 1.7 17 10 3 10 19% 4546 139420 3734 5%
c - 55.22 73 23 0 132 70361 3 1006119 35388 1.7 17 10 3 10 19% 4548 139417 3734 5%
c s 55.55 75 23 0 132 70655 3 1010617 39434 1.7 17 10 3 10 19% 4579 136477 3734 5%
c e 55.57 78 23 0 132 70655 3 1010617 39434 1.7 17 10 3 10 19% 4429 137319 3661 5%
c 2 55.57 78 23 0 132 70655 3 1010617 39434 1.7 17 10 3 10 19% 4423 137319 3661 5%
c s 55.76 78 23 0 132 70655 3 1010617 39434 1.7 17 10 3 10 19% 4439 136216 3661 5%
c e 55.77 78 23 0 132 70655 3 1010617 39434 1.7 17 10 3 10 19% 4435 136278 3657 5%
c - 56.07 81 24 0 133 71599 3 1017609 35769 1.7 17 10 3 10 20% 4440 136277 3657 5%
c - 56.37 84 23 0 134 71862 3 1029142 36814 1.7 17 10 3 10 19% 4441 136276 3657 5%
c - 56.70 85 22 0 135 72297 3 1040717 37770 1.7 17 10 3 10 19% 4445 136276 3657 5%
c i 56.71 85 22 0 135 72298 3 1040987 37980 1.7 17 10 3 10 19% 4448 136276 3656 5%
c b 57.03 89 22 0 135 73062 3 1049530 45371 1.7 17 10 3 10 19% 4460 136252 3641 5%
c u 57.11 82 22 0 135 73062 3 1049530 44840 1.7 17 10 3 10 19% 4463 136252 3641 5%
c v 57.18 82 22 0 135 73062 3 1049530 43617 1.7 17 10 3 10 19% 4462 136252 3641 5%
c w 57.21 82 22 0 135 73062 3 1049530 43579 1.7 17 10 3 10 19% 4462 136252 3641 5%
c x 57.26 83 22 0 135 73062 3 1049530 43578 1.7 17 10 3 10 19% 4480 136039 3641 5%
c
c seconds  switched      rate           size/glue  tier1     binary        remaining
c        MB  reductions     conflicts         size   tier2      irredundant
c         level    restarts        redundant     glue    trail         variables
c
c = 57.60 84 22 0 135 73062 3 1049530 43578 1.7 17 10 3 10 19% 4486 136017 3637 5%
c d 57.61 84 22 0 135 73062 3 1049530 43577 1.7 17 10 3 10 19% 4480 136006 3637 5%
c t 57.61 84 22 0 135 73062 3 1049530 43577 1.7 17 10 3 10 19% 4456 136006 3637 5%
c f 57.65 84 22 0 135 73062 3 1049530 43577 1.7 17 10 3 10 19% 4462 135658 3655 5%
c u 57.71 92 22 0 135 73062 3 1049530 43101 1.7 17 10 3 10 19% 4468 135658 3655 5%
c v 57.79 92 22 0 135 73062 3 1049530 42761 1.7 17 10 3 10 19% 4465 135658 3655 5%
c w 57.83 93 22 0 135 73062 3 1049530 42756 1.7 17 10 3 10 19% 4465 135658 3655 5%
c x 57.88 94 22 0 135 73062 3 1049530 42756 1.7 17 10 3 10 19% 4465 135607 3655 5%
c = 58.22 87 22 0 135 73062 3 1049530 42756 1.7 17 10 3 10 19% 4469 135606 3653 5%
c d 58.22 87 22 0 135 73062 3 1049530 42756 1.7 17 10 3 10 19% 4463 135606 3653 5%
c t 58.23 87 22 0 135 73062 3 1049530 42756 1.7 17 10 3 10 19% 4459 135606 3653 5%
c - 58.39 89 23 0 136 73383 3 1052335 35938 1.7 17 10 3 10 19% 4427 135605 3653 5%
c i 58.50 90 23 0 136 73572 3 1056541 39520 1.7 17 10 3 10 19% 4431 135605 3643 5%
c - 58.78 77 26 0 137 74181 3 1063996 36725 1.7 17 10 3 10 20% 4418 135603 3643 5%
c i 58.82 77 26 0 137 74185 3 1065665 38251 1.7 16 10 3 10 20% 4433 135602 3637 5%
c } 58.84 78 26 0 137 74185 3 1067256 39695 1.7 16 10 3 10 19% 4437 135602 3613 5%
c 0 58.84 78 26 0 137 74185 3 1067256 39695 1.7 16 10 3 10 19% 4437 135602 3613 5%
c
c ---- [ result ] ------------------------------------------------------------
c
s UNSATISFIABLE
c
c ---- [ profiling ] ---------------------------------------------------------
c
c          37.23   63.28 %  search
c          37.23   63.28 %  focused
c          20.45   34.76 %  simplify
c          18.83   32.00 %  probe
c           8.83   15.00 %  sweep
c           5.97   10.15 %  vivify
c           2.53    4.30 %  eliminate
c           2.10    3.57 %  congruence
c           2.00    3.39 %  subsume
c           0.97    1.65 %  preprocess
c           0.95    1.61 %  factor
c           0.83    1.41 %  substitute
c           0.77    1.30 %  reduce
c           0.15    0.25 %  parse
c           0.09    0.15 %  transitive
c           0.06    0.10 %  backbone
c           0.04    0.06 %  lucky
c =============================================
c          58.84  100.00 %  total
c
c ---- [ statistics ] --------------------------------------------------------
c
c chronological:                         1246                0 %  conflicts
c conflicts:                          1067256            18138.00 per second
c congruent:                             8629               11 %  variables
c decisions:                          3796478                3.56 per conflict
c eliminated:                           29405               38 %  variables
c factored:                               883                1 %  variables
c iterations:                              87                0 %  variables
c propagations:                     225903888          3839234    per second
c reductions:                             137             7790    interval
c reordered:                               14            76233    interval
c restarts:                             74185               14    interval
c strengthened:                         17475                0 %  checks
c substituted:                          11143               14 %  variables
c subsumed:                             39903                0 %  checks
c switched:                                 0                0    interval
c vivified:                             78124               55 %  checks
c
c ---- [ glue usage ] --------------------------------------------------------
c
c focused glue 3   used 680587 clauses 16.11% accumulated 50.78% tier1
c focused glue 4   used 424545 clauses 10.05% accumulated 60.83%
c focused glue 5-8 used 996144 clauses 23.58% accumulated 84.41%
c focused glue 9   used 156691 clauses  3.71% accumulated 88.12%
c focused glue 10  used 122269 clauses  2.89% accumulated 91.01% tier2
c
c ---- [ resources ] ---------------------------------------------------------
c
c maximum-resident-set-size:     184633262080 bytes     176080 MB
c process-time:                            59s              58.84 seconds
c
c ---- [ shutting down ] -----------------------------------------------------
c
c exit 20
real 89.90
kissat_exit=20
proof_bytes=32358972
proof_sha256=b8d2f1f8f68932f72d78350eccd37c4425e8279b77f695441687702f0e17c7fb
