c Solver source commit 8af8e56f174b778aef3aa45af9f739b2a5f492c2
c Solver SHA-256 c86c7ccc2f727e1ef4716fd2fcf69539fbe0e8b1da8d89341fb48d643a3aeb28
c ---- [ banner ] ------------------------------------------------------------
c
c Kissat SAT Solver
c 
c Copyright (c) 2021-2024 Armin Biere University of Freiburg
c Copyright (c) 2019-2021 Armin Biere Johannes Kepler University Linz
c 
c Version 4.0.4 8af8e56f174b778aef3aa45af9f739b2a5f492c2
c Apple clang version 21.0.0 (clang-2100.1.1.101) -W -Wall -O3 -DNDEBUG
c Mon Sep 7 04:00:02 PDT 2026 Darwin 842f5797331b 25.6.0 arm64
c
c ---- [ proving ] -----------------------------------------------------------
c
c opened and writing proof to compressed DRAT file:
c
c   build/orbit-p3-c8-final/p3-c8-t3-p1-z0.drat.xz
c
c ---- [ parsing ] -----------------------------------------------------------
c
c opened and reading DIMACS file:
c
c   build/orbit-p3-c8-final/p3-c8-t3-p1-z0.cnf
c
c parsed 'p cnf 76440 879868' header
c closing input after reading 31089852 bytes (30 MB)
c finished parsing after 0.13 seconds
c
c ---- [ options ] -----------------------------------------------------------
c
c --stable=0                       (different from default '1')
c
c ---- [ solving ] -----------------------------------------------------------
c
c seconds  switched rate     size/glue tier1   binary           remaining
c         MB reductions conflicts size  tier2      irredundant
c          level restarts redundant glue  trail            variables
c
c *  0.13 107 0 0 0  0 0   0   0 0.0 0 0 0 0 0% 118627 708950 51168 67%
c (  0.15 146 0 0 0  0 0   0   0 0.0 0 0 0 0 0% 118627 708950 51168 67%
c .  0.21 149 0 0 0  0 0   0   0 0.0 0 0 0 0 0% 102392 576384 51168 67%
c c  2.00 122 0 0 0  0 0   0   0 0.0 0 0 0 0 0% 103610 257084 46961 61%
c d  2.01 125 0 0 0  0 0   0   0 0.0 0 0 0 0 0% 94667 257083 46959 61%
c =  2.06 134 0 0 0  0 0   0   0 0.0 0 0 0 0 0% 93977 257082 46958 61%
c d  2.06 134 0 0 0  0 0   0   0 0.0 0 0 0 0 0% 93974 257082 46958 61%
c f  2.12 135 0 0 0  0 0   0   0 0.0 0 0 0 0 0% 93858 256992 47089 62%
c )  2.12 139 0 0 0  0 0   0   0 0.0 0 0 0 0 0% 93858 256992 47089 62%
c {  2.13 142 0 0 0  0 0   0   0 0.0 0 0 2 6 0% 93858 256992 47089 62%
c i  2.13 143 161 0 0  2 98   7   2 1.4 4 3 2 6 6% 93858 256992 47087 62%
c i  2.13 143 159 0 0  6 6 122  73 1.5 9 6 2 6 10% 93862 256992 47057 62%
c i  2.13 143 157 0 0  6 6 124  74 1.5 9 6 2 6 10% 93862 256992 47038 62%
c i  2.13 143 155 0 0  6 6 126  75 1.5 9 6 2 6 10% 93862 256992 47035 62%
c i  2.13 143 151 0 0  8 6 129  77 1.5 9 6 2 6 10% 93862 256992 47004 61%
c i  2.14 143 148 0 0 11 7 132  78 1.5 9 6 2 6 10% 93863 256992 47002 61%
c i  2.14 143 139 0 0 14 7 142  85 1.4 9 6 2 6 10% 93865 256992 47001 61%
c i  2.14 143 130 0 0 16 7 154  94 1.4 10 7 2 6 9% 93866 256992 46970 61%
c i  2.14 144 97 0 0 45 7 215 142 1.4 10 7 2 6 8% 93872 256992 46969 61%
c i  2.14 144 88 0 0 48 6 241 164 1.4 10 7 7 11 7% 93875 256991 46968 61%
c
c seconds   switched rate     size/glue tier1    binary           remaining
c         MB reductions conflicts   size  tier2      irredundant
c          level restarts redundant   glue   trail           variables
c
c i  2.14 144 78 0 0 62 6 282 192 1.4 10 7 7 12 7% 93880 256991 46967 61%
c i  2.14 144 76 0 0 62 6 289 197 1.4 10 7 7 12 7% 93881 256991 46944 61%
c i  2.14 144 76 0 0 62 6 292 198 1.4 10 7 7 12 7% 93882 256991 46793 61%
c i  2.14 144 69 0 0 62 6 324 225 1.4 10 7 7 12 6% 93885 256991 46765 61%
c i  2.14 144 68 0 0 62 6 327 227 1.4 10 7 7 12 6% 93885 256991 46764 61%
c i  2.14 144 68 0 0 62 6 328 227 1.4 10 7 7 12 6% 93885 256991 46762 61%
c i  2.14 144 54 0 0 62 5 430 298 1.4 10 7 7 11 6% 93890 256991 46761 61%
c i  2.16 145 37 0 0 69 4 770 567 1.6 10 6 5 9 7% 93900 256991 46743 61%
c i  2.16 145 35 0 0 106 4 849 636 1.6 10 7 5 9 7% 93902 256991 46736 61%
c i  2.16 145 35 0 0 110 4 860 645 1.6 10 7 5 9 7% 93903 256991 46733 61%
c i  2.16 145 33 0 0 144 4 942 702 1.5 11 7 5 11 7% 93907 256991 46717 61%
c i  2.16 145 32 0 0 162 4 997 743 1.5 11 7 5 11 6% 93907 256991 46716 61%
c -  2.16 145 32 0 1 163 4 1000 525 1.5 11 7 5 11 6% 92903 256991 46716 61%
c i  2.16 145 31 0 1 168 4 1011 533 1.5 11 7 5 11 6% 92905 256991 46703 61%
c i  2.16 145 31 0 1 168 4 1035 552 1.5 11 7 5 11 6% 92905 256991 46681 61%
c i  2.17 145 26 0 1 168 3 1268 727 1.6 10 7 5 11 6% 92906 256990 46674 61%
c i  2.18 145 32 0 1 168 4 1305 753 1.6 10 7 5 11 7% 92913 256990 46673 61%
c i  2.18 145 34 0 1 168 4 1318 764 1.6 10 7 5 11 7% 92914 256990 46672 61%
c i  2.18 145 34 0 1 168 4 1324 768 1.6 10 7 5 11 7% 92915 256990 46671 61%
c i  2.18 145 35 0 1 168 4 1330 772 1.6 10 7 5 11 7% 92916 256990 46670 61%
c
c seconds   switched  rate      size/glue tier1    binary           remaining
c         MB reductions conflicts     size  tier2      irredundant
c          level restarts   redundant   glue   trail           variables
c
c i  2.18 145 35 0 1 168 4 1331 772 1.6 10 7 5 11 7% 92916 256990 46669 61%
c i  2.18 145 36 0 1 168 4 1341 780 1.6 10 7 5 11 7% 92917 256990 46668 61%
c i  2.18 145 36 0 1 168 4 1348 784 1.6 10 7 5 11 7% 92919 256990 46667 61%
c i  2.23 147 36 0 1 326 5 1795 1173 1.4 13 9 5 10 10% 92919 256990 46661 61%
c i  2.23 147 38 0 1 331 6 1809 1183 1.4 12 9 5 10 11% 92920 256990 46632 61%
c i  2.23 147 38 0 1 331 6 1810 1183 1.4 12 9 5 10 11% 92920 256990 46626 61%
c -  2.25 147 37 0 2 346 6 2002 996 1.4 12 9 6 21 11% 92689 256990 46626 61%
c i  2.26 147 32 0 2 346 5 2623 1509 1.5 12 8 6 21 11% 92690 256990 46546 61%
c c  3.04 151 34 0 2 346 5 2635 1521 1.5 12 8 6 21 12% 93737 255642 45730 60%
c d  3.04 153 34 0 2 346 5 2635 1495 1.5 12 8 6 21 12% 92116 255324 45728 60%
c b  3.05 153 34 0 2 346 5 2635 1495 1.5 12 8 6 21 12% 92116 255324 45677 60%
c u  3.06 153 34 0 2 346 5 2635 1450 1.5 12 8 6 21 12% 91187 255324 45677 60%
c v  3.07 153 34 0 2 346 5 2635 1428 1.5 12 8 6 21 12% 91187 255324 45677 60%
c w  3.08 153 34 0 2 346 5 2635 1428 1.5 12 8 6 21 12% 91187 255324 45677 60%
c x  3.09 153 34 0 2 346 5 2635 1428 1.5 12 8 6 21 12% 91247 255119 45633 60%
c =  3.12 153 34 0 2 346 5 2635 1428 1.5 12 8 6 21 12% 91255 255119 45629 60%
c d  3.13 153 34 0 2 346 5 2635 1422 1.5 12 8 6 21 12% 90635 255094 45315 59%
c t  3.14 153 34 0 2 346 5 2635 1422 1.5 12 8 6 21 12% 90629 255094 45221 59%
c b  3.14 153 34 0 2 346 5 2635 1422 1.5 12 8 6 21 12% 90629 255094 45048 59%
c f  3.15 153 34 0 2 346 5 2635 1422 1.5 12 8 6 21 12% 90620 255094 45049 59%
c
c seconds   switched  rate       size/glue tier1     binary           remaining
c         MB reductions conflicts      size  tier2       irredundant
c          level restarts   redundant    glue    trail           variables
c
c c  3.94 145 34 0 2 346 5 2635 1422 1.5 12 8 6 21 12% 90227 254390 44610 58%
c d  3.94 147 34 0 2 346 5 2635 1412 1.5 12 8 6 21 12% 89495 254245 44610 58%
c u  3.96 147 34 0 2 346 5 2635 1359 1.5 12 8 6 21 12% 88939 254245 44610 58%
c v  3.97 147 34 0 2 346 5 2635 1321 1.5 12 8 6 21 12% 88939 254245 44610 58%
c w  3.97 147 34 0 2 346 5 2635 1321 1.5 12 8 6 21 12% 88939 254245 44610 58%
c x  3.98 147 34 0 2 346 5 2635 1321 1.5 12 8 6 21 12% 89086 254012 44427 58%
c =  4.02 148 34 0 2 346 5 2635 1321 1.5 12 8 6 21 12% 89090 253935 44370 58%
c d  4.03 148 34 0 2 346 5 2635 1314 1.5 12 8 6 21 12% 88603 253823 44091 58%
c t  4.03 148 34 0 2 346 5 2635 1314 1.5 12 8 6 21 12% 88602 253823 44091 58%
c f  4.04 148 34 0 2 346 5 2635 1314 1.5 12 8 6 21 12% 88488 253823 44099 58%
c i  4.05 148 34 0 2 346 5 2635 1314 1.5 12 8 6 21 12% 88488 253823 44099 58%
c i  4.11 148 36 0 2 441 6 3242 1804 1.5 12 8 4 17 14% 88500 253823 44085 58%
c i  4.11 148 36 0 2 442 6 3243 1804 1.5 12 8 4 17 14% 88500 253823 44079 58%
c -  4.13 148 35 0 3 444 6 3417 1569 1.5 12 8 4 17 13% 87893 253782 44079 58%
c i  4.13 148 34 0 3 444 6 3460 1602 1.5 12 8 4 17 13% 87893 253782 44042 58%
c i  4.16 149 35 0 3 568 6 3805 1892 1.4 12 9 4 17 14% 87897 253782 44039 58%
c i  4.17 149 35 0 3 570 6 3907 1961 1.4 12 9 4 17 14% 87906 253776 44038 58%
c i  4.18 149 34 0 3 572 6 4080 2060 1.4 12 9 4 17 14% 87907 253776 44036 58%
c i  4.18 149 34 0 3 572 6 4196 2121 1.4 12 9 4 17 14% 87907 253776 44035 58%
c i  4.18 149 30 0 3 572 5 4766 2420 1.4 12 8 4 17 12% 87916 253776 43985 58%
c
c seconds   switched  rate       size/glue tier1     binary           remaining
c         MB reductions conflicts      size  tier2       irredundant
c          level restarts   redundant    glue    trail           variables
c
c i  4.19 149 33 0 3 572 5 4803 2452 1.4 12 8 4 17 13% 87918 253776 43984 58%
c -  4.20 149 36 0 4 585 5 5149 1954 1.4 11 8 5 16 13% 87633 253776 43984 58%
c i  4.21 149 35 0 4 585 5 5299 2007 1.4 11 8 5 16 13% 87637 253776 43938 57%
c i  4.21 149 33 0 4 585 5 5555 2108 1.4 11 8 5 16 12% 87644 253776 43875 57%
c i  4.21 149 33 0 4 585 5 5556 2108 1.4 11 8 5 16 12% 87644 253776 43864 57%
c i  4.29 149 33 0 4 921 5 7010 3099 1.3 12 9 5 16 13% 87663 253772 43694 57%
c -  4.29 149 32 0 5 921 5 7150 1858 1.3 12 9 6 17 13% 86823 253772 43694 57%
c i  4.29 149 32 0 5 921 5 7186 1866 1.3 12 9 6 17 13% 86828 253772 43528 57%
c i  4.29 149 32 0 5 921 5 7193 1872 1.3 12 9 6 17 13% 86828 253772 43515 57%
c i  4.29 149 33 0 5 921 5 7230 1894 1.3 12 9 6 17 13% 86836 253771 43486 57%
c i  4.31 149 33 0 5 960 5 7390 2000 1.3 12 9 6 17 13% 86843 253771 43263 57%
c i  4.31 149 33 0 5 960 5 7403 2000 1.3 12 9 6 17 13% 86847 253771 43139 56%
c i  4.31 149 33 0 5 960 5 7412 2000 1.3 12 9 6 17 13% 86851 253771 42984 56%
c }  4.31 149 33 0 5 960 5 7423 2001 1.3 12 9 6 17 13% 86854 253770 42919 56%
c 0  4.31 149 33 0 5 960 5 7423 2001 1.3 12 9 6 17 13% 86854 253770 42919 56%
c
c ---- [ result ] ------------------------------------------------------------
c
s UNSATISFIABLE
c
c ---- [ profiling ] ---------------------------------------------------------
c
c           3.70   85.78 %  probe
c           3.35   77.71 %  congruence
c           1.97   45.62 %  preprocess
c           1.78   41.36 %  simplify
c           0.40    9.29 %  search
c           0.40    9.29 %  focused
c           0.13    3.02 %  parse
c           0.10    2.38 %  sweep
c           0.08    1.78 %  substitute
c           0.08    1.75 %  factor
c           0.08    1.75 %  vivify
c           0.03    0.66 %  lucky
c           0.02    0.41 %  reduce
c           0.01    0.26 %  backbone
c           0.01    0.14 %  transitive
c =============================================
c           4.31  100.00 %  total
c
c ---- [ statistics ] --------------------------------------------------------
c
c chronological:                           36                0 %  conflicts
c conflicts:                             7423             1719.03 per second
c congruent:                             5442                7 %  variables
c decisions:                            37425                5.04 per conflict
c factored:                               140                0 %  variables
c iterations:                              58                0 %  variables
c propagations:                      10030836          2322957    per second
c reductions:                               5             1485    interval
c restarts:                               960                8    interval
c substituted:                           6046                8 %  variables
c switched:                                 0                0    interval
c vivified:                               690               78 %  checks
c
c ---- [ glue usage ] --------------------------------------------------------
c
c focused glue 6    used  804 clauses  7.09% accumulated 56.31% tier1
c focused glue 7    used  591 clauses  5.22% accumulated 61.52%
c focused glue 8-15 used 1715 clauses 15.13% accumulated 76.66%
c focused glue 16   used  198 clauses  1.75% accumulated 78.41%
c focused glue 17   used 1457 clauses 12.86% accumulated 91.26% tier2
c
c ---- [ resources ] ---------------------------------------------------------
c
c maximum-resident-set-size:     173258309632 bytes     165232 MB
c process-time:                             4s               4.31 seconds
c
c ---- [ shutting down ] -----------------------------------------------------
c
c exit 20
real 7.61
kissat_exit=20
