c Solver source commit 8af8e56f174b778aef3aa45af9f739b2a5f492c2
c Solver SHA-256 c86c7ccc2f727e1ef4716fd2fcf69539fbe0e8b1da8d89341fb48d643a3aeb28
c ---- [ banner ] ------------------------------------------------------------
c
c Kissat SAT Solver
c 
c Copyright (c) 2021-2024 Armin Biere University of Freiburg
c Copyright (c) 2019-2021 Armin Biere Johannes Kepler University Linz
c 
c Version 4.0.4 8af8e56f174b778aef3aa45af9f739b2a5f492c2
c Apple clang version 21.0.0 (clang-2100.1.1.101) -W -Wall -O3 -DNDEBUG
c Mon Sep 7 04:00:02 PDT 2026 Darwin 842f5797331b 25.6.0 arm64
c
c ---- [ proving ] -----------------------------------------------------------
c
c opened and writing proof to compressed DRAT file:
c
c   build/orbit-p3-c8-final/p3-c8-t3-p0-z1.drat.xz
c
c ---- [ parsing ] -----------------------------------------------------------
c
c opened and reading DIMACS file:
c
c   build/orbit-p3-c8-final/p3-c8-t3-p0-z1.cnf
c
c parsed 'p cnf 76440 879868' header
c closing input after reading 31089854 bytes (30 MB)
c finished parsing after 0.13 seconds
c
c ---- [ options ] -----------------------------------------------------------
c
c --stable=0                       (different from default '1')
c
c ---- [ solving ] -----------------------------------------------------------
c
c seconds  switched rate     size/glue tier1   binary           remaining
c         MB reductions conflicts size  tier2      irredundant
c          level restarts redundant glue  trail            variables
c
c *  0.13 103 0 0 0  0 0   0   0 0.0 0 0 0 0 0% 118627 708950 51140 67%
c (  0.15 138 0 0 0  0 0   0   0 0.0 0 0 0 0 0% 118627 708950 51140 67%
c .  0.21 145 0 0 0  0 0   0   0 0.0 0 0 0 0 0% 102329 572243 51140 67%
c c  1.89 160 0 0 0  0 0   0   0 0.0 0 0 0 0 0% 103603 264068 47095 62%
c d  1.89 163 0 0 0  0 0   0   0 0.0 0 0 0 0 0% 94986 264067 47093 62%
c =  1.94 165 0 0 0  0 0   0   0 0.0 0 0 0 0 0% 94238 264066 47092 62%
c d  1.94 166 0 0 0  0 0   0   0 0.0 0 0 0 0 0% 94235 264066 47092 62%
c f  1.99 169 0 0 0  0 0   0   0 0.0 0 0 0 0 0% 94115 264012 47221 62%
c )  2.00 165 0 0 0  0 0   0   0 0.0 0 0 0 0 0% 94115 264012 47221 62%
c {  2.00 167 0 0 0  0 0   0   0 0.0 0 0 2 6 0% 94115 264012 47221 62%
c i  2.00 167 124 0 0  2 124   5   0 0.0 1 0 2 6 3% 94115 264012 47219 62%
c i  2.00 167 74 0 0  5 32  29  20 1.4 13 9 2 6 13% 94115 264012 47156 62%
c i  2.01 167 69 0 0  5 30  33  21 1.4 11 8 2 6 13% 94117 264012 47155 62%
c i  2.01 167 53 0 0  5 21  49  31 1.4 10 8 2 6 10% 94120 264012 47124 62%
c i  2.01 167 52 0 0  5 21  50  31 1.4 10 7 2 6 10% 94120 264012 47121 62%
c i  2.01 168 47 0 0  7 18  64  44 1.3 12 9 2 6 10% 94120 264012 47092 62%
c i  2.01 168 49 0 0 13 21  75  52 1.4 14 10 2 6 11% 94121 264012 47090 62%
c i  2.01 168 43 0 0 16 18  93  61 1.4 13 9 7 16 10% 94124 264012 47072 62%
c i  2.01 168 41 0 0 16 17 102  66 1.4 12 9 7 16 9% 94125 264012 47071 62%
c i  2.02 168 35 0 0 32 12 197 147 1.4 13 10 7 16 10% 94137 264012 47044 62%
c
c seconds   switched  rate     size/glue  tier1     binary           remaining
c         MB reductions conflicts    size   tier2       irredundant
c          level restarts  redundant    glue    trail           variables
c
c i  2.03 168 34 0 0 44 12 241 186 1.4 15 10 7 16 10% 94141 264012 47022 62%
c i  2.03 168 33 0 0 48 12 246 189 1.4 15 10 7 16 10% 94142 264012 47021 62%
c i  2.03 168 33 0 0 63 13 276 215 1.4 15 10 7 16 10% 94145 264012 47018 62%
c i  2.03 168 33 0 0 63 13 277 215 1.4 14 10 7 16 10% 94145 264012 46933 61%
c i  2.03 168 33 0 0 63 13 278 213 1.4 14 10 7 16 10% 94145 264012 46932 61%
c i  2.04 168 33 0 0 66 12 301 233 1.4 15 10 7 16 11% 94147 264012 46931 61%
c i  2.04 168 33 0 0 73 12 323 253 1.4 15 11 7 16 11% 94148 264012 46915 61%
c i  2.04 168 33 0 0 79 13 331 260 1.4 15 11 7 16 11% 94148 264012 46914 61%
c i  2.05 168 34 0 0 99 13 404 321 1.4 16 11 3 21 12% 94155 264012 46890 61%
c i  2.05 168 34 0 0 105 13 420 335 1.4 16 11 3 21 12% 94156 264012 46889 61%
c i  2.05 168 34 0 0 108 13 428 341 1.4 16 11 3 21 12% 94157 264012 46887 61%
c i  2.06 168 35 0 0 133 14 494 404 1.4 17 12 3 21 13% 94159 264012 46770 61%
c i  2.06 168 35 0 0 135 14 498 407 1.4 17 12 3 21 13% 94159 264012 46763 61%
c i  2.09 166 43 0 0 150 15 559 457 1.4 17 12 3 21 14% 94160 264012 46753 61%
c i  2.09 166 43 0 0 150 15 560 457 1.4 16 12 3 21 14% 94160 264012 46729 61%
c i  2.11 166 41 0 0 200 14 742 608 1.4 17 12 7 22 15% 94163 264012 46715 61%
c i  2.11 166 41 0 0 200 14 743 608 1.4 17 12 7 22 15% 94163 264012 46714 61%
c i  2.11 166 39 0 0 212 13 829 682 1.4 17 13 9 21 16% 94163 264012 46713 61%
c i  2.13 166 39 0 0 244 12 972 811 1.3 17 13 9 21 17% 94163 264012 46704 61%
c i  2.13 166 39 0 0 248 12 982 819 1.3 17 13 9 21 17% 94163 264012 46701 61%
c
c seconds   switched   rate      size/glue  tier1     binary           remaining
c         MB reductions conflicts      size   tier2       irredundant
c          level restarts    redundant    glue    trail           variables
c
c -  2.13 167 39 0 1 254 12 1001 493 1.3 17 13 9 21 17% 92789 264012 46701 61%
c i  2.17 167 48 0 1 271 11 1341 769 1.4 17 13 9 21 21% 92798 264012 46700 61%
c -  2.20 167 39 0 2 293 8 2002 1005 1.3 17 13 11 17 19% 92795 264012 46700 61%
c c  3.01 148 33 0 2 293 6 2639 1509 1.3 16 12 11 17 18% 94017 262648 45888 60%
c d  3.02 149 33 0 2 293 6 2639 1509 1.3 16 12 11 17 18% 92403 262333 45888 60%
c b  3.02 149 33 0 2 293 6 2639 1509 1.3 16 12 11 17 18% 92403 262333 45706 60%
c u  3.04 149 33 0 2 293 6 2639 1443 1.3 16 12 11 17 18% 91480 262333 45706 60%
c v  3.05 149 33 0 2 293 6 2639 1273 1.3 16 12 11 17 18% 91480 262333 45706 60%
c w  3.06 149 33 0 2 293 6 2639 1272 1.3 16 12 11 17 18% 91480 262333 45706 60%
c x  3.07 149 33 0 2 293 6 2639 1272 1.3 16 12 11 17 18% 91918 261534 45399 59%
c =  3.12 151 33 0 2 293 6 2639 1272 1.3 16 12 11 17 18% 91943 261409 45386 59%
c d  3.13 151 33 0 2 293 6 2639 1265 1.3 16 12 11 17 18% 90551 261370 44697 58%
c t  3.13 151 33 0 2 293 6 2639 1265 1.3 16 12 11 17 18% 90545 261370 44697 58%
c b  3.14 151 33 0 2 293 6 2639 1265 1.3 16 12 11 17 18% 90545 261370 44386 58%
c f  3.15 152 33 0 2 293 6 2639 1265 1.3 16 12 11 17 18% 90325 261370 44401 58%
c c  4.01 109 33 0 2 293 6 2639 1265 1.3 16 12 11 17 18% 88916 260649 43985 58%
c d  4.02 110 33 0 2 293 6 2639 1265 1.3 16 12 11 17 18% 88246 260469 43985 58%
c b  4.03 110 33 0 2 293 6 2639 1265 1.3 16 12 11 17 18% 88246 260469 42878 56%
c u  4.04 110 33 0 2 293 6 2639 1255 1.3 16 12 11 17 18% 87686 260469 42878 56%
c v  4.05 110 33 0 2 293 6 2639 1248 1.3 16 12 11 17 18% 87686 260469 42878 56%
c
c seconds   switched  rate       size/glue  tier1      binary           remaining
c         MB reductions conflicts      size    tier2       irredundant
c          level restarts   redundant     glue     trail           variables
c
c x  4.07 110 33 0 2 293 6 2639 1248 1.3 16 12 11 17 18% 88319 258663 42648 56%
c d  4.13 112 33 0 2 293 6 2639 1248 1.3 16 12 11 17 18% 86930 258526 41924 55%
c t  4.14 112 33 0 2 293 6 2639 1248 1.3 16 12 11 17 18% 86925 258526 41924 55%
c b  4.14 112 33 0 2 293 6 2639 1248 1.3 16 12 11 17 18% 86925 258526 41826 55%
c f  4.15 112 33 0 2 293 6 2639 1248 1.3 16 12 11 17 18% 86783 258526 41857 55%
c i  4.16 112 33 0 2 293 6 2639 1248 1.3 16 12 11 17 18% 86783 258526 41857 55%
c -  4.22 113 36 0 3 327 6 3417 1421 1.3 15 11 9 14 18% 83433 258372 41857 55%
c -  4.26 113 29 0 4 357 4 5149 2110 1.3 14 11 9 13 16% 83433 258372 41857 55%
c -  4.33 113 24 0 5 397 3 7150 2808 1.3 14 11 9 13 15% 83433 258372 41857 55%
c i  4.35 113 26 0 5 399 3 7422 3028 1.3 14 11 9 13 15% 83437 258372 41832 55%
c i  4.35 113 26 0 5 399 3 7423 3028 1.3 14 11 9 13 15% 83437 258372 41829 55%
c c  4.70 119 25 0 5 411 3 8112 3533 1.3 14 11 9 13 15% 83820 258106 41495 54%
c d  4.71 121 25 0 5 411 3 8112 3533 1.3 14 11 9 13 15% 83104 258079 41493 54%
c b  4.71 121 25 0 5 411 3 8112 3533 1.3 14 11 9 13 15% 83104 258079 41419 54%
c u  4.72 122 25 0 5 411 3 8112 3512 1.3 14 11 9 13 15% 82709 258079 41419 54%
c v  4.74 123 25 0 5 411 3 8112 3505 1.3 14 11 9 13 15% 82709 258079 41419 54%
c w  4.74 123 25 0 5 411 3 8112 3505 1.3 14 11 9 13 15% 82709 258079 41419 54%
c x  4.75 123 25 0 5 411 3 8112 3505 1.3 14 11 9 13 15% 82879 257781 41298 54%
c d  4.76 123 25 0 5 411 3 8112 3500 1.3 14 11 9 13 15% 82559 257713 41118 54%
c t  4.76 123 25 0 5 411 3 8112 3500 1.3 14 11 9 13 15% 82553 257713 41091 54%
c
c seconds   switched  rate       size/glue  tier1     binary           remaining
c         MB reductions conflicts      size   tier2       irredundant
c          level restarts   redundant     glue    trail           variables
c
c b  4.77 123 25 0 5 411 3 8112 3500 1.3 14 11 9 13 15% 82553 257713 40965 54%
c f  4.78 124 25 0 5 411 3 8112 3500 1.3 14 11 9 13 15% 82498 257713 40971 54%
c c  4.92 127 25 0 5 411 3 8112 3500 1.3 14 11 9 13 15% 81969 257275 40665 53%
c d  4.93 128 25 0 5 411 3 8112 3499 1.3 14 11 9 13 15% 81481 257123 40665 53%
c b  4.93 128 25 0 5 411 3 8112 3499 1.3 14 11 9 13 15% 81481 257123 40586 53%
c u  4.94 128 25 0 5 411 3 8112 3488 1.3 14 11 9 13 15% 81060 257123 40586 53%
c v  4.95 128 25 0 5 411 3 8112 3064 1.3 14 11 9 13 15% 81060 257123 40586 53%
c w  4.96 128 25 0 5 411 3 8112 3064 1.3 14 11 9 13 15% 81060 257123 40586 53%
c x  4.97 129 25 0 5 411 3 8112 3064 1.3 14 11 9 13 15% 81222 256842 40492 53%
c =  5.02 128 25 0 5 411 3 8112 3064 1.3 14 11 9 13 15% 81313 256819 40446 53%
c d  5.02 128 25 0 5 411 3 8112 3063 1.3 14 11 9 13 15% 80675 256767 40193 53%
c t  5.03 128 25 0 5 411 3 8112 3063 1.3 14 11 9 13 15% 80675 256767 40168 53%
c b  5.03 128 25 0 5 411 3 8112 3063 1.3 14 11 9 13 15% 80675 256767 40116 52%
c f  5.03 128 25 0 5 411 3 8112 3063 1.3 14 11 9 13 15% 80598 256767 40121 52%
c i  5.04 128 25 0 5 411 3 8112 3063 1.3 14 11 9 13 15% 80598 256767 40121 52%
c i  5.04 128 25 0 5 411 3 8122 3071 1.3 14 11 9 13 15% 80599 256767 40115 52%
c -  5.11 129 27 0 6 595 3 9386 3431 1.3 14 11 9 13 15% 79887 256767 40115 52%
c o  5.17 130 29 0 6 748 4 10049 3967 1.3 14 11 9 13 16% 79892 256765 40115 52%
c i  5.22 131 30 0 6 905 4 10771 4608 1.3 14 11 9 13 16% 79894 256765 40093 52%
c i  5.23 131 30 0 6 906 4 10773 4608 1.3 14 11 9 13 16% 79895 256765 40083 52%
c
c seconds   switched  rate        size/glue  tier1     binary           remaining
c         MB reductions conflicts       size   tier2       irredundant
c          level restarts    redundant     glue    trail           variables
c
c -  5.27 132 29 0 7 978 4 11835 4483 1.3 14 11 9 13 16% 79805 256765 40083 52%
c 2  5.29 132 28 0 7 978 4 13190 5301 1.3 14 11 9 13 16% 79805 256765 40062 52%
c s  5.32 132 28 0 7 978 4 13190 5301 1.3 14 11 9 13 16% 79897 256012 40062 52%
c e  5.41 139 28 0 7 978 4 13190 5301 1.3 14 11 9 13 16% 14947 264921 13718 18%
c 2  5.41 139 28 0 7 978 4 13190 5301 1.3 14 11 9 13 16% 14917 264921 13718 18%
c s  5.44 139 28 0 7 978 4 13190 5301 1.3 14 11 9 13 16% 15313 262089 13718 18%
c e  5.45 139 28 0 7 978 4 13190 5301 1.3 14 11 9 13 16% 15000 262335 13543 18%
c ^  5.45 139 28 0 7 978 4 13190 5301 1.3 14 11 9 13 16% 15000 262335 13543 18%
c -  5.52 139 35 0 8 1119 4 14483 2887 1.3 15 11 9 14 17% 14992 262334 13543 18%
c i  5.53 139 37 0 8 1120 4 14807 3158 1.3 15 11 9 14 18% 14994 262334 13534 18%
c i  5.53 139 39 0 8 1120 4 14870 3195 1.3 15 11 9 14 18% 15002 262334 13507 18%
c i  5.53 139 39 0 8 1120 4 14877 3199 1.3 15 11 9 14 18% 15004 262334 13506 18%
c i  5.53 139 39 0 8 1120 4 14931 3236 1.3 15 11 9 14 18% 15010 262334 13483 18%
c i  5.53 139 39 0 8 1120 4 14934 3237 1.3 15 11 9 14 18% 15010 262334 13481 18%
c i  5.53 139 40 0 8 1120 4 14970 3265 1.3 15 11 9 14 18% 15012 262334 13478 18%
c i  5.53 139 40 0 8 1120 4 14987 3276 1.3 15 11 9 14 18% 15012 262334 13470 18%
c i  5.55 139 44 0 8 1167 4 15471 3710 1.3 15 11 9 14 18% 15015 262333 13464 18%
c i  5.56 139 45 0 8 1167 4 15559 3788 1.3 15 11 9 14 19% 15015 262333 13463 18%
c c  5.61 132 46 0 8 1362 4 16593 4604 1.3 15 11 9 14 18% 15082 261842 13392 18%
c d  5.62 138 46 0 8 1362 4 16593 4585 1.3 15 11 9 14 18% 15087 261711 13391 18%
c
c seconds   switched   rate        size/glue  tier1     binary           remaining
c         MB reductions  conflicts       size   tier2       irredundant
c          level  restarts    redundant     glue    trail           variables
c
c d  5.62 138 46 0 8 1362 4 16593 4585 1.3 15 11 9 14 18% 15085 261708 13389 18%
c u  5.64 138 46 0 8 1362 4 16593 4559 1.3 15 11 9 14 18% 14960 261708 13389 18%
c v  5.66 138 46 0 8 1362 4 16593 4228 1.3 15 11 9 14 18% 14960 261708 13389 18%
c w  5.67 138 46 0 8 1362 4 16593 4209 1.3 15 11 9 14 18% 14960 261708 13389 18%
c x  5.69 138 46 0 8 1362 4 16593 4209 1.3 15 11 9 14 18% 14965 261701 13362 17%
c =  5.77 138 46 0 8 1362 4 16593 4209 1.3 15 11 9 14 18% 14965 261588 13353 17%
c t  5.78 138 46 0 8 1362 4 16593 4209 1.3 15 11 9 14 18% 14833 261474 13341 17%
c f  5.80 138 46 0 8 1362 4 16593 4209 1.3 15 11 9 14 18% 14845 260928 13489 18%
c u  5.85 138 46 0 8 1362 4 16593 3736 1.3 15 11 9 14 18% 14761 260854 13489 18%
c v  5.87 138 46 0 8 1362 4 16593 3609 1.3 15 11 9 14 18% 14761 260854 13489 18%
c w  5.88 138 46 0 8 1362 4 16593 3551 1.3 15 11 9 14 18% 14761 260854 13489 18%
c t  5.96 99 46 0 8 1362 4 16593 3551 1.3 15 11 9 14 18% 14731 260854 13489 18%
c f  5.97 99 46 0 8 1362 4 16593 3551 1.3 15 11 9 14 18% 14732 260851 13490 18%
c i  5.98 106 46 0 8 1362 4 16593 3551 1.3 15 11 9 14 18% 14732 260851 13490 18%
c -  6.01 109 45 0 9 1402 4 17312 3445 1.3 15 11 9 14 18% 14732 260851 13490 18%
c o  6.05 111 49 0 9 1419 4 20119 5117 1.3 14 11 9 14 18% 14737 260851 13490 18%
c -  6.07 111 49 0 10 1468 4 20312 4628 1.3 14 11 9 13 18% 14737 260851 13490 18%
c i  6.09 112 49 0 10 1609 4 21041 5192 1.3 14 11 9 13 18% 14744 260851 13481 18%
c -  6.12 112 45 0 11 1649 4 23477 5499 1.3 14 11 8 14 17% 14727 260851 13481 18%
c s  6.17 112 41 0 11 1728 3 26132 7344 1.3 14 11 8 14 16% 14729 259875 13481 18%
c
c seconds   switched    rate        size/glue  tier1     binary           remaining
c         MB  reductions  conflicts       size   tier2       irredundant
c          level   restarts    redundant     glue    trail           variables
c
c e  6.21 117 41 0 11 1728 3 26132 7344 1.3 14 11 8 14 16% 11686 264832 10586 14%
c 2  6.21 117 41 0 11 1728 3 26132 7344 1.3 14 11 8 14 16% 11684 264832 10586 14%
c s  6.22 117 41 0 11 1728 3 26132 7344 1.3 14 11 8 14 16% 11841 264051 10586 14%
c e  6.25 117 41 0 11 1728 3 26132 7344 1.3 14 11 8 14 16% 11734 264118 10527 14%
c ^  6.25 117 41 0 11 1728 3 26132 7344 1.3 14 11 8 14 16% 11734 264118 10527 14%
c -  6.31 117 43 0 12 1778 3 26793 6059 1.3 14 11 8 13 16% 11742 264113 10527 14%
c d  6.36 117 45 0 12 1924 4 28107 7147 1.3 14 11 8 13 17% 11740 264108 10524 14%
c u  6.39 117 45 0 12 1924 4 28107 6806 1.3 14 11 8 13 17% 11731 264108 10524 14%
c v  6.40 117 45 0 12 1924 4 28107 6674 1.3 14 11 8 13 17% 11731 264108 10524 14%
c w  6.41 117 45 0 12 1924 4 28107 6674 1.3 14 11 8 13 17% 11731 264108 10524 14%
c t  6.43 117 45 0 12 1924 4 28107 6674 1.3 14 11 8 13 17% 11652 264108 10524 14%
c f  6.44 117 45 0 12 1924 4 28107 6674 1.3 14 11 8 13 17% 11672 263830 10587 14%
c c  6.47 141 45 0 12 1924 4 28107 6674 1.3 14 11 8 13 17% 11764 263825 10586 14%
c d  6.47 141 45 0 12 1924 4 28107 6674 1.3 14 11 8 13 17% 11762 263825 10586 14%
c u  6.49 143 45 0 12 1924 4 28107 6210 1.3 14 11 8 13 17% 11761 263825 10586 14%
c v  6.51 143 45 0 12 1924 4 28107 6179 1.3 14 11 8 13 17% 11761 263825 10586 14%
c w  6.52 143 45 0 12 1924 4 28107 6177 1.3 14 11 8 13 17% 11761 263825 10586 14%
c t  6.57 151 45 0 12 1924 4 28107 6177 1.3 14 11 8 13 17% 11705 263825 10586 14%
c f  6.58 151 45 0 12 1924 4 28107 6177 1.3 14 11 8 13 17% 11711 263758 10600 14%
c -  6.64 159 43 0 13 2039 4 30257 6261 1.3 14 11 8 13 16% 11711 263758 10600 14%
c
c seconds   switched    rate        size/glue  tier1     binary           remaining
c         MB  reductions  conflicts       size   tier2       irredundant
c          level   restarts    redundant     glue    trail           variables
c
c -  6.73 159 44 0 14 2167 3 33864 7348 1.3 14 11 8 13 16% 11718 263756 10600 14%
c -  6.84 143 43 0 15 2395 4 37605 8483 1.3 14 11 8 13 16% 11726 263754 10600 14%
c o  6.90 143 47 0 15 2397 3 40779 11125 1.4 15 11 8 13 17% 11728 263754 10600 14%
c -  6.94 143 47 0 16 2515 4 41478 9648 1.4 15 11 8 13 17% 11734 263752 10600 14%
c d  6.98 143 48 0 16 2612 4 42932 10871 1.4 15 11 8 13 17% 11729 263748 10595 14%
c u  7.01 143 48 0 16 2612 4 42932 10510 1.4 15 11 8 13 17% 11729 263748 10595 14%
c v  7.03 143 48 0 16 2612 4 42932 10371 1.4 15 11 8 13 17% 11729 263748 10595 14%
c w  7.04 143 48 0 16 2612 4 42932 10352 1.4 15 11 8 13 17% 11729 263748 10595 14%
c t  7.05 143 48 0 16 2612 4 42932 10352 1.4 15 11 8 13 17% 11709 263748 10595 14%
c f  7.07 143 48 0 16 2612 4 42932 10352 1.4 15 11 8 13 17% 11709 263745 10596 14%
c u  7.09 150 48 0 16 2612 4 42932 10332 1.4 15 11 8 13 17% 11709 263745 10596 14%
c v  7.11 151 48 0 16 2612 4 42932 10231 1.4 15 11 8 13 17% 11709 263745 10596 14%
c w  7.12 151 48 0 16 2612 4 42932 10226 1.4 15 11 8 13 17% 11709 263745 10596 14%
c -  7.19 151 47 0 17 2672 3 45478 10098 1.4 15 11 8 13 16% 11714 263744 10596 14%
c -  7.30 151 50 0 18 2874 3 49601 11416 1.4 14 11 8 13 17% 11732 263741 10596 14%
c -  7.42 151 47 0 19 3112 4 53843 12837 1.4 14 11 8 13 16% 11745 263740 10596 14%
c s  7.46 151 47 0 19 3112 4 54181 13075 1.4 14 11 8 13 16% 11783 261211 10596 14%
c e  7.51 152 47 0 19 3112 4 54181 13075 1.4 14 11 8 13 16% 10319 265179 9201 12%
c 2  7.51 152 47 0 19 3112 4 54181 13075 1.4 14 11 8 13 16% 10317 265179 9201 12%
c s  7.54 152 47 0 19 3112 4 54181 13075 1.4 14 11 8 13 16% 10443 262633 9201 12%
c
c seconds   switched    rate         size/glue  tier1     binary          remaining
c         MB  reductions  conflicts        size   tier2       irredundant
c          level   restarts     redundant     glue    trail          variables
c
c e  7.56 152 47 0 19 3112 4 54181 13075 1.4 14 11 8 13 16% 10365 262757 9167 12%
c ^  7.56 152 47 0 19 3112 4 54181 13075 1.4 14 11 8 13 16% 10365 262757 9167 12%
c -  7.70 152 49 0 20 3334 3 58202 13108 1.4 14 11 8 13 16% 10377 262753 9167 12%
c c  7.77 123 47 0 20 3334 3 61173 15775 1.4 14 10 8 13 16% 10433 262719 9159 12%
c d  7.77 127 47 0 20 3334 3 61173 15775 1.4 14 10 8 13 16% 10417 262714 9158 12%
c u  7.81 127 47 0 20 3334 3 61173 15749 1.4 14 10 8 13 16% 10396 262714 9158 12%
c v  7.84 127 47 0 20 3334 3 61173 15198 1.4 14 10 8 13 16% 10396 262714 9158 12%
c w  7.84 127 47 0 20 3334 3 61173 15197 1.4 14 10 8 13 16% 10396 262714 9158 12%
c t  7.94 128 47 0 20 3334 3 61173 15197 1.4 14 10 8 13 16% 10278 262714 9158 12%
c f  7.95 128 47 0 20 3334 3 61173 15197 1.4 14 10 8 13 16% 10544 260512 9363 12%
c b  7.96 136 47 0 20 3334 3 61173 15197 1.4 14 10 8 13 16% 10544 260512 9362 12%
c u  7.98 138 47 0 20 3334 3 61173 15090 1.4 14 10 8 13 16% 10544 260512 9362 12%
c v  8.01 139 47 0 20 3334 3 61173 15056 1.4 14 10 8 13 16% 10544 260512 9362 12%
c w  8.01 139 47 0 20 3334 3 61173 15055 1.4 14 10 8 13 16% 10544 260512 9362 12%
c -  8.08 140 46 0 21 3365 3 62674 15100 1.4 14 10 8 12 16% 10548 260511 9362 12%
c -  8.25 143 49 0 22 3839 3 67259 16987 1.4 14 10 8 13 16% 10557 260509 9362 12%
c -  8.42 143 48 0 23 4197 3 71949 18339 1.4 14 10 8 13 16% 10565 260508 9362 12%
c o  8.42 143 48 0 23 4198 3 72217 18523 1.4 14 10 8 13 16% 10565 260508 9362 12%
c -  8.77 118 48 0 24 4944 4 76745 19599 1.4 15 11 8 13 16% 10577 260505 9362 12%
c -  8.97 125 47 0 25 5345 4 81644 20629 1.3 15 11 8 13 16% 10584 260504 9362 12%
c
c seconds   switched    rate         size/glue  tier1     binary          remaining
c         MB  reductions  conflicts        size   tier2       irredundant
c          level   restarts     redundant     glue    trail          variables
c
c d  9.06 144 47 0 25 5662 4 82935 21745 1.3 15 11 8 13 16% 10572 260492 9354 12%
c b  9.07 144 47 0 25 5662 4 82935 21745 1.3 15 11 8 13 16% 10572 260492 9348 12%
c u  9.11 147 47 0 25 5662 4 82935 21678 1.3 15 11 8 13 16% 10572 260492 9348 12%
c v  9.15 148 47 0 25 5662 4 82935 20976 1.3 15 11 8 13 16% 10572 260492 9348 12%
c w  9.16 148 47 0 25 5662 4 82935 20975 1.3 15 11 8 13 16% 10572 260492 9348 12%
c t  9.18 148 47 0 25 5662 4 82935 20975 1.3 15 11 8 13 16% 10578 260456 9348 12%
c u  9.22 148 47 0 25 5662 4 82935 20937 1.3 15 11 8 13 16% 10578 260456 9348 12%
c v  9.25 149 47 0 25 5662 4 82935 20566 1.3 15 11 8 13 16% 10578 260456 9348 12%
c w  9.28 149 47 0 25 5662 4 82935 20549 1.3 15 11 8 13 16% 10578 260456 9348 12%
c i  9.33 108 47 0 25 5827 4 83556 20956 1.3 15 11 8 13 16% 10579 260455 9339 12%
c -  9.42 109 46 0 26 5897 4 86644 21310 1.3 15 11 8 13 15% 10535 260455 9339 12%
c -  9.51 110 45 0 27 5969 4 91744 23057 1.3 15 11 8 13 15% 10539 260455 9339 12%
c i  9.52 110 45 0 27 5969 4 91756 23063 1.3 15 11 8 13 15% 10540 260455 9330 12%
c -  9.70 117 44 0 28 6241 4 96944 24870 1.3 15 11 8 13 15% 10528 260455 9323 12%
c i  9.76 118 44 0 28 6242 4 98976 26675 1.4 15 11 8 13 15% 10528 260455 9322 12%
c i  9.76 118 44 0 28 6242 4 98978 26676 1.4 15 11 8 13 15% 10528 260455 9321 12%
c s  9.81 118 44 0 28 6253 4 99328 26980 1.4 15 11 8 13 15% 10556 259794 9311 12%
c e  9.85 122 44 0 28 6253 4 99328 26980 1.4 15 11 8 13 15% 9365 264736 8191 11%
c 2  9.85 122 44 0 28 6253 4 99328 26980 1.4 15 11 8 13 15% 9357 264736 8191 11%
c s  9.89 122 44 0 28 6253 4 99328 26980 1.4 15 11 8 13 15% 9478 262478 8191 11%
c
c seconds   switched    rate         size/glue  tier1     binary         remaining
c         MB  reductions  conflicts        size   tier2      irredundant
c          level   restarts     redundant     glue    trail         variables
c
c e  9.92 122 44 0 28 6253 4 99328 26980 1.4 15 11 8 13 15% 9352 262828 8120 11%
c ^  9.92 122 44 0 28 6253 4 99328 26980 1.4 15 11 8 13 15% 9352 262828 8120 11%
c - 10.02 91 43 0 29 6306 4 102235 24556 1.4 15 11 8 13 15% 9381 262790 8120 11%
c - 10.20 94 42 0 30 6587 4 107620 26078 1.4 15 11 8 13 15% 9387 262788 8120 11%
c c 10.24 111 42 0 30 6587 4 108368 26630 1.4 15 11 8 13 15% 9453 262775 8118 11%
c d 10.25 111 42 0 30 6587 4 108368 26629 1.4 15 11 8 13 15% 9444 262768 8115 11%
c b 10.25 111 42 0 30 6587 4 108368 26629 1.4 15 11 8 13 15% 9444 262768 8113 11%
c u 10.30 114 42 0 30 6587 4 108368 26576 1.4 15 11 8 13 15% 9438 262768 8113 11%
c v 10.32 115 42 0 30 6587 4 108368 26537 1.4 15 11 8 13 15% 9438 262768 8113 11%
c w 10.33 115 42 0 30 6587 4 108368 26530 1.4 15 11 8 13 15% 9438 262768 8113 11%
c = 10.43 121 42 0 30 6587 4 108368 26530 1.4 15 11 8 13 15% 9440 262629 8077 11%
c d 10.44 121 42 0 30 6587 4 108368 26530 1.4 15 11 8 13 15% 9461 262534 8077 11%
c t 10.45 121 42 0 30 6587 4 108368 26530 1.4 15 11 8 13 15% 9316 262534 8077 11%
c f 10.49 121 42 0 30 6587 4 108368 26530 1.4 15 11 8 13 15% 9363 262031 8118 11%
c u 10.54 125 42 0 30 6587 4 108368 26499 1.4 15 11 8 13 15% 9364 262031 8118 11%
c v 10.57 126 42 0 30 6587 4 108368 26116 1.4 15 11 8 13 15% 9364 262031 8118 11%
c w 10.57 126 42 0 30 6587 4 108368 26114 1.4 15 11 8 13 15% 9364 262031 8118 11%
c - 10.76 129 41 0 31 6932 4 113097 27241 1.3 15 11 8 13 15% 9309 262030 8118 11%
c o 10.78 129 40 0 31 6942 4 114977 28148 1.3 14 11 8 13 15% 9309 262030 8118 11%
c i 10.84 111 41 0 31 7006 4 116489 29407 1.4 14 11 8 13 15% 9320 262028 8094 11%
c
c seconds   switched    rate          size/glue  tier1     binary         remaining
c         MB  reductions  conflicts         size   tier2      irredundant
c          level   restarts      redundant     glue    trail         variables
c
c - 10.92 112 40 0 32 7135 4 118664 29146 1.4 15 11 8 13 15% 9283 262028 8094 11%
c i 11.02 113 40 0 32 7216 4 122060 31796 1.4 14 11 8 13 15% 9286 262025 8092 11%
c - 11.11 113 41 0 33 7380 4 124323 30965 1.4 14 11 8 13 15% 9280 262025 8089 11%
c i 11.18 117 42 0 33 7455 4 126194 32496 1.4 14 11 8 13 15% 9289 262022 8087 11%
c - 11.28 135 41 0 34 7600 4 130067 32488 1.4 14 11 8 13 15% 9284 262022 8083 11%
c - 11.49 138 40 0 35 7934 4 135897 34819 1.4 15 11 8 13 15% 9287 262020 8083 11%
c d 11.55 141 40 0 35 8020 4 137549 36218 1.4 15 11 8 13 15% 9312 261738 8075 11%
c b 11.56 141 40 0 35 8020 4 137549 36218 1.4 15 11 8 13 15% 9312 261738 8058 11%
c u 11.60 143 40 0 35 8020 4 137549 36146 1.4 15 11 8 13 15% 9312 261738 8058 11%
c v 11.63 144 40 0 35 8020 4 137549 35450 1.4 15 11 8 13 15% 9312 261738 8058 11%
c w 11.65 144 40 0 35 8020 4 137549 35387 1.4 15 11 8 13 15% 9312 261738 8058 11%
c = 11.78 113 40 0 35 8020 4 137549 35387 1.4 15 11 8 13 15% 9312 261647 8050 11%
c t 11.79 113 40 0 35 8020 4 137549 35387 1.4 15 11 8 13 15% 9340 261602 8049 11%
c f 11.80 113 40 0 35 8020 4 137549 35387 1.4 15 11 8 13 15% 9341 261592 8050 11%
c b 11.81 122 40 0 35 8020 4 137549 35387 1.4 15 11 8 13 15% 9345 261584 8049 11%
c u 11.86 126 40 0 35 8020 4 137549 35291 1.4 15 11 8 13 15% 9347 261584 8049 11%
c v 11.89 127 40 0 35 8020 4 137549 34974 1.4 15 11 8 13 15% 9347 261584 8049 11%
c w 11.91 127 40 0 35 8020 4 137549 34972 1.4 15 11 8 13 15% 9347 261584 8049 11%
c t 12.07 132 40 0 35 8020 4 137549 34972 1.4 15 11 8 13 15% 9348 261575 8048 11%
c - 12.20 138 39 0 36 8118 4 141813 36160 1.4 15 11 8 12 15% 9261 261575 8048 11%
c
c seconds   switched    rate          size/glue  tier1     binary         remaining
c         MB  reductions  conflicts         size   tier2      irredundant
c          level   restarts      redundant     glue    trail         variables
c
c - 12.37 137 39 0 37 8312 4 147816 38052 1.4 14 11 8 12 14% 9277 261574 8048 11%
c i 12.37 137 39 0 37 8312 4 147992 38166 1.4 14 11 8 12 14% 9289 261574 8032 11%
c - 12.69 122 38 0 38 9105 4 153899 39401 1.3 14 11 8 12 14% 9260 261572 8032 11%
c i 12.77 126 38 0 38 9378 4 156923 41676 1.3 14 11 8 12 14% 9264 261572 8031 11%
c i 12.77 126 38 0 38 9378 4 156958 41692 1.3 14 11 8 12 14% 9272 261572 8021 10%
c - 12.85 130 37 0 39 9618 4 160064 40616 1.3 14 11 8 12 14% 9247 261572 8021 10%
c s 12.95 130 36 0 39 9637 4 163466 42645 1.3 14 11 8 12 14% 9286 260534 8008 10%
c e 13.00 135 36 0 39 9637 4 163466 42645 1.3 14 11 8 12 14% 8305 265615 7206 9%
c 2 13.00 135 36 0 39 9637 4 163466 42645 1.3 14 11 8 12 14% 8296 265615 7206 9%
c s 13.05 135 36 0 39 9637 4 163466 42645 1.3 14 11 8 12 14% 8429 263104 7205 9%
c e 13.07 135 36 0 39 9637 4 163466 42645 1.3 14 11 8 12 14% 8322 263620 7134 9%
c ^ 13.07 135 36 0 39 9637 4 163466 42645 1.3 14 11 8 12 14% 8322 263620 7134 9%
c - 13.15 138 36 0 40 9666 4 166308 38000 1.3 14 11 8 12 14% 8300 263599 7134 9%
c b 13.22 138 35 0 40 9666 3 170577 41227 1.4 14 10 8 12 14% 8300 263599 7133 9%
c u 13.25 139 35 0 40 9666 3 170577 41127 1.4 14 10 8 12 14% 8287 263599 7133 9%
c v 13.27 139 35 0 40 9666 3 170577 40650 1.4 14 10 8 12 14% 8287 263599 7133 9%
c w 13.29 139 35 0 40 9666 3 170577 40600 1.4 14 10 8 12 14% 8287 263599 7133 9%
c x 13.32 143 35 0 40 9666 3 170577 40589 1.4 14 10 8 12 14% 8288 263436 7133 9%
c t 13.34 143 35 0 40 9666 3 170577 40589 1.4 14 10 8 12 14% 8179 263436 7133 9%
c f 13.37 143 35 0 40 9666 3 170577 40589 1.4 14 10 8 12 14% 8187 263160 7147 9%
c
c seconds   switched    rate          size/glue  tier1     binary        remaining
c         MB  reductions  conflicts         size   tier2      irredundant
c          level   restarts      redundant     glue    trail         variables
c
c b 13.41 161 35 0 40 9666 3 170577 40589 1.4 14 10 8 12 14% 8230 263160 7145 9%
c u 13.44 165 35 0 40 9666 3 170577 38998 1.4 14 10 8 12 14% 8230 263160 7145 9%
c v 13.48 165 35 0 40 9666 3 170577 38622 1.4 14 10 8 12 14% 8230 263160 7145 9%
c w 13.48 165 35 0 40 9666 3 170577 38622 1.4 14 10 8 12 14% 8230 263160 7145 9%
c = 13.63 129 35 0 40 9666 3 170577 38622 1.4 14 10 8 12 14% 8244 263107 7137 9%
c d 13.63 129 35 0 40 9666 3 170577 38621 1.4 14 10 8 12 14% 8231 263102 7137 9%
c t 13.65 129 35 0 40 9666 3 170577 38621 1.4 14 10 8 12 14% 8215 263102 7137 9%
c f 13.66 129 35 0 40 9666 3 170577 38621 1.4 14 10 8 12 14% 8215 263085 7138 9%
c o 13.66 138 35 0 40 9666 3 170577 38621 1.4 14 10 8 12 14% 8215 263085 7138 9%
c - 13.72 142 35 0 41 9883 3 172634 38554 1.4 14 11 8 12 14% 8206 263085 7138 9%
c - 13.89 146 35 0 42 10084 3 179037 40787 1.4 14 10 8 12 14% 8210 263084 7138 9%
c - 14.08 148 35 0 43 10467 3 185517 42363 1.4 14 11 8 12 14% 8217 263082 7138 9%
c - 14.23 149 34 0 44 10737 3 192075 43653 1.3 14 10 8 12 13% 8221 263080 7138 9%
c - 14.29 149 33 0 45 10897 3 198710 45518 1.3 14 10 8 12 13% 8221 263080 7138 9%
c - 14.42 149 32 0 46 11287 3 205419 47120 1.3 14 10 8 12 13% 8224 263080 7138 9%
c d 14.44 119 32 0 46 11363 3 207562 48438 1.3 14 10 8 12 13% 8222 263077 7137 9%
c u 14.49 119 32 0 46 11363 3 207562 48242 1.3 14 10 8 12 13% 8222 263077 7137 9%
c v 14.51 120 32 0 46 11363 3 207562 47895 1.3 14 10 8 12 13% 8222 263077 7137 9%
c w 14.52 120 32 0 46 11363 3 207562 47849 1.3 14 10 8 12 13% 8222 263077 7137 9%
c = 14.65 123 32 0 46 11363 3 207562 47849 1.3 14 10 8 12 13% 8324 262945 7089 9%
c
c seconds   switched     rate          size/glue  tier1     binary        remaining
c         MB  reductions   conflicts         size   tier2      irredundant
c          level   restarts       redundant     glue    trail         variables
c
c d 14.65 123 32 0 46 11363 3 207562 47841 1.3 14 10 8 12 13% 8206 262945 7089 9%
c t 14.66 123 32 0 46 11363 3 207562 47841 1.3 14 10 8 12 13% 8157 262945 7089 9%
c u 14.71 123 32 0 46 11363 3 207562 46370 1.3 14 10 8 12 13% 8157 262945 7089 9%
c v 14.72 123 32 0 46 11363 3 207562 46346 1.3 14 10 8 12 13% 8157 262945 7089 9%
c w 14.74 123 32 0 46 11363 3 207562 46330 1.3 14 10 8 12 13% 8157 262945 7089 9%
c x 14.78 130 32 0 46 11363 3 207562 46325 1.3 14 10 8 12 13% 8157 262846 7089 9%
c = 14.91 130 32 0 46 11363 3 207562 46325 1.3 14 10 8 12 13% 8272 262700 7037 9%
c d 14.92 130 32 0 46 11363 3 207562 46318 1.3 14 10 8 12 13% 8147 262700 7037 9%
c t 14.93 130 32 0 46 11363 3 207562 46318 1.3 14 10 8 12 13% 8083 262700 7037 9%
c - 15.14 148 33 0 47 11818 3 212201 39470 1.3 14 10 7 12 13% 8088 262700 7037 9%
c i 15.28 161 33 0 47 12162 3 217793 42685 1.3 14 10 7 12 13% 8095 262699 7036 9%
c i 15.32 164 33 0 47 12336 3 218642 43318 1.3 14 11 7 12 13% 8099 262696 7035 9%
c i 15.32 165 33 0 47 12338 3 218665 43329 1.3 14 11 7 12 13% 8103 262696 7034 9%
c - 15.36 142 33 0 48 12399 3 219056 37881 1.3 14 11 7 12 13% 8091 262696 7034 9%
c i 15.45 142 33 0 48 12779 3 221190 39555 1.3 14 11 7 12 13% 8091 262696 7029 9%
c - 15.57 160 33 0 49 13177 3 225984 38747 1.3 14 11 8 12 13% 8075 262696 7029 9%
c o 15.74 176 33 0 49 13413 3 232200 43324 1.3 14 11 8 12 13% 8077 262694 7029 9%
c - 15.78 178 33 0 50 13550 3 232985 40053 1.3 14 11 8 12 13% 8078 262694 7029 9%
c - 15.90 178 32 0 51 13745 3 240058 39914 1.3 14 11 7 12 13% 8079 262694 7029 9%
c - 15.98 179 31 0 52 13932 3 247199 39659 1.3 14 11 7 12 13% 8080 262693 7029 9%
c
c seconds   switched     rate          size/glue  tier1     binary        remaining
c         MB  reductions   conflicts         size   tier2      irredundant
c          level   restarts       redundant     glue    trail         variables
c
c s 16.06 179 31 0 52 14001 3 248355 40352 1.3 14 11 7 12 13% 8133 261006 7029 9%
c e 16.13 198 31 0 52 14001 3 248355 40352 1.3 14 11 7 12 13% 6961 272992 6093 8%
c 2 16.13 198 31 0 52 14001 3 248355 40352 1.3 14 11 7 12 13% 6943 272992 6093 8%
c s 16.20 199 31 0 52 14001 3 248355 40352 1.3 14 11 7 12 13% 7013 268422 6093 8%
c e 16.23 159 31 0 52 14001 3 248355 40352 1.3 14 11 7 12 13% 6903 269557 6017 8%
c ! 16.23 159 31 0 52 14001 3 248355 40352 1.3 14 11 7 12 13% 6903 269557 6017 8%
c u 16.31 160 31 0 52 14008 3 248548 35480 1.3 14 11 7 12 13% 6916 269533 6017 8%
c v 16.32 160 31 0 52 14008 3 248548 35300 1.3 14 11 7 12 13% 6916 269533 6017 8%
c w 16.34 160 31 0 52 14008 3 248548 35262 1.3 14 11 7 12 13% 6916 269533 6017 8%
c = 16.51 179 31 0 52 14008 3 248548 35262 1.3 14 11 7 12 13% 6986 269409 5985 8%
c d 16.51 179 31 0 52 14008 3 248548 35260 1.3 14 11 7 12 13% 6910 269409 5985 8%
c t 16.52 179 31 0 52 14008 3 248548 35260 1.3 14 11 7 12 13% 6830 269409 5985 8%
c f 16.57 179 31 0 52 14008 3 248548 35260 1.3 14 11 7 12 13% 6954 266694 6105 8%
c u 16.64 184 31 0 52 14008 3 248548 34651 1.3 14 11 7 12 13% 6954 266694 6105 8%
c v 16.66 184 31 0 52 14008 3 248548 34607 1.3 14 11 7 12 13% 6954 266694 6105 8%
c w 16.67 184 31 0 52 14008 3 248548 34592 1.3 14 11 7 12 13% 6954 266694 6105 8%
c x 16.71 187 31 0 52 14008 3 248548 34575 1.3 14 11 7 12 13% 6954 266603 6105 8%
c = 16.87 187 31 0 52 14008 3 248548 34575 1.3 14 11 7 12 13% 7008 266513 6078 8%
c d 16.87 187 31 0 52 14008 3 248548 34570 1.3 14 11 7 12 13% 6947 266513 6078 8%
c t 16.88 187 31 0 52 14008 3 248548 34570 1.3 14 11 7 12 13% 6919 266513 6078 8%
c
c seconds   switched     rate          size/glue  tier1     binary        remaining
c         MB  reductions   conflicts         size   tier2      irredundant
c          level   restarts       redundant     glue    trail         variables
c
c - 17.03 187 31 0 53 14280 3 254414 35371 1.3 14 11 7 12 13% 6916 266513 6078 8%
c - 17.20 156 30 0 54 14865 3 261694 36348 1.3 14 11 7 12 13% 6919 266512 6078 8%
c - 17.48 161 31 0 55 15590 3 269043 37584 1.3 14 11 7 13 13% 6925 266510 6078 8%
c - 17.61 166 30 0 56 15911 3 276460 38796 1.3 14 11 7 12 13% 6927 266510 6078 8%
c - 17.95 175 32 0 57 16839 3 283943 39824 1.3 14 11 7 13 13% 6931 266509 6078 8%
c - 18.25 125 32 0 58 17492 4 291492 40617 1.3 14 11 7 13 13% 6938 266509 6078 8%
c u 18.39 130 32 0 58 17718 4 293672 41758 1.3 15 11 7 13 13% 6941 266509 6078 8%
c v 18.41 130 32 0 58 17718 4 293672 41158 1.3 15 11 7 13 13% 6941 266509 6078 8%
c w 18.45 130 32 0 58 17718 4 293672 40961 1.3 15 11 7 13 13% 6941 266509 6078 8%
c x 18.49 137 32 0 58 17718 4 293672 40961 1.3 15 11 7 13 13% 6941 266473 6078 8%
c t 18.70 157 32 0 58 17718 4 293672 40961 1.3 15 11 7 13 13% 6933 266473 6078 8%
c - 18.83 153 32 0 59 17914 4 299109 40407 1.3 14 11 7 13 13% 6933 266473 6078 8%
c o 18.88 154 32 0 59 18008 3 303195 42528 1.3 14 11 7 13 13% 6933 266473 6078 8%
c - 18.98 155 32 0 60 18217 3 306790 41008 1.3 14 11 7 13 13% 6938 266472 6078 8%
c - 19.17 113 31 0 61 18893 3 314537 41884 1.3 15 11 7 13 13% 6939 266472 6078 8%
c - 19.34 110 31 0 62 19036 3 322348 43449 1.3 14 11 7 13 12% 6939 266472 6078 8%
c - 19.56 113 30 0 63 19522 3 330222 44179 1.3 14 11 7 13 12% 6942 266472 6078 8%
c i 19.66 108 31 0 63 19753 3 332787 46176 1.3 14 11 7 13 12% 6951 266472 6054 8%
c - 19.79 112 30 0 64 19845 3 338160 45973 1.3 14 11 7 13 12% 6908 266471 6054 8%
c b 19.93 119 30 0 64 20020 3 342960 49113 1.3 14 11 7 13 12% 6992 266268 6037 8%
c
c seconds   switched     rate          size/glue  tier1     binary        remaining
c         MB  reductions   conflicts         size   tier2      irredundant
c          level   restarts       redundant     glue    trail         variables
c
c u 19.97 119 30 0 64 20020 3 342960 48879 1.3 14 11 7 13 12% 6992 266268 6037 8%
c v 20.00 119 30 0 64 20020 3 342960 47980 1.3 14 11 7 13 12% 6992 266268 6037 8%
c w 20.02 119 30 0 64 20020 3 342960 47973 1.3 14 11 7 13 12% 6992 266268 6037 8%
c x 20.05 122 30 0 64 20020 3 342960 47968 1.3 14 11 7 13 12% 7007 266026 6037 8%
c t 20.06 122 30 0 64 20020 3 342960 47968 1.3 14 11 7 13 12% 6979 266026 6037 8%
c u 20.13 122 30 0 64 20020 3 342960 47869 1.3 14 11 7 13 12% 6979 266026 6037 8%
c v 20.16 122 30 0 64 20020 3 342960 47731 1.3 14 11 7 13 12% 6979 266026 6037 8%
c w 20.18 122 30 0 64 20020 3 342960 47652 1.3 14 11 7 13 12% 6979 266026 6037 8%
c x 20.21 84 30 0 64 20020 3 342960 47649 1.3 14 11 7 13 12% 6979 265856 6037 8%
c - 20.48 98 30 0 65 20141 3 346162 46352 1.3 14 11 7 13 12% 6947 265856 6037 8%
c - 20.56 98 29 0 66 20262 3 354226 47873 1.3 14 11 7 13 12% 6947 265856 6037 8%
c s 20.64 98 28 0 66 20262 3 355722 48812 1.3 14 11 7 13 12% 6965 262861 6037 8%
c e 20.67 104 28 0 66 20262 3 355722 48812 1.3 14 11 7 13 12% 6792 264365 5925 8%
c 2 20.67 104 28 0 66 20262 3 355722 48812 1.3 14 11 7 13 12% 6791 264365 5925 8%
c s 20.74 104 28 0 66 20262 3 355722 48812 1.3 14 11 7 13 12% 6825 263517 5925 8%
c e 20.76 104 28 0 66 20262 3 355722 48812 1.3 14 11 7 13 12% 6797 263695 5914 8%
c i 20.82 100 29 0 66 20450 3 356892 49197 1.3 14 11 7 13 12% 6802 263695 5913 8%
c - 21.01 97 29 0 67 20897 3 362350 48774 1.3 14 11 7 13 12% 6795 263686 5911 8%
c - 21.14 101 28 0 68 21077 3 370535 51159 1.4 15 11 7 13 12% 6796 263686 5911 8%
c - 21.24 101 27 0 69 21105 3 378782 53633 1.4 15 11 7 13 12% 6796 263686 5911 8%
c
c seconds   switched     rate          size/glue  tier1     binary        remaining
c         MB  reductions   conflicts         size   tier2      irredundant
c          level   restarts       redundant     glue    trail         variables
c
c o 21.36 101 26 0 69 21129 3 387003 60559 1.4 15 10 7 13 12% 6796 263686 5911 8%
c i 21.37 102 26 0 69 21139 3 387065 60605 1.4 15 10 7 13 12% 6797 263686 5907 8%
c - 21.38 102 26 0 70 21140 3 387088 56031 1.4 15 10 7 13 12% 6774 263686 5907 8%
c - 21.55 104 26 0 71 21738 3 395456 56546 1.4 15 11 7 13 12% 6780 263685 5907 8%
c u 21.60 104 26 0 71 21738 3 396481 56961 1.4 15 11 7 13 12% 6804 263623 5907 8%
c v 21.61 104 26 0 71 21738 3 396481 56923 1.4 15 11 7 13 12% 6804 263623 5907 8%
c w 21.62 104 26 0 71 21738 3 396481 56923 1.4 15 11 7 13 12% 6804 263623 5907 8%
c x 21.67 104 26 0 71 21738 3 396481 56889 1.4 15 11 7 13 12% 6804 263564 5907 8%
c t 21.68 104 26 0 71 21738 3 396481 56889 1.4 15 11 7 13 12% 6776 263564 5907 8%
c f 21.71 104 26 0 71 21738 3 396481 56889 1.4 15 11 7 13 12% 6806 263039 5930 8%
c u 21.76 109 26 0 71 21738 3 396481 56816 1.4 15 11 7 13 12% 6806 263039 5930 8%
c v 21.77 109 26 0 71 21738 3 396481 56805 1.4 15 11 7 13 12% 6806 263039 5930 8%
c w 21.78 109 26 0 71 21738 3 396481 56805 1.4 15 11 7 13 12% 6806 263039 5930 8%
c x 21.82 109 26 0 71 21738 3 396481 56805 1.4 15 11 7 13 12% 6806 262976 5930 8%
c - 22.05 109 26 0 72 22075 3 403882 57324 1.4 15 10 7 13 12% 6813 262976 5930 8%
c - 22.23 96 26 0 73 22533 3 412367 57774 1.4 14 10 7 13 12% 6813 262976 5930 8%
c - 22.50 101 27 0 74 23092 3 420912 59042 1.4 14 10 7 13 12% 6822 262976 5930 8%
c - 22.74 104 27 0 75 23611 3 429514 59374 1.4 14 10 7 13 12% 6832 262975 5930 8%
c i 22.98 104 29 0 75 24283 3 435412 63860 1.4 14 11 7 13 12% 6837 262975 5928 8%
c - 23.10 101 29 0 76 24449 3 438174 59435 1.4 14 11 7 13 12% 6831 262975 5928 8%
c
c seconds  switched     rate          size/glue  tier1     binary        remaining
c        MB  reductions   conflicts         size   tier2      irredundant
c         level   restarts       redundant     glue    trail         variables
c
c - 23.39 86 29 0 77 25250 3 446891 59538 1.3 14 11 7 13 12% 6840 262975 5928 8%
c d 23.63 89 29 0 77 25608 3 454251 65099 1.3 14 11 7 13 12% 6844 262941 5927 8%
c b 23.64 89 29 0 77 25608 3 454251 65099 1.3 14 11 7 13 12% 6844 262941 5926 8%
c u 23.70 91 29 0 77 25608 3 454251 64973 1.3 14 11 7 13 12% 6844 262941 5926 8%
c v 23.74 91 29 0 77 25608 3 454251 62118 1.3 14 11 7 13 12% 6844 262941 5926 8%
c w 23.78 91 29 0 77 25608 3 454251 61874 1.3 14 11 7 13 12% 6844 262941 5926 8%
c x 23.84 94 29 0 77 25608 3 454251 61873 1.3 14 11 7 13 12% 6848 262905 5926 8%
c t 23.90 97 29 0 77 25608 3 454251 61873 1.3 14 11 7 13 12% 6844 262905 5926 8%
c u 23.98 97 29 0 77 25608 3 454251 61770 1.3 14 11 7 13 12% 6844 262905 5926 8%
c v 24.03 97 29 0 77 25608 3 454251 61652 1.3 14 11 7 13 12% 6844 262905 5926 8%
c w 24.05 97 29 0 77 25608 3 454251 61552 1.3 14 11 7 13 12% 6844 262905 5926 8%
c x 24.09 97 29 0 77 25608 3 454251 61552 1.3 14 11 7 13 12% 6844 262891 5926 8%
c - 24.19 112 29 0 78 25641 3 455665 58924 1.3 14 11 7 13 12% 6840 262891 5926 8%
c - 24.50 118 30 0 79 26006 3 464497 60936 1.4 14 11 7 13 12% 6843 262889 5926 8%
c - 24.68 122 29 0 80 26417 3 473385 62155 1.4 14 11 7 13 12% 6843 262889 5926 8%
c o 24.79 123 28 0 80 26457 3 477106 64745 1.4 14 11 7 13 12% 6843 262889 5926 8%
c - 24.92 125 28 0 81 26899 3 482330 63483 1.3 14 11 7 13 12% 6845 262889 5926 8%
c s 25.19 146 28 0 81 27473 3 486836 66637 1.3 14 11 7 13 12% 6872 262293 5926 8%
c e 25.21 151 28 0 81 27473 3 486836 66637 1.3 14 11 7 13 12% 6805 262756 5889 8%
c 2 25.21 151 28 0 81 27473 3 486836 66637 1.3 14 11 7 13 12% 6801 262756 5889 8%
c
c seconds   switched     rate          size/glue  tier1     binary        remaining
c         MB  reductions   conflicts         size   tier2      irredundant
c          level   restarts       redundant     glue    trail         variables
c
c s 25.33 116 28 0 81 27473 3 486836 66637 1.3 14 11 7 13 12% 6811 262465 5889 8%
c e 25.34 116 28 0 81 27473 3 486836 66637 1.3 14 11 7 13 12% 6807 262525 5885 8%
c - 25.61 126 29 0 82 27968 3 491331 63550 1.3 15 11 7 13 12% 6808 262525 5885 8%
c - 25.91 134 29 0 83 28363 3 500386 64038 1.3 15 11 7 13 12% 6811 262524 5885 8%
c - 26.17 113 29 0 84 28737 3 509496 64873 1.3 15 11 7 13 12% 6819 262522 5885 8%
c d 26.41 119 30 0 84 29034 3 516387 70448 1.4 15 11 7 13 12% 6823 262521 5884 8%
c u 26.47 121 30 0 84 29034 3 516387 70325 1.4 15 11 7 13 12% 6822 262521 5884 8%
c v 26.53 121 30 0 84 29034 3 516387 69990 1.4 15 11 7 13 12% 6822 262521 5884 8%
c w 26.55 121 30 0 84 29034 3 516387 69928 1.4 15 11 7 13 12% 6822 262521 5884 8%
c x 26.59 122 30 0 84 29034 3 516387 69920 1.4 15 11 7 13 12% 6822 262263 5884 8%
c t 26.60 122 30 0 84 29034 3 516387 69920 1.4 15 11 7 13 12% 6796 262263 5884 8%
c f 26.63 122 30 0 84 29034 3 516387 69920 1.4 15 11 7 13 12% 6804 262162 5889 8%
c u 26.74 146 30 0 84 29034 3 516387 69848 1.4 15 11 7 13 12% 6810 262162 5889 8%
c v 26.79 147 30 0 84 29034 3 516387 69398 1.4 15 11 7 13 12% 6810 262162 5889 8%
c w 26.82 147 30 0 84 29034 3 516387 68737 1.4 15 11 7 13 12% 6810 262162 5889 8%
c x 26.86 149 30 0 84 29034 3 516387 68734 1.4 15 11 7 13 12% 6810 262065 5889 8%
c t 26.87 149 30 0 84 29034 3 516387 68734 1.4 15 11 7 13 12% 6808 262065 5889 8%
c - 26.95 154 30 0 85 29177 3 518665 65309 1.3 15 11 7 13 12% 6808 262065 5889 8%
c - 27.19 130 30 0 86 29854 3 527885 66707 1.3 15 11 7 13 12% 6811 262065 5889 8%
c - 27.46 133 31 0 87 30035 3 537159 66872 1.3 15 11 7 13 12% 6816 262064 5889 8%
c
c seconds   switched     rate          size/glue  tier1     binary        remaining
c         MB  reductions   conflicts         size   tier2      irredundant
c          level   restarts       redundant     glue    trail         variables
c
c - 27.77 139 30 0 88 30720 3 546486 67703 1.3 15 11 7 13 12% 6819 262064 5889 8%
c - 28.10 117 30 0 89 31499 3 555866 68054 1.3 15 11 7 13 12% 6827 262063 5889 8%
c - 28.42 122 30 0 90 31834 3 565299 68918 1.3 15 11 7 13 12% 6828 262063 5889 8%
c - 28.66 127 30 0 91 31928 3 574786 70630 1.4 15 11 7 13 12% 6829 262063 5889 8%
c o 28.80 129 29 0 91 32168 3 579259 74049 1.4 15 11 7 13 12% 6829 262063 5889 8%
c d 28.94 105 29 0 91 32722 3 582927 76648 1.4 15 11 7 13 12% 6830 262061 5888 8%
c u 29.01 107 29 0 91 32722 3 582927 76587 1.4 15 11 7 13 12% 6831 262061 5888 8%
c v 29.05 108 29 0 91 32722 3 582927 74379 1.4 15 11 7 13 12% 6831 262061 5888 8%
c w 29.07 109 29 0 91 32722 3 582927 73563 1.4 15 11 7 13 12% 6831 262061 5888 8%
c x 29.12 112 29 0 91 32722 3 582927 73532 1.4 15 11 7 13 12% 6831 261981 5888 8%
c = 29.42 117 29 0 91 32722 3 582927 73532 1.4 15 11 7 13 12% 6833 261979 5887 8%
c d 29.43 117 29 0 91 32722 3 582927 73532 1.4 15 11 7 13 12% 6831 261979 5887 8%
c t 29.44 117 29 0 91 32722 3 582927 73532 1.4 15 11 7 13 12% 6818 261979 5887 8%
c u 29.54 117 29 0 91 32722 3 582927 73469 1.4 15 11 7 13 12% 6818 261979 5887 8%
c v 29.59 117 29 0 91 32722 3 582927 73389 1.4 15 11 7 13 12% 6818 261979 5887 8%
c w 29.61 117 29 0 91 32722 3 582927 72866 1.4 15 11 7 13 12% 6818 261979 5887 8%
c x 29.65 117 29 0 91 32722 3 582927 72866 1.4 15 11 7 13 12% 6818 261914 5887 8%
c - 29.73 103 30 0 92 32783 3 584326 70283 1.4 15 11 7 13 12% 6819 261914 5887 8%
c - 30.09 113 30 0 93 33552 3 593919 70827 1.3 15 11 7 13 12% 6823 261914 5887 8%
c - 30.41 121 31 0 94 33938 3 603563 71499 1.3 15 11 7 13 12% 6830 261913 5887 8%
c
c seconds   switched     rate          size/glue  tier1     binary        remaining
c         MB  reductions   conflicts         size   tier2      irredundant
c          level   restarts       redundant     glue    trail         variables
c
c i 30.45 122 31 0 94 33950 3 605087 72447 1.3 15 11 7 13 12% 6830 261913 5884 8%
c - 30.72 110 31 0 95 34047 3 613258 71787 1.4 15 11 7 13 12% 6811 261913 5884 8%
c i 30.88 111 30 0 95 34071 3 619497 76025 1.4 15 11 7 13 12% 6817 261913 5881 8%
c - 30.95 112 30 0 96 34079 3 623005 63922 1.4 15 11 7 13 12% 6805 261913 5881 8%
c i 30.99 111 29 0 96 34079 3 625499 65200 1.4 15 11 7 13 12% 6813 261913 5879 8%
c i 31.05 117 29 0 96 34144 3 627141 66345 1.4 15 11 7 13 12% 6817 261913 5878 8%
c i 31.21 117 29 0 96 34144 3 632612 70917 1.4 15 10 7 13 12% 6825 261913 5862 8%
c i 31.22 118 29 0 96 34154 3 632706 70985 1.4 15 10 7 13 12% 6828 261913 5854 8%
c i 31.22 118 29 0 96 34154 3 632710 70985 1.4 15 10 7 13 12% 6830 261913 5849 8%
c } 31.22 118 29 0 96 34154 3 632715 70985 1.4 15 10 7 13 12% 6831 261913 5823 8%
c 0 31.22 118 29 0 96 34154 3 632715 70985 1.4 15 10 7 13 12% 6831 261913 5823 8%
c
c ---- [ result ] ------------------------------------------------------------
c
s UNSATISFIABLE
c
c ---- [ profiling ] ---------------------------------------------------------
c
c          18.44   59.05 %  search
c          18.44   59.05 %  focused
c          11.16   35.75 %  probe
c          10.79   34.54 %  simplify
c           3.99   12.79 %  congruence
c           3.33   10.65 %  vivify
c           2.32    7.43 %  sweep
c           1.84    5.90 %  preprocess
c           1.41    4.52 %  eliminate
c           0.84    2.70 %  subsume
c           0.74    2.38 %  substitute
c           0.65    2.07 %  factor
c           0.59    1.89 %  reduce
c           0.13    0.41 %  parse
c           0.08    0.26 %  transitive
c           0.05    0.17 %  backbone
c           0.03    0.09 %  lucky
c =============================================
c          31.23  100.00 %  total
c
c ---- [ statistics ] --------------------------------------------------------
c
c chronological:                         1212                0 %  conflicts
c conflicts:                           632715            20259.57 per second
c congruent:                             5952                8 %  variables
c decisions:                          1911168                3.02 per conflict
c eliminated:                           34103               45 %  variables
c factored:                               823                1 %  variables
c iterations:                              74                0 %  variables
c propagations:                     126379339          4046674    per second
c reductions:                              96             6591    interval
c reordered:                               11            57520    interval
c restarts:                             34154               19    interval
c strengthened:                         13713                0 %  checks
c substituted:                           8064               11 %  variables
c subsumed:                             25942                0 %  checks
c switched:                                 0                0    interval
c vivified:                             37418               52 %  checks
c
c ---- [ glue usage ] --------------------------------------------------------
c
c focused glue 7    used 182998 clauses  9.66% accumulated 56.24% tier1
c focused glue 8    used 171835 clauses  9.07% accumulated 65.31%
c focused glue 9-11 used 393172 clauses 20.75% accumulated 86.05%
c focused glue 12   used  61770 clauses  3.26% accumulated 89.31%
c focused glue 13   used  43890 clauses  2.32% accumulated 91.63% tier2
c
c ---- [ resources ] ---------------------------------------------------------
c
c maximum-resident-set-size:     213875949568 bytes     203968 MB
c process-time:                            31s              31.23 seconds
c
c ---- [ shutting down ] -----------------------------------------------------
c
c exit 20
real 40.50
kissat_exit=20
