c Solver source commit 8af8e56f174b778aef3aa45af9f739b2a5f492c2
c Solver SHA-256 c86c7ccc2f727e1ef4716fd2fcf69539fbe0e8b1da8d89341fb48d643a3aeb28
c ---- [ banner ] ------------------------------------------------------------
c
c Kissat SAT Solver
c 
c Copyright (c) 2021-2024 Armin Biere University of Freiburg
c Copyright (c) 2019-2021 Armin Biere Johannes Kepler University Linz
c 
c Version 4.0.4 8af8e56f174b778aef3aa45af9f739b2a5f492c2
c Apple clang version 21.0.0 (clang-2100.1.1.101) -W -Wall -O3 -DNDEBUG
c Mon Sep 7 04:00:02 PDT 2026 Darwin 842f5797331b 25.6.0 arm64
c
c ---- [ proving ] -----------------------------------------------------------
c
c opened and writing proof to compressed DRAT file:
c
c   build/orbit-p3-c8-final/p3-c8-t3-p0-z0.drat.xz
c
c ---- [ parsing ] -----------------------------------------------------------
c
c opened and reading DIMACS file:
c
c   build/orbit-p3-c8-final/p3-c8-t3-p0-z0.cnf
c
c parsed 'p cnf 76440 879868' header
c closing input after reading 31089853 bytes (30 MB)
c finished parsing after 0.16 seconds
c
c ---- [ options ] -----------------------------------------------------------
c
c --stable=0                       (different from default '1')
c
c ---- [ solving ] -----------------------------------------------------------
c
c seconds  switched rate     size/glue tier1   binary           remaining
c         MB reductions conflicts size  tier2      irredundant
c          level restarts redundant glue  trail            variables
c
c *  0.16 105 0 0 0  0 0   0   0 0.0 0 0 0 0 0% 118627 708950 51276 67%
c (  0.18 140 0 0 0  0 0   0   0 0.0 0 0 0 0 0% 118627 708950 51276 67%
c .  0.23 146 0 0 0  0 0   0   0 0.0 0 0 0 0 0% 102585 573092 51276 67%
c c  2.07 158 0 0 0  0 0   0   0 0.0 0 0 0 0 0% 103859 266057 47263 62%
c d  2.09 161 0 0 0  0 0   0   0 0.0 0 0 0 0 0% 95306 266056 47261 62%
c =  2.14 163 0 0 0  0 0   0   0 0.0 0 0 0 0 0% 94558 266055 47260 62%
c d  2.15 163 0 0 0  0 0   0   0 0.0 0 0 0 0 0% 94555 266055 47260 62%
c f  2.20 164 0 0 0  0 0   0   0 0.0 0 0 0 0 0% 94429 266055 47386 62%
c )  2.20 164 0 0 0  0 0   0   0 0.0 0 0 0 0 0% 94429 266055 47386 62%
c {  2.21 164 0 0 0  0 0   0   0 0.0 0 0 2 6 0% 94429 266055 47386 62%
c i  2.22 164 66 0 0  3 38  24  12 1.4 10 7 2 6 9% 94430 266055 47336 62%
c i  2.22 164 62 0 0  3 36  25  12 1.4 9 7 2 6 9% 94430 266055 47334 62%
c i  2.22 164 59 0 0  3 34  27  13 1.4 8 6 2 6 9% 94430 266055 47333 62%
c i  2.22 164 40 0 0  5 16  56  36 1.2 11 9 2 6 8% 94433 266055 47302 62%
c i  2.22 164 40 0 0  5 16  57  36 1.2 10 8 2 6 8% 94433 266055 47301 62%
c i  2.22 164 39 0 0  5 16  58  36 1.2 10 8 2 6 8% 94433 266055 47298 62%
c i  2.22 164 22 0 0  5 4 295 243 1.5 13 9 8 12 6% 94442 266055 47297 62%
c i  2.22 164 22 0 0  5 4 300 244 1.5 12 8 8 12 6% 94445 266055 47272 62%
c i  2.22 164 22 0 0  5 4 334 273 1.4 13 9 8 12 6% 94446 266055 47271 62%
c i  2.22 164 22 0 0  5 4 338 276 1.4 12 9 8 12 6% 94446 266055 47241 62%
c
c seconds   switched rate     size/glue tier1    binary           remaining
c         MB reductions conflicts   size  tier2      irredundant
c          level restarts redundant   glue   trail           variables
c
c i  2.23 164 16 0 0  5 3 766 628 1.5 12 8 7 12 5% 94476 266055 47240 62%
c i  2.23 164 16 0 0  5 3 767 628 1.5 12 8 7 12 5% 94476 266055 47239 62%
c i  2.23 164 16 0 0  5 3 768 628 1.5 12 8 7 12 5% 94476 266055 47184 62%
c i  2.24 164 20 0 0  5 3 865 691 1.6 12 8 7 12 7% 94494 266052 47183 62%
c i  2.24 164 20 0 0  5 3 866 691 1.6 12 8 7 12 7% 94494 266052 47182 62%
c i  2.24 164 20 0 0  5 3 869 693 1.6 12 8 7 12 7% 94494 266052 47155 62%
c i  2.24 164 20 0 0  5 3 870 693 1.6 12 8 7 12 7% 94494 266052 46995 61%
c i  2.24 164 21 0 0 15 3 917 726 1.5 12 8 7 12 8% 94494 266052 46994 61%
c i  2.24 164 21 0 0 18 3 950 753 1.6 12 8 7 12 8% 94496 266052 46966 61%
c -  2.24 164 20 0 1 18 3 1001 540 1.6 12 8 7 11 8% 93416 266052 46966 61%
c i  2.24 164 20 0 1 18 3 1050 587 1.6 12 8 7 11 7% 93416 266052 46962 61%
c i  2.24 164 18 0 1 18 2 1272 741 1.6 12 7 7 11 7% 93422 266052 46961 61%
c i  2.25 164 18 0 1 18 3 1275 742 1.6 12 7 7 11 7% 93422 266052 46911 61%
c i  2.25 164 23 0 1 18 3 1303 763 1.6 12 7 7 11 8% 93424 266052 46891 61%
c i  2.25 164 24 0 1 18 3 1316 769 1.6 12 7 7 11 8% 93427 266052 46851 61%
c i  2.26 164 26 0 1 20 3 1337 786 1.6 12 7 7 11 8% 93429 266052 46592 61%
c i  2.26 164 26 0 1 20 3 1338 786 1.6 12 7 7 11 8% 93429 266052 46582 61%
c i  2.26 164 26 0 1 20 3 1339 786 1.6 12 7 7 11 8% 93429 266052 46574 61%
c i  2.26 164 26 0 1 20 3 1340 786 1.6 12 7 7 11 8% 93429 266052 46568 61%
c i  2.26 164 26 0 1 20 3 1341 786 1.6 12 7 7 11 8% 93429 266052 46566 61%
c
c seconds   switched rate      size/glue tier1    binary           remaining
c         MB reductions conflicts    size  tier2      irredundant
c          level restarts  redundant   glue   trail           variables
c
c i  2.26 164 26 0 1 20 3 1342 786 1.6 12 7 7 11 8% 93429 266052 46535 61%
c i  2.31 164 30 0 1 93 5 1559 994 1.6 13 8 6 11 12% 93430 266052 46534 61%
c i  2.33 164 33 0 1 142 7 1686 1119 1.5 14 9 6 11 14% 93430 266052 46533 61%
c i  2.34 164 35 0 1 171 8 1759 1186 1.5 15 10 6 11 14% 93431 266052 46511 61%
c i  2.37 133 37 0 1 189 9 1806 1227 1.5 15 10 6 11 15% 93434 266052 46509 61%
c i  2.38 133 37 0 1 203 9 1843 1254 1.5 15 10 6 11 15% 93436 266052 46475 61%
c i  2.38 134 36 0 1 208 9 1940 1333 1.5 15 10 6 11 15% 93436 266052 46473 61%
c i  2.38 134 35 0 1 208 9 1995 1375 1.5 15 10 6 11 14% 93436 266052 46472 61%
c -  2.39 134 35 0 2 208 9 2002 885 1.5 15 10 6 12 14% 92320 266052 46472 61%
c i  2.39 134 33 0 2 208 8 2160 999 1.5 14 10 6 12 13% 92320 266052 46450 61%
c i  2.39 134 32 0 2 208 8 2242 1052 1.5 14 9 6 12 13% 92320 266052 46419 61%
c c  3.25 151 28 0 2 208 7 2640 1273 1.5 13 9 6 12 12% 93406 264292 45603 60%
c d  3.26 153 28 0 2 208 7 2640 1262 1.5 13 9 6 12 12% 91824 263930 45600 60%
c b  3.26 153 28 0 2 208 7 2640 1262 1.5 13 9 6 12 12% 91824 263930 45580 60%
c u  3.27 153 28 0 2 208 7 2640 1213 1.5 13 9 6 12 12% 90894 263930 45580 60%
c v  3.28 153 28 0 2 208 7 2640 1180 1.5 13 9 6 12 12% 90894 263930 45580 60%
c x  3.31 153 28 0 2 208 7 2640 1180 1.5 13 9 6 12 12% 91170 263496 45272 59%
c =  3.34 123 28 0 2 208 7 2640 1180 1.5 13 9 6 12 12% 91184 263372 45265 59%
c d  3.36 123 28 0 2 208 7 2640 1171 1.5 13 9 6 12 12% 90066 263334 44701 58%
c t  3.37 123 28 0 2 208 7 2640 1171 1.5 13 9 6 12 12% 90058 263334 44701 58%
c
c seconds   switched  rate       size/glue tier1     binary           remaining
c         MB reductions conflicts      size  tier2       irredundant
c          level restarts   redundant    glue    trail           variables
c
c b  3.37 123 28 0 2 208 7 2640 1171 1.5 13 9 6 12 12% 90058 263334 44519 58%
c f  3.38 123 28 0 2 208 7 2640 1171 1.5 13 9 6 12 12% 89838 263334 44535 58%
c c  4.28 96 28 0 2 208 7 2640 1171 1.5 13 9 6 12 12% 89301 262735 44118 58%
c d  4.30 98 28 0 2 208 7 2640 1171 1.5 13 9 6 12 12% 88491 262684 44118 58%
c b  4.31 98 28 0 2 208 7 2640 1171 1.5 13 9 6 12 12% 88491 262684 43452 57%
c u  4.32 98 28 0 2 208 7 2640 1070 1.5 13 9 6 12 12% 87930 262684 43452 57%
c v  4.33 98 28 0 2 208 7 2640 944 1.5 13 9 6 12 12% 87930 262684 43452 57%
c x  4.35 99 28 0 2 208 7 2640 944 1.5 13 9 6 12 12% 88357 261561 43314 57%
c d  4.39 107 28 0 2 208 7 2640 944 1.5 13 9 6 12 12% 87572 261477 42904 56%
c b  4.40 107 28 0 2 208 7 2640 944 1.5 13 9 6 12 12% 87572 261477 42899 56%
c f  4.41 107 28 0 2 208 7 2640 944 1.5 13 9 6 12 12% 87482 261477 42920 56%
c i  4.41 107 28 0 2 208 7 2640 944 1.5 13 9 6 12 12% 87482 261477 42920 56%
c i  4.43 107 33 0 2 208 7 2715 1001 1.5 13 9 6 11 12% 87484 261477 42911 56%
c i  4.43 107 33 0 2 208 7 2718 1002 1.5 13 9 6 11 12% 87484 261477 42903 56%
c i  4.43 107 33 0 2 208 7 2719 1002 1.5 13 9 6 11 12% 87484 261477 42900 56%
c i  4.45 107 33 0 2 219 7 2975 1238 1.5 13 9 6 11 12% 87484 261477 42863 56%
c i  4.48 107 34 0 2 317 8 3226 1453 1.4 13 9 6 11 13% 87489 261477 42858 56%
c i  4.48 107 34 0 2 319 8 3231 1454 1.4 13 9 6 11 13% 87492 261477 42848 56%
c i  4.48 107 34 0 2 320 8 3232 1454 1.4 13 9 6 11 13% 87492 261477 42844 56%
c i  4.48 107 34 0 2 325 8 3249 1458 1.4 13 9 6 11 13% 87499 261477 42818 56%
c
c seconds   switched  rate       size/glue  tier1     binary           remaining
c         MB reductions conflicts      size   tier2       irredundant
c          level restarts   redundant     glue    trail           variables
c
c -  4.53 108 35 0 3 372 8 3416 1225 1.4 14 10 6 12 14% 85344 261333 42818 56%
c i  4.55 106 35 0 3 397 9 3474 1279 1.4 14 10 6 12 14% 85344 261333 42809 56%
c i  4.55 106 35 0 3 397 9 3475 1279 1.4 14 10 6 12 14% 85344 261333 42798 56%
c i  4.56 107 28 0 3 411 7 4517 1830 1.4 12 9 6 12 11% 85352 261332 42628 56%
c i  4.58 108 31 0 3 415 7 4779 1959 1.4 12 9 6 12 11% 85364 261332 42572 56%
c i  4.58 108 30 0 3 415 6 4953 2035 1.4 12 8 5 11 11% 85369 261332 42381 55%
c i  4.58 108 30 0 3 415 6 5010 2048 1.4 12 8 5 11 11% 85373 261332 42130 55%
c i  4.58 108 30 0 3 415 6 5020 2049 1.4 12 8 5 11 11% 85376 261332 41945 55%
c }  4.58 108 30 0 3 415 6 5022 2049 1.4 12 8 5 11 11% 85376 261332 41703 55%
c 0  4.58 108 30 0 3 415 6 5022 2049 1.4 12 8 5 11 11% 85376 261332 41703 55%
c
c ---- [ result ] ------------------------------------------------------------
c
s UNSATISFIABLE
c
c ---- [ profiling ] ---------------------------------------------------------
c
c           3.99   87.07 %  probe
c           3.59   78.45 %  congruence
c           2.02   44.14 %  preprocess
c           2.02   44.02 %  simplify
c           0.35    7.61 %  search
c           0.35    7.61 %  focused
c           0.16    3.50 %  parse
c           0.11    2.47 %  substitute
c           0.10    2.26 %  sweep
c           0.08    1.78 %  vivify
c           0.07    1.56 %  factor
c           0.03    0.69 %  lucky
c           0.02    0.39 %  backbone
c           0.02    0.38 %  reduce
c           0.01    0.15 %  transitive
c =============================================
c           4.58  100.00 %  total
c
c ---- [ statistics ] --------------------------------------------------------
c
c chronological:                           16                0 %  conflicts
c conflicts:                             5022             1095.55 per second
c congruent:                             5241                7 %  variables
c decisions:                            31536                6.28 per conflict
c factored:                               163                0 %  variables
c iterations:                              57                0 %  variables
c propagations:                       8763995          1911874    per second
c reductions:                               3             1674    interval
c restarts:                               415               12    interval
c substituted:                           6228                8 %  variables
c switched:                                 0                0    interval
c vivified:                              1172               67 %  checks
c
c ---- [ glue usage ] --------------------------------------------------------
c
c focused glue 5   used  832 clauses 12.90% accumulated 56.25% tier1
c focused glue 6   used  709 clauses 10.99% accumulated 67.25%
c focused glue 7-9 used 1245 clauses 19.30% accumulated 86.54%
c focused glue 10  used  200 clauses  3.10% accumulated 89.65%
c focused glue 11  used  135 clauses  2.09% accumulated 91.74% tier2
c
c ---- [ resources ] ---------------------------------------------------------
c
c maximum-resident-set-size:     179532988416 bytes     171216 MB
c process-time:                             5s               4.58 seconds
c
c ---- [ shutting down ] -----------------------------------------------------
c
c exit 20
real 8.27
kissat_exit=20
