c Solver source commit 8af8e56f174b778aef3aa45af9f739b2a5f492c2
c Solver SHA-256 c86c7ccc2f727e1ef4716fd2fcf69539fbe0e8b1da8d89341fb48d643a3aeb28
c ---- [ banner ] ------------------------------------------------------------
c
c Kissat SAT Solver
c 
c Copyright (c) 2021-2024 Armin Biere University of Freiburg
c Copyright (c) 2019-2021 Armin Biere Johannes Kepler University Linz
c 
c Version 4.0.4 8af8e56f174b778aef3aa45af9f739b2a5f492c2
c Apple clang version 21.0.0 (clang-2100.1.1.101) -W -Wall -O3 -DNDEBUG
c Mon Sep 7 04:00:02 PDT 2026 Darwin 842f5797331b 25.6.0 arm64
c
c ---- [ proving ] -----------------------------------------------------------
c
c opened and writing proof to compressed DRAT file:
c
c   build/orbit-p3-c8-final/p3-c8-t2-p0-z0.drat.xz
c
c ---- [ parsing ] -----------------------------------------------------------
c
c opened and reading DIMACS file:
c
c   build/orbit-p3-c8-final/p3-c8-t2-p0-z0.cnf
c
c parsed 'p cnf 76728 880702' header
c closing input after reading 31103398 bytes (30 MB)
c finished parsing after 0.13 seconds
c
c ---- [ options ] -----------------------------------------------------------
c
c --stable=0                       (different from default '1')
c
c ---- [ solving ] -----------------------------------------------------------
c
c seconds  switched rate     size/glue tier1   binary           remaining
c         MB reductions conflicts size  tier2      irredundant
c          level restarts redundant glue  trail            variables
c
c *  0.13 105 0 0 0  0 0   0   0 0.0 0 0 0 0 0% 118762 708944 51315 67%
c (  0.16 145 0 0 0  0 0   0   0 0.0 0 0 0 0 0% 118762 708944 51315 67%
c .  0.21 147 0 0 0  0 0   0   0 0.0 0 0 0 0 0% 102631 576446 51315 67%
c c  2.28 118 0 0 0  0 0   0   0 0.0 0 0 0 0 0% 104141 282206 47182 61%
c d  2.29 120 0 0 0  0 0   0   0 0.0 0 0 0 0 0% 95337 282206 47182 61%
c f  2.37 130 0 0 0  0 0   0   0 0.0 0 0 0 0 0% 94239 282206 47308 62%
c )  2.38 130 0 0 0  0 0   0   0 0.0 0 0 0 0 0% 94239 282206 47308 62%
c {  2.38 130 0 0 0  0 0   0   0 0.0 0 0 2 6 0% 94239 282206 47308 62%
c i  2.39 129 74 0 0  6 20  46  29 1.5 7 5 2 2 9% 94245 282206 47243 62%
c i  2.40 129 41 0 0 56 16 133 110 1.3 14 11 2 2 8% 94249 282206 47242 62%
c i  2.40 129 33 0 0 85 12 228 198 1.3 15 12 2 2 7% 94254 282206 47200 62%
c i  2.40 129 32 0 0 94 12 258 222 1.3 15 12 2 2 7% 94258 282206 47199 62%
c i  2.40 129 32 0 0 94 11 272 233 1.3 15 12 2 2 7% 94260 282206 47163 61%
c i  2.40 129 29 0 0 97 9 363 310 1.3 15 12 10 19 7% 94266 282206 47161 61%
c i  2.40 129 29 0 0 100 9 374 320 1.3 15 12 10 19 7% 94266 282206 47160 61%
c i  2.40 129 27 0 0 101 7 473 402 1.3 16 12 10 19 7% 94266 282206 47159 61%
c -  2.42 131 40 0 1 109 4 1000 592 1.5 16 11 8 15 19% 93814 282206 47159 61%
c i  2.44 131 49 0 1 110 4 1530 1055 1.6 17 10 7 13 23% 93825 282204 47158 61%
c i  2.47 131 46 0 1 232 5 1977 1459 1.6 17 11 7 13 23% 93828 282204 47157 61%
c i  2.47 131 46 0 1 232 5 1979 1459 1.6 17 11 7 13 23% 93829 282204 47106 61%
c
c seconds   switched  rate      size/glue  tier1     binary           remaining
c         MB reductions conflicts     size   tier2       irredundant
c          level restarts   redundant    glue    trail           variables
c
c -  2.48 131 46 0 2 232 5 2001 994 1.5 17 11 7 14 23% 93701 282204 47106 61%
c c  3.50 125 44 0 2 445 6 2650 1558 1.4 16 11 9 15 21% 94920 281173 46290 60%
c d  3.51 126 44 0 2 445 6 2650 1558 1.4 16 11 9 15 21% 93158 280999 46290 60%
c u  3.53 127 44 0 2 445 6 2650 1555 1.4 16 11 9 15 21% 92235 280999 46290 60%
c v  3.55 127 44 0 2 445 6 2650 1553 1.4 16 11 9 15 21% 92235 280999 46290 60%
c w  3.55 127 44 0 2 445 6 2650 1550 1.4 16 11 9 15 21% 92235 280999 46290 60%
c x  3.56 129 44 0 2 445 6 2650 1550 1.4 16 11 9 15 21% 92387 280768 46127 60%
c d  3.57 129 44 0 2 445 6 2650 1550 1.4 16 11 9 15 21% 91782 280685 45812 60%
c b  3.58 129 44 0 2 445 6 2650 1550 1.4 16 11 9 15 21% 91782 280685 45740 60%
c f  3.59 129 44 0 2 445 6 2650 1550 1.4 16 11 9 15 21% 91653 280685 45750 60%
c c  4.62 95 44 0 2 445 6 2650 1550 1.4 16 11 9 15 21% 91696 280214 45342 59%
c d  4.62 95 44 0 2 445 6 2650 1550 1.4 16 11 9 15 21% 90898 280182 45342 59%
c u  4.65 96 44 0 2 445 6 2650 1540 1.4 16 11 9 15 21% 90354 280182 45342 59%
c v  4.67 96 44 0 2 445 6 2650 1529 1.4 16 11 9 15 21% 90354 280182 45342 59%
c w  4.68 96 44 0 2 445 6 2650 1528 1.4 16 11 9 15 21% 90354 280182 45342 59%
c x  4.69 97 44 0 2 445 6 2650 1528 1.4 16 11 9 15 21% 90416 280083 45262 59%
c d  4.73 106 44 0 2 445 6 2650 1528 1.4 16 11 9 15 21% 90305 280025 45192 59%
c b  4.74 106 44 0 2 445 6 2650 1528 1.4 16 11 9 15 21% 90305 280025 44509 58%
c f  4.75 106 44 0 2 445 6 2650 1528 1.4 16 11 9 15 21% 90268 280025 44515 58%
c i  4.75 106 44 0 2 445 6 2650 1528 1.4 16 11 9 15 21% 90268 280025 44515 58%
c
c seconds   switched  rate       size/glue  tier1     binary           remaining
c         MB reductions conflicts      size   tier2       irredundant
c          level restarts   redundant     glue    trail           variables
c
c -  4.79 106 38 0 3 461 5 3416 1588 1.4 16 11 8 15 20% 88705 279314 44515 58%
c i  4.83 107 41 0 3 482 5 3967 2023 1.5 16 11 8 15 20% 88720 279314 44514 58%
c i  4.83 107 41 0 3 496 5 4002 2049 1.5 16 11 8 15 20% 88725 279314 44513 58%
c -  4.86 109 43 0 4 498 4 5148 2272 1.5 16 11 8 14 18% 88727 279314 44513 58%
c i  4.87 109 43 0 4 501 4 5216 2325 1.5 16 11 8 14 18% 88728 279314 44467 58%
c i  4.92 111 42 0 4 606 5 5766 2791 1.5 16 11 8 14 18% 88731 279314 44449 58%
c i  4.99 112 43 0 4 815 5 6502 3401 1.4 16 11 8 15 19% 88743 279312 44416 58%
c -  5.01 112 41 0 5 936 5 7148 3020 1.4 16 11 8 17 18% 88495 279312 44416 58%
c i  5.01 112 41 0 5 936 5 7168 3036 1.4 16 11 8 17 17% 88495 279312 44415 58%
c i  5.01 112 41 0 5 936 5 7169 3036 1.4 16 11 8 17 17% 88495 279312 44385 58%
c i  5.05 113 52 0 5 961 5 7730 3439 1.4 16 11 8 17 19% 88500 279312 44267 58%
c c  5.21 124 52 0 5 994 5 8154 3761 1.4 16 11 8 17 19% 88639 278874 43997 57%
c d  5.22 125 52 0 5 994 5 8154 3749 1.4 16 11 8 17 19% 88133 278760 43993 57%
c b  5.22 125 52 0 5 994 5 8154 3749 1.4 16 11 8 17 19% 88133 278760 43988 57%
c u  5.23 125 52 0 5 994 5 8154 3722 1.4 16 11 8 17 19% 87721 278760 43988 57%
c v  5.24 125 52 0 5 994 5 8154 3682 1.4 16 11 8 17 19% 87721 278760 43988 57%
c w  5.25 125 52 0 5 994 5 8154 3682 1.4 16 11 8 17 19% 87721 278760 43988 57%
c x  5.26 126 52 0 5 994 5 8154 3682 1.4 16 11 8 17 19% 87897 278497 43806 57%
c d  5.27 126 52 0 5 994 5 8154 3676 1.4 16 11 8 17 19% 87467 278391 43565 57%
c t  5.28 126 52 0 5 994 5 8154 3676 1.4 16 11 8 17 19% 87461 278391 43565 57%
c
c seconds   switched  rate       size/glue  tier1     binary           remaining
c         MB reductions conflicts      size   tier2       irredundant
c          level restarts   redundant     glue    trail           variables
c
c b  5.28 126 52 0 5 994 5 8154 3676 1.4 16 11 8 17 19% 87461 278391 43514 57%
c f  5.28 128 52 0 5 994 5 8154 3676 1.4 16 11 8 17 19% 87347 278391 43538 57%
c c  5.37 129 52 0 5 994 5 8154 3676 1.4 16 11 8 17 19% 87257 278101 43256 56%
c d  5.38 130 52 0 5 994 5 8154 3671 1.4 16 11 8 17 19% 86671 278051 43256 56%
c b  5.38 130 52 0 5 994 5 8154 3671 1.4 16 11 8 17 19% 86671 278051 43253 56%
c u  5.40 130 52 0 5 994 5 8154 3628 1.4 16 11 8 17 19% 86243 278051 43253 56%
c v  5.41 130 52 0 5 994 5 8154 3588 1.4 16 11 8 17 19% 86243 278051 43253 56%
c w  5.42 130 52 0 5 994 5 8154 3587 1.4 16 11 8 17 19% 86243 278051 43253 56%
c x  5.43 130 52 0 5 994 5 8154 3587 1.4 16 11 8 17 19% 86336 277714 42910 56%
c d  5.44 130 52 0 5 994 5 8154 3552 1.4 16 11 8 17 19% 86169 277619 42799 56%
c b  5.46 130 52 0 5 994 5 8154 3552 1.4 16 11 8 17 19% 86169 277619 42795 56%
c f  5.46 130 52 0 5 994 5 8154 3552 1.4 16 11 8 17 19% 86158 277619 42805 56%
c i  5.46 130 52 0 5 994 5 8154 3552 1.4 16 11 8 17 19% 86158 277619 42805 56%
c -  5.48 130 47 0 6 994 5 9385 3405 1.4 15 11 8 15 18% 85340 277619 42805 56%
c -  5.53 130 40 0 7 1014 4 11834 3849 1.4 14 10 7 14 17% 85340 277619 42805 56%
c o  5.54 130 40 0 7 1016 4 12023 3923 1.4 14 10 7 14 17% 85340 277619 42805 56%
c i  5.60 132 40 0 7 1158 4 12706 4498 1.4 14 11 7 14 17% 85354 277619 42776 56%
c i  5.62 132 41 0 7 1189 4 12816 4593 1.4 14 11 7 14 17% 85356 277619 42759 56%
c i  5.62 132 41 0 7 1198 4 12851 4625 1.4 14 11 7 14 17% 85356 277619 42757 56%
c i  5.63 133 41 0 7 1237 4 13003 4759 1.4 15 11 7 14 17% 85357 277619 42739 56%
c
c seconds   switched   rate        size/glue  tier1     binary           remaining
c         MB reductions  conflicts       size   tier2       irredundant
c          level  restarts    redundant     glue    trail           variables
c
c 2  5.67 133 41 0 7 1308 5 13245 4983 1.4 15 11 7 14 17% 85357 277619 42736 56%
c s  5.71 111 41 0 7 1308 5 13245 4983 1.4 15 11 7 14 17% 85449 277434 42736 56%
c e  5.80 119 41 0 7 1308 5 13245 4983 1.4 15 11 7 14 17% 15996 286298 14511 19%
c 2  5.80 119 41 0 7 1308 5 13245 4983 1.4 15 11 7 14 17% 15963 286298 14511 19%
c s  5.83 119 41 0 7 1308 5 13245 4983 1.4 15 11 7 14 17% 16355 283551 14511 19%
c e  5.85 119 41 0 7 1308 5 13245 4983 1.4 15 11 7 14 17% 16018 283788 14338 19%
c ^  5.85 119 41 0 7 1308 5 13245 4983 1.4 15 11 7 14 17% 16018 283788 14338 19%
c -  5.89 119 38 0 8 1354 4 14479 2813 1.3 15 11 7 14 16% 15954 283788 14338 19%
c c  5.96 117 35 0 8 1374 4 16687 4277 1.3 14 11 7 14 16% 16194 283597 14276 19%
c d  5.96 118 35 0 8 1374 4 16687 4277 1.3 14 11 7 14 16% 16068 283595 14275 19%
c u  5.98 118 35 0 8 1374 4 16687 4254 1.3 14 11 7 14 16% 15931 283595 14275 19%
c v  5.99 118 35 0 8 1374 4 16687 3103 1.3 14 11 7 14 16% 15931 283595 14275 19%
c w  6.00 118 35 0 8 1374 4 16687 3075 1.3 14 11 7 14 16% 15931 283595 14275 19%
c x  6.01 118 35 0 8 1374 4 16687 3075 1.3 14 11 7 14 16% 15935 283588 14262 19%
c =  6.08 121 35 0 8 1374 4 16687 3075 1.3 14 11 7 14 16% 15935 283547 14251 19%
c t  6.09 121 35 0 8 1374 4 16687 3075 1.3 14 11 7 14 16% 15754 283465 14251 19%
c b  6.10 121 35 0 8 1374 4 16687 3075 1.3 14 11 7 14 16% 15754 283465 14248 19%
c f  6.11 121 35 0 8 1374 4 16687 3075 1.3 14 11 7 14 16% 15785 282925 14391 19%
c c  6.16 120 35 0 8 1374 4 16687 3075 1.3 14 11 7 14 16% 15707 282910 14390 19%
c d  6.17 121 35 0 8 1374 4 16687 3075 1.3 14 11 7 14 16% 15715 282900 14390 19%
c
c seconds   switched   rate        size/glue  tier1     binary           remaining
c         MB reductions  conflicts       size   tier2       irredundant
c          level  restarts    redundant     glue    trail           variables
c
c d  6.17 121 35 0 8 1374 4 16687 3075 1.3 14 11 7 14 16% 15713 282899 14389 19%
c u  6.19 121 35 0 8 1374 4 16687 2779 1.3 14 11 7 14 16% 15711 282899 14389 19%
c v  6.20 121 35 0 8 1374 4 16687 2455 1.3 14 11 7 14 16% 15711 282899 14389 19%
c t  6.22 121 35 0 8 1374 4 16687 2455 1.3 14 11 7 14 16% 15702 282899 14389 19%
c f  6.24 121 35 0 8 1374 4 16687 2455 1.3 14 11 7 14 16% 15706 282877 14397 19%
c i  6.24 120 35 0 8 1374 4 16687 2455 1.3 14 11 7 14 16% 15706 282877 14397 19%
c -  6.27 121 38 0 9 1440 4 17307 2585 1.3 14 11 7 13 16% 15713 282875 14397 19%
c i  6.34 121 42 0 9 1689 4 18405 3560 1.3 14 11 8 14 16% 15721 282875 14396 19%
c -  6.42 121 52 0 10 1907 5 20308 4087 1.3 14 11 7 14 17% 15708 282874 14387 19%
c i  6.45 116 55 0 10 1993 5 20818 4516 1.3 14 11 7 14 18% 15716 282873 14378 19%
c o  6.51 119 59 0 10 2228 5 22131 5698 1.3 15 11 7 14 18% 15724 282872 14378 19%
c i  6.59 120 59 0 10 2409 5 22804 6324 1.3 15 11 7 14 18% 15727 282872 14377 19%
c -  6.61 120 58 0 11 2435 5 23472 5341 1.3 15 11 8 14 18% 15716 282872 14377 19%
c s  6.67 120 58 0 11 2468 5 26257 7233 1.3 15 11 8 14 18% 15738 281962 14377 19%
c e  6.72 123 58 0 11 2468 5 26257 7233 1.3 15 11 8 14 18% 12601 287592 11388 15%
c 2  6.72 123 58 0 11 2468 5 26257 7233 1.3 15 11 8 14 18% 12589 287592 11388 15%
c s  6.74 123 58 0 11 2468 5 26257 7233 1.3 15 11 8 14 18% 12747 286869 11388 15%
c e  6.75 123 58 0 11 2468 5 26257 7233 1.3 15 11 8 14 18% 12689 286949 11346 15%
c ^  6.75 123 58 0 11 2468 5 26257 7233 1.3 15 11 8 14 18% 12689 286949 11346 15%
c -  6.82 125 60 0 12 2550 5 26788 4595 1.3 15 11 7 14 18% 12711 286929 11346 15%
c
c seconds   switched    rate        size/glue  tier1     binary           remaining
c         MB  reductions  conflicts       size   tier2       irredundant
c          level   restarts    redundant     glue    trail           variables
c
c i  6.83 125 59 0 12 2614 5 27028 4806 1.3 15 11 7 14 18% 12712 286929 11345 15%
c i  6.88 127 62 0 12 2729 5 27643 5348 1.3 15 11 7 14 18% 12721 286924 11331 15%
c d  6.91 127 66 0 12 2768 5 28266 5889 1.3 15 11 7 14 19% 12741 286789 11327 15%
c d  6.92 127 66 0 12 2768 5 28266 5889 1.3 15 11 7 14 19% 12739 286786 11326 15%
c b  6.93 127 66 0 12 2768 5 28266 5889 1.3 15 11 7 14 19% 12739 286786 11310 15%
c u  6.94 127 66 0 12 2768 5 28266 5654 1.3 15 11 7 14 19% 12731 286786 11310 15%
c v  6.96 127 66 0 12 2768 5 28266 5606 1.3 15 11 7 14 19% 12731 286786 11310 15%
c w  6.97 127 66 0 12 2768 5 28266 5605 1.3 15 11 7 14 19% 12731 286786 11310 15%
c =  7.08 133 66 0 12 2768 5 28266 5605 1.3 15 11 7 14 19% 12763 286676 11301 15%
c d  7.08 133 66 0 12 2768 5 28266 5605 1.3 15 11 7 14 19% 12781 286628 11300 15%
c t  7.09 133 66 0 12 2768 5 28266 5605 1.3 15 11 7 14 19% 12663 286628 11300 15%
c f  7.11 133 66 0 12 2768 5 28266 5605 1.3 15 11 7 14 19% 12704 286371 11359 15%
c c  7.15 116 66 0 12 2768 5 28266 5605 1.3 15 11 7 14 19% 12723 286363 11357 15%
c d  7.16 117 66 0 12 2768 5 28266 5605 1.3 15 11 7 14 19% 12719 286363 11357 15%
c u  7.19 117 66 0 12 2768 5 28266 5463 1.3 15 11 7 14 19% 12716 286363 11357 15%
c v  7.21 117 66 0 12 2768 5 28266 5405 1.3 15 11 7 14 19% 12716 286363 11357 15%
c w  7.22 117 66 0 12 2768 5 28266 5394 1.3 15 11 7 14 19% 12716 286363 11357 15%
c t  7.31 114 66 0 12 2768 5 28266 5394 1.3 15 11 7 14 19% 12655 286363 11357 15%
c f  7.33 114 66 0 12 2768 5 28266 5394 1.3 15 11 7 14 19% 12661 286351 11359 15%
c -  7.38 121 65 0 13 2954 5 30253 5480 1.4 15 11 7 14 18% 12669 286350 11359 15%
c
c seconds   switched    rate        size/glue  tier1     binary           remaining
c         MB  reductions  conflicts       size   tier2       irredundant
c          level   restarts    redundant     glue    trail           variables
c
c -  7.48 125 71 0 14 3130 5 33858 7357 1.4 15 11 8 14 19% 12683 286349 11359 15%
c -  7.51 125 64 0 15 3130 4 37599 8377 1.5 16 11 7 14 17% 12683 286349 11359 15%
c -  7.56 125 58 0 16 3130 4 41471 10056 1.6 16 10 7 13 16% 12683 286349 11359 15%
c d  7.58 125 55 0 16 3130 4 43176 11603 1.6 16 10 7 13 15% 12682 286349 11358 15%
c b  7.59 125 55 0 16 3130 4 43176 11603 1.6 16 10 7 13 15% 12682 286349 11349 15%
c u  7.61 125 55 0 16 3130 4 43176 11552 1.6 16 10 7 13 15% 12682 286349 11349 15%
c v  7.62 125 55 0 16 3130 4 43176 11509 1.6 16 10 7 13 15% 12682 286349 11349 15%
c t  7.64 125 55 0 16 3130 4 43176 11509 1.6 16 10 7 13 15% 12693 286304 11349 15%
c u  7.67 125 55 0 16 3130 4 43176 11468 1.6 16 10 7 13 15% 12693 286304 11349 15%
c v  7.68 125 55 0 16 3130 4 43176 11442 1.6 16 10 7 13 15% 12693 286304 11349 15%
c o  7.75 127 55 0 16 3130 4 43176 11442 1.6 16 10 7 13 15% 12693 286304 11349 15%
c i  7.88 142 56 0 16 3525 4 44801 12903 1.6 16 10 7 13 15% 12698 286302 11347 15%
c -  7.91 143 56 0 17 3682 4 45474 11578 1.6 17 10 7 13 15% 12655 286302 11342 15%
c -  8.10 146 57 0 18 4418 5 49597 12665 1.6 17 11 7 14 15% 12679 286299 11342 15%
c -  8.27 138 56 0 19 5191 5 53839 13479 1.5 17 11 7 14 14% 12699 286299 11342 15%
c s  8.31 138 55 0 19 5191 5 54466 14017 1.5 17 11 7 14 14% 12728 283634 11342 15%
c e  8.36 159 55 0 19 5191 5 54466 14017 1.5 17 11 7 14 14% 11052 287905 9819 13%
c 2  8.36 159 55 0 19 5191 5 54466 14017 1.5 17 11 7 14 14% 11043 287905 9819 13%
c s  8.39 161 55 0 19 5191 5 54466 14017 1.5 17 11 7 14 14% 11160 285231 9819 13%
c e  8.41 161 55 0 19 5191 5 54466 14017 1.5 17 11 7 14 14% 11087 285358 9781 13%
c
c seconds   switched    rate         size/glue  tier1     binary          remaining
c         MB  reductions  conflicts        size   tier2       irredundant
c          level   restarts     redundant     glue    trail          variables
c
c ^  8.41 161 55 0 19 5191 5 54466 14017 1.5 17 11 7 14 14% 11087 285358 9781 13%
c -  8.58 176 55 0 20 5767 5 58199 12410 1.5 17 11 7 14 14% 11112 285342 9781 13%
c c  8.76 181 53 0 20 6191 5 61519 15136 1.5 17 11 7 14 14% 11185 285329 9778 13%
c d  8.77 182 53 0 20 6191 5 61519 15136 1.5 17 11 7 14 14% 11179 285329 9778 13%
c u  8.80 182 53 0 20 6191 5 61519 14833 1.5 17 11 7 14 14% 11173 285329 9778 13%
c v  8.83 182 53 0 20 6191 5 61519 14592 1.5 17 11 7 14 14% 11173 285329 9778 13%
c w  8.84 182 53 0 20 6191 5 61519 14575 1.5 17 11 7 14 14% 11173 285329 9778 13%
c t  8.85 182 53 0 20 6191 5 61519 14575 1.5 17 11 7 14 14% 11046 285329 9778 13%
c f  8.89 182 53 0 20 6191 5 61519 14575 1.5 17 11 7 14 14% 11342 282728 10013 13%
c u  8.93 182 53 0 20 6191 5 61519 14370 1.5 17 11 7 14 14% 11342 282728 10013 13%
c v  8.97 182 53 0 20 6191 5 61519 14244 1.5 17 11 7 14 14% 11342 282728 10013 13%
c w  8.98 182 53 0 20 6191 5 61519 14241 1.5 17 11 7 14 14% 11342 282728 10013 13%
c -  9.05 182 56 0 21 6295 5 62671 12520 1.5 17 11 7 14 14% 11352 282725 10013 13%
c i  9.11 146 55 0 21 6630 5 64202 13868 1.5 17 11 7 14 14% 11364 282724 10012 13%
c -  9.20 146 55 0 22 6905 5 67255 13425 1.5 17 11 7 14 14% 11368 282722 10012 13%
c -  9.33 147 56 0 23 7245 5 71946 14318 1.5 17 11 7 14 14% 11371 282722 10012 13%
c o  9.38 148 57 0 23 7434 5 73178 15314 1.5 17 11 7 14 14% 11372 282721 10012 13%
c -  9.59 156 56 0 24 7986 5 76741 15287 1.5 17 11 7 14 14% 11383 282718 10012 13%
c -  9.75 161 56 0 25 8387 5 81639 16274 1.5 17 11 7 14 14% 11389 282718 10012 13%
c d  9.84 163 55 0 25 8572 5 83401 17898 1.5 17 11 7 14 14% 11387 282702 10008 13%
c
c seconds   switched    rate         size/glue  tier1     binary           remaining
c         MB  reductions  conflicts        size   tier2       irredundant
c          level   restarts     redundant     glue    trail           variables
c
c u  9.88 163 55 0 25 8572 5 83401 17832 1.5 17 11 7 14 14% 11387 282702 10008 13%
c v  9.91 164 55 0 25 8572 5 83401 17771 1.5 17 11 7 14 14% 11387 282702 10008 13%
c w  9.92 164 55 0 25 8572 5 83401 17760 1.5 17 11 7 14 14% 11387 282702 10008 13%
c = 10.05 169 55 0 25 8572 5 83401 17760 1.5 17 11 7 14 14% 11387 282698 10007 13%
c t 10.06 122 55 0 25 8572 5 83401 17760 1.5 17 11 7 14 14% 11367 282691 10007 13%
c u 10.11 122 55 0 25 8572 5 83401 17703 1.5 17 11 7 14 14% 11368 282691 10007 13%
c v 10.14 122 55 0 25 8572 5 83401 17636 1.5 17 11 7 14 14% 11368 282691 10007 13%
c w 10.16 122 55 0 25 8572 5 83401 17634 1.5 17 11 7 14 14% 11368 282691 10007 13%
c - 10.26 123 54 0 26 8578 5 86639 18023 1.5 17 11 7 14 14% 11369 282689 10007 13%
c - 10.34 123 51 0 27 8578 5 91738 19631 1.5 17 11 7 14 13% 11373 282689 10007 13%
c - 10.46 124 50 0 28 8722 4 96936 21718 1.6 17 11 7 14 13% 11373 282689 10007 13%
c s 10.73 130 51 0 28 9318 5 99866 24256 1.5 17 11 7 14 13% 11408 282221 10007 13%
c e 10.78 136 51 0 28 9318 5 99866 24256 1.5 17 11 7 14 13% 10135 287553 8837 12%
c 2 10.78 136 51 0 28 9318 5 99866 24256 1.5 17 11 7 14 13% 10128 287553 8837 12%
c s 10.83 136 51 0 28 9318 5 99866 24256 1.5 17 11 7 14 13% 10241 285391 8837 12%
c e 10.85 136 51 0 28 9318 5 99866 24256 1.5 17 11 7 14 13% 10121 285700 8772 11%
c ^ 10.85 136 51 0 28 9318 5 99866 24256 1.5 17 11 7 14 13% 10121 285700 8772 11%
c - 10.92 138 50 0 29 9490 5 102227 20489 1.5 17 11 7 14 13% 10123 285700 8772 11%
c - 11.15 136 51 0 30 10156 5 107613 22039 1.5 17 11 7 14 13% 10136 285699 8772 11%
c c 11.24 147 51 0 30 10249 5 108974 23091 1.5 17 11 7 14 13% 10189 285675 8768 11%
c
c seconds   switched     rate          size/glue  tier1     binary          remaining
c         MB  reductions   conflicts         size   tier2       irredundant
c          level   restarts       redundant     glue    trail          variables
c
c d 11.24 147 51 0 30 10249 5 108974 23090 1.5 17 11 7 14 13% 10174 285663 8763 11%
c d 11.25 147 51 0 30 10249 5 108974 23090 1.5 17 11 7 14 13% 10173 285660 8762 11%
c b 11.25 147 51 0 30 10249 5 108974 23090 1.5 17 11 7 14 13% 10173 285660 8755 11%
c u 11.29 151 51 0 30 10249 5 108974 23011 1.5 17 11 7 14 13% 10161 285660 8755 11%
c v 11.33 152 51 0 30 10249 5 108974 22940 1.5 17 11 7 14 13% 10161 285660 8755 11%
c w 11.34 152 51 0 30 10249 5 108974 22936 1.5 17 11 7 14 13% 10161 285660 8755 11%
c = 11.45 156 51 0 30 10249 5 108974 22936 1.5 17 11 7 14 13% 10161 285615 8754 11%
c d 11.45 156 51 0 30 10249 5 108974 22936 1.5 17 11 7 14 13% 10181 285587 8753 11%
c t 11.46 156 51 0 30 10249 5 108974 22936 1.5 17 11 7 14 13% 10067 285587 8750 11%
c f 11.50 156 51 0 30 10249 5 108974 22936 1.5 17 11 7 14 13% 10106 285090 8789 11%
c u 11.55 156 51 0 30 10249 5 108974 22894 1.5 17 11 7 14 13% 10110 285071 8789 11%
c v 11.59 156 51 0 30 10249 5 108974 22676 1.5 17 11 7 14 13% 10110 285071 8789 11%
c w 11.61 156 51 0 30 10249 5 108974 22672 1.5 17 11 7 14 13% 10110 285071 8789 11%
c - 11.97 172 50 0 31 10529 5 113090 23084 1.5 17 11 7 14 13% 10077 285071 8789 11%
c o 12.07 172 48 0 31 10537 4 117699 27197 1.5 17 11 7 14 13% 10077 285071 8789 11%
c - 12.15 173 48 0 32 10720 5 118662 24886 1.5 17 11 7 14 13% 10080 285071 8789 11%
c i 12.30 174 49 0 32 11116 4 123062 28131 1.5 17 11 7 14 13% 10103 285071 8786 11%
c - 12.41 175 50 0 33 11347 5 124318 25381 1.5 17 11 7 14 13% 10092 285071 8786 11%
c - 12.54 175 47 0 34 11404 4 130062 26825 1.5 17 11 7 14 12% 10092 285071 8786 11%
c - 12.69 175 45 0 35 11439 4 135892 28554 1.5 16 11 7 13 12% 10093 285071 8786 11%
c
c seconds   switched     rate          size/glue  tier1     binary          remaining
c         MB  reductions   conflicts         size   tier2       irredundant
c          level   restarts       redundant     glue    trail          variables
c
c d 12.74 175 44 0 35 11439 4 138322 30224 1.5 16 11 7 13 12% 10094 285048 8785 11%
c b 12.76 175 44 0 35 11439 4 138322 30224 1.5 16 11 7 13 12% 10094 285048 8783 11%
c u 12.80 191 44 0 35 11439 4 138322 30033 1.5 16 11 7 13 12% 10094 285048 8783 11%
c v 12.84 193 44 0 35 11439 4 138322 29999 1.5 16 11 7 13 12% 10094 285048 8783 11%
c w 12.85 193 44 0 35 11439 4 138322 29988 1.5 16 11 7 13 12% 10094 285048 8783 11%
c t 12.86 193 44 0 35 11439 4 138322 29988 1.5 16 11 7 13 12% 10089 285034 8783 11%
c u 12.94 193 44 0 35 11439 4 138322 29875 1.5 16 11 7 13 12% 10089 285034 8783 11%
c v 12.98 193 44 0 35 11439 4 138322 29776 1.5 16 11 7 13 12% 10089 285034 8783 11%
c w 12.99 193 44 0 35 11439 4 138322 29776 1.5 16 11 7 13 12% 10089 285034 8783 11%
c - 13.23 199 58 0 36 11439 4 141809 30213 1.5 16 11 7 13 13% 10083 285033 8783 11%
c - 13.45 216 72 0 37 11679 4 147810 32221 1.6 16 10 7 13 14% 10085 285033 8783 11%
c i 13.73 234 70 0 37 12419 4 152723 36415 1.5 16 11 7 13 14% 10107 285032 8779 11%
c - 13.78 201 70 0 38 12617 4 153893 33420 1.5 16 11 7 13 14% 10089 285032 8779 11%
c - 13.98 219 67 0 39 12882 4 160057 34511 1.5 16 11 7 13 14% 10092 285032 8779 11%
c s 14.16 222 65 0 39 12969 4 164368 37364 1.5 16 11 7 13 14% 10121 284187 8779 11%
c e 14.22 227 65 0 39 12969 4 164368 37364 1.5 16 11 7 13 14% 9150 289988 8017 10%
c 2 14.22 227 65 0 39 12969 4 164368 37364 1.5 16 11 7 13 14% 9142 289988 8017 10%
c s 14.28 227 65 0 39 12969 4 164368 37364 1.5 16 11 7 13 14% 9241 287419 8017 10%
c e 14.30 227 65 0 39 12969 4 164368 37364 1.5 16 11 7 13 14% 9137 287888 7957 10%
c ^ 14.30 227 65 0 39 12969 4 164368 37364 1.5 16 11 7 13 14% 9137 287888 7957 10%
c
c seconds   switched     rate          size/glue  tier1     binary         remaining
c         MB  reductions   conflicts         size   tier2      irredundant
c          level   restarts       redundant     glue    trail         variables
c
c - 14.42 244 65 0 40 13155 4 166301 26649 1.5 16 11 6 13 14% 9142 287887 7957 10%
c o 14.51 246 64 0 40 13435 4 167724 27932 1.5 16 11 6 13 14% 9144 287887 7957 10%
c b 14.66 196 62 0 40 13607 4 171545 30596 1.5 16 11 6 13 13% 9158 287875 7956 10%
c u 14.70 196 62 0 40 13607 4 171545 30533 1.5 16 11 6 13 13% 9150 287875 7956 10%
c v 14.73 196 62 0 40 13607 4 171545 30181 1.5 16 11 6 13 13% 9150 287875 7956 10%
c w 14.75 196 62 0 40 13607 4 171545 30179 1.5 16 11 6 13 13% 9150 287875 7956 10%
c t 14.81 215 62 0 40 13607 4 171545 30179 1.5 16 11 6 13 13% 9076 287860 7956 10%
c f 14.84 215 62 0 40 13607 4 171545 30179 1.5 16 11 6 13 13% 9086 287599 7969 10%
c c 14.88 232 62 0 40 13607 4 171545 30179 1.5 16 11 6 13 13% 9140 287586 7968 10%
c d 14.90 233 62 0 40 13607 4 171545 30179 1.5 16 11 6 13 13% 9138 287586 7968 10%
c u 14.95 235 62 0 40 13607 4 171545 30022 1.5 16 11 6 13 13% 9134 287586 7968 10%
c v 14.99 236 62 0 40 13607 4 171545 29628 1.5 16 11 6 13 13% 9134 287586 7968 10%
c w 15.01 236 62 0 40 13607 4 171545 29625 1.5 16 11 6 13 13% 9134 287586 7968 10%
c t 15.03 236 62 0 40 13607 4 171545 29625 1.5 16 11 6 13 13% 9114 287586 7968 10%
c i 15.05 237 63 0 40 13610 4 171828 29836 1.5 16 11 6 13 13% 9115 287585 7966 10%
c - 15.11 239 63 0 41 13758 4 172625 25681 1.5 16 11 6 13 13% 9106 287585 7966 10%
c - 15.32 243 61 0 42 14150 4 179029 26093 1.5 16 11 6 13 13% 9111 287585 7966 10%
c - 15.67 182 62 0 43 15146 4 185509 27184 1.5 16 11 6 13 14% 9120 287584 7966 10%
c - 15.88 200 61 0 44 15294 4 192066 28600 1.5 16 11 6 13 13% 9127 287584 7966 10%
c i 15.92 200 61 0 44 15303 4 194355 30337 1.5 16 11 6 13 13% 9139 287584 7959 10%
c
c seconds   switched     rate          size/glue  tier1     binary         remaining
c         MB  reductions   conflicts         size   tier2      irredundant
c          level   restarts       redundant     glue    trail         variables
c
c - 16.10 217 59 0 45 15421 4 198700 29691 1.5 16 11 6 13 13% 9129 287583 7959 10%
c - 16.42 221 57 0 46 16028 4 205408 30848 1.5 16 11 6 13 13% 9138 287581 7959 10%
c d 16.56 137 57 0 46 16330 4 208759 33794 1.5 16 11 6 13 13% 9153 287447 7955 10%
c u 16.61 137 57 0 46 16330 4 208759 33707 1.5 16 11 6 13 13% 9152 287447 7955 10%
c v 16.65 137 57 0 46 16330 4 208759 33657 1.5 16 11 6 13 13% 9152 287447 7955 10%
c w 16.68 137 57 0 46 16330 4 208759 33649 1.5 16 11 6 13 13% 9152 287447 7955 10%
c = 16.86 158 57 0 46 16330 4 208759 33649 1.5 16 11 6 13 13% 9152 287438 7954 10%
c t 16.88 158 57 0 46 16330 4 208759 33649 1.5 16 11 6 13 13% 9146 287434 7954 10%
c u 16.96 158 57 0 46 16330 4 208759 33527 1.5 16 11 6 13 13% 9146 287434 7954 10%
c v 17.01 158 57 0 46 16330 4 208759 33458 1.5 16 11 6 13 13% 9146 287434 7954 10%
c w 17.04 158 57 0 46 16330 4 208759 33445 1.5 16 11 6 13 13% 9146 287434 7954 10%
c i 17.20 173 58 0 46 16755 4 211912 36134 1.5 16 11 6 13 13% 9161 287434 7953 10%
c - 17.22 175 57 0 47 16755 4 212190 32003 1.5 16 11 6 13 13% 9153 287434 7953 10%
c i 17.33 178 58 0 47 17022 4 213617 33250 1.5 16 11 6 13 13% 9155 287433 7949 10%
c - 17.61 144 57 0 48 17699 4 219045 32697 1.5 16 11 6 13 13% 9152 287430 7949 10%
c - 17.85 152 55 0 49 18187 4 225974 33396 1.5 16 11 6 13 13% 9159 287429 7949 10%
c o 17.92 156 55 0 49 18350 4 227751 34867 1.5 16 11 6 13 13% 9162 287429 7949 10%
c - 18.23 161 55 0 50 19107 4 232976 34276 1.5 16 11 6 13 13% 9168 287428 7949 10%
c - 18.47 106 53 0 51 19565 4 240047 35188 1.5 16 11 6 13 12% 9169 287428 7949 10%
c - 18.65 106 50 0 52 19565 4 247188 36365 1.5 16 11 6 13 12% 9169 287428 7949 10%
c
c seconds   switched     rate          size/glue  tier1     binary         remaining
c         MB  reductions   conflicts         size   tier2      irredundant
c          level   restarts       redundant     glue    trail         variables
c
c s 18.79 106 49 0 52 19565 4 249771 38150 1.5 16 11 6 13 11% 9187 286206 7949 10%
c e 18.86 113 49 0 52 19565 4 249771 38150 1.5 16 11 6 13 11% 7824 299005 6859 9%
c 2 18.86 113 49 0 52 19565 4 249771 38150 1.5 16 11 6 13 11% 7816 299005 6859 9%
c s 18.95 113 49 0 52 19565 4 249771 38150 1.5 16 11 6 13 11% 7871 293885 6859 9%
c e 18.98 113 49 0 52 19565 4 249771 38150 1.5 16 11 6 13 11% 7759 294876 6795 9%
c ! 18.98 113 49 0 52 19565 4 249771 38150 1.5 16 11 6 13 11% 7759 294876 6795 9%
c b 19.02 113 49 0 52 19569 4 250001 32538 1.5 16 11 6 13 11% 7770 294866 6790 9%
c u 19.09 113 49 0 52 19569 4 250001 32378 1.5 16 11 6 13 11% 7765 294866 6790 9%
c v 19.14 113 49 0 52 19569 4 250001 31954 1.5 16 11 6 13 11% 7765 294866 6790 9%
c w 19.15 113 49 0 52 19569 4 250001 31950 1.5 16 11 6 13 11% 7765 294866 6790 9%
c = 19.40 110 49 0 52 19569 4 250001 31950 1.5 16 11 6 13 11% 7807 294726 6769 9%
c d 19.40 110 49 0 52 19569 4 250001 31945 1.5 16 11 6 13 11% 7773 294710 6769 9%
c t 19.41 110 49 0 52 19569 4 250001 31945 1.5 16 11 6 13 11% 7698 294710 6769 9%
c f 19.48 110 49 0 52 19569 4 250001 31945 1.5 16 11 6 13 11% 7875 291529 6905 9%
c u 19.55 122 49 0 52 19569 4 250001 31616 1.5 16 11 6 13 11% 7876 291529 6905 9%
c v 19.60 122 49 0 52 19569 4 250001 31544 1.5 16 11 6 13 11% 7876 291529 6905 9%
c w 19.61 122 49 0 52 19569 4 250001 31541 1.5 16 11 6 13 11% 7876 291529 6905 9%
c = 19.83 130 49 0 52 19569 4 250001 31541 1.5 16 11 6 13 11% 7922 291483 6883 9%
c d 19.84 130 49 0 52 19569 4 250001 31536 1.5 16 11 6 13 11% 7867 291483 6883 9%
c t 19.85 130 49 0 52 19569 4 250001 31536 1.5 16 11 6 13 11% 7853 291483 6883 9%
c
c seconds   switched     rate          size/glue  tier1     binary        remaining
c         MB  reductions   conflicts         size   tier2      irredundant
c          level   restarts       redundant     glue    trail         variables
c
c f 19.86 130 49 0 52 19569 4 250001 31536 1.5 16 11 6 13 11% 7852 291447 6885 9%
c - 20.11 147 49 0 53 20266 4 254399 31213 1.5 16 11 6 13 11% 7836 291447 6885 9%
c - 20.48 122 48 0 54 21004 4 261680 32152 1.5 16 11 6 13 11% 7848 291445 6885 9%
c - 20.89 134 48 0 55 22246 4 269028 32901 1.5 16 11 6 13 11% 7859 291445 6885 9%
c - 21.17 141 47 0 56 22842 4 276444 33753 1.5 16 11 6 13 11% 7865 291443 6885 9%
c - 21.51 100 46 0 57 23389 4 283927 34746 1.5 16 11 6 13 11% 7880 291438 6885 9%
c - 21.71 101 44 0 58 23664 4 291477 35691 1.5 16 11 6 13 11% 7882 291438 6885 9%
c b 21.80 89 42 0 58 23664 4 295408 38465 1.5 16 11 6 13 10% 7882 291438 6880 9%
c u 21.84 92 42 0 58 23664 4 295408 38177 1.5 16 11 6 13 10% 7882 291438 6880 9%
c v 21.89 92 42 0 58 23664 4 295408 38082 1.5 16 11 6 13 10% 7882 291438 6880 9%
c w 21.90 92 42 0 58 23664 4 295408 38064 1.5 16 11 6 13 10% 7882 291438 6880 9%
c = 22.21 110 42 0 58 23664 4 295408 38064 1.5 16 11 6 13 10% 7975 291243 6841 9%
c d 22.22 110 42 0 58 23664 4 295408 38059 1.5 16 11 6 13 10% 7884 291243 6841 9%
c t 22.23 110 42 0 58 23664 4 295408 38059 1.5 16 11 6 13 10% 7842 291243 6839 9%
c f 22.25 110 42 0 58 23664 4 295408 38059 1.5 16 11 6 13 10% 7844 291224 6840 9%
c u 22.34 136 42 0 58 23664 4 295408 37812 1.5 16 11 6 13 10% 7854 291203 6840 9%
c v 22.39 136 42 0 58 23664 4 295408 37151 1.5 16 11 6 13 10% 7854 291203 6840 9%
c w 22.40 136 42 0 58 23664 4 295408 37151 1.5 16 11 6 13 10% 7854 291203 6840 9%
c t 22.67 128 42 0 58 23664 4 295408 37151 1.5 16 11 6 13 10% 7832 291203 6840 9%
c - 22.79 132 41 0 59 23684 4 299092 35995 1.5 16 11 6 13 10% 7832 291203 6840 9%
c
c seconds   switched     rate          size/glue  tier1     binary        remaining
c         MB  reductions   conflicts         size   tier2      irredundant
c          level   restarts       redundant     glue    trail         variables
c
c i 22.90 132 39 0 59 23684 4 304357 39142 1.5 15 11 6 13 10% 7842 291203 6836 9%
c o 22.90 132 39 0 59 23684 4 304357 39142 1.5 15 11 6 13 10% 7842 291203 6836 9%
c - 23.03 133 40 0 60 23944 4 306775 34241 1.5 16 11 6 13 10% 7816 291203 6836 9%
c - 23.30 134 40 0 61 24510 4 314520 35719 1.5 15 11 6 13 10% 7821 291202 6836 9%
c - 23.63 115 39 0 62 25219 4 322330 36777 1.5 16 11 6 13 10% 7825 291202 6836 9%
c - 23.78 115 37 0 63 25219 3 330205 38413 1.5 15 10 6 13 9% 7826 291202 6836 9%
c - 24.02 118 36 0 64 25897 3 338143 40006 1.5 15 10 6 13 9% 7831 291202 6836 9%
c u 24.27 122 35 0 64 26207 3 345001 44614 1.5 15 10 6 13 9% 7843 291148 6836 9%
c v 24.31 122 35 0 64 26207 3 345001 43940 1.5 15 10 6 13 9% 7843 291148 6836 9%
c w 24.33 122 35 0 64 26207 3 345001 43884 1.5 15 10 6 13 9% 7843 291148 6836 9%
c t 24.34 122 35 0 64 26207 3 345001 43884 1.5 15 10 6 13 9% 7837 291148 6836 9%
c - 24.42 126 35 0 65 26237 3 346143 40909 1.5 15 10 6 13 9% 7840 291148 6836 9%
c - 24.75 98 38 0 66 26721 3 354206 42765 1.5 15 10 6 13 10% 7851 291148 6836 9%
c s 25.07 101 38 0 66 27409 3 357818 45883 1.5 15 11 6 13 10% 7870 288747 6836 9%
c e 25.10 105 38 0 66 27409 3 357818 45883 1.5 15 11 6 13 10% 7693 290378 6712 9%
c s 25.20 105 38 0 66 27409 3 357818 45883 1.5 15 11 6 13 10% 7725 289442 6712 9%
c e 25.22 105 38 0 66 27409 3 357818 45883 1.5 15 11 6 13 10% 7706 289637 6700 9%
c - 25.36 107 38 0 67 27585 3 362331 42684 1.5 15 10 6 13 10% 7709 289636 6700 9%
c - 25.56 109 36 0 68 27665 3 370516 43471 1.5 15 10 6 13 9% 7715 289633 6700 9%
c - 25.75 109 35 0 69 27791 3 378764 44857 1.5 15 10 6 13 9% 7717 289632 6700 9%
c
c seconds   switched     rate          size/glue  tier1    binary        remaining
c         MB  reductions   conflicts         size   tier2     irredundant
c          level   restarts       redundant     glue   trail         variables
c
c o 25.96 110 33 0 69 28005 3 386545 50012 1.5 15 10 6 13 9% 7718 289632 6700 9%
c - 26.02 114 34 0 70 28095 3 387070 46299 1.5 15 10 6 13 9% 7720 289632 6700 9%
c - 26.53 128 34 0 71 29336 3 395436 47293 1.5 15 10 6 13 9% 7733 289632 6700 9%
c d 26.61 102 34 0 71 29336 3 398862 49691 1.5 15 10 6 13 9% 7729 289630 6698 9%
c u 26.70 103 34 0 71 29336 3 398862 49521 1.5 15 10 6 13 9% 7724 289630 6698 9%
c v 26.76 103 34 0 71 29336 3 398862 49204 1.5 15 10 6 13 9% 7724 289630 6698 9%
c w 26.77 103 34 0 71 29336 3 398862 49187 1.5 15 10 6 13 9% 7724 289630 6698 9%
c t 27.07 108 34 0 71 29336 3 398862 49187 1.5 15 10 6 13 9% 7676 289630 6698 9%
c f 27.10 108 34 0 71 29336 3 398862 49187 1.5 15 10 6 13 9% 7719 289010 6727 9%
c u 27.18 124 34 0 71 29336 3 398862 49008 1.5 15 10 6 13 9% 7719 289010 6727 9%
c v 27.24 124 34 0 71 29336 3 398862 48596 1.5 15 10 6 13 9% 7719 289010 6727 9%
c w 27.24 124 34 0 71 29336 3 398862 48595 1.5 15 10 6 13 9% 7719 289010 6727 9%
c - 27.50 126 37 0 72 29744 3 403862 40885 1.5 15 10 5 13 9% 7722 289010 6727 9%
c i 27.59 126 36 0 72 29744 3 408483 43338 1.5 15 10 5 13 9% 7731 289010 6726 9%
c - 27.81 104 36 0 73 30339 3 412347 35948 1.5 15 10 5 13 9% 7726 289010 6726 9%
c - 28.12 105 35 0 74 30817 3 420891 35757 1.5 15 10 5 13 9% 7727 289010 6726 9%
c - 28.35 106 33 0 75 30860 3 429494 36737 1.5 15 10 5 12 8% 7731 289009 6726 9%
c i 28.65 113 34 0 75 31664 3 437524 42819 1.5 15 10 5 12 9% 7737 289009 6725 9%
c - 28.70 117 34 0 76 31751 3 438154 37529 1.5 15 10 5 13 9% 7736 289009 6725 9%
c - 29.05 116 33 0 77 32375 3 446871 37246 1.5 15 10 5 13 9% 7741 289009 6725 9%
c
c seconds   switched     rate          size/glue  tier1    binary        remaining
c         MB  reductions   conflicts         size   tier2     irredundant
c          level   restarts       redundant     glue   trail         variables
c
c - 29.26 116 31 0 78 32375 3 455646 37686 1.5 15 10 5 12 8% 7742 289009 6725 9%
c b 29.32 117 32 0 78 32395 3 457009 38602 1.5 15 10 5 12 8% 7753 288984 6723 9%
c u 29.39 118 32 0 78 32395 3 457009 38405 1.5 15 10 5 12 8% 7753 288984 6723 9%
c v 29.44 118 32 0 78 32395 3 457009 37484 1.5 15 10 5 12 8% 7754 288984 6723 9%
c w 29.46 118 32 0 78 32395 3 457009 37470 1.5 15 10 5 12 8% 7754 288984 6723 9%
c t 29.47 118 32 0 78 32395 3 457009 37470 1.5 15 10 5 12 8% 7749 288960 6721 9%
c u 29.56 118 32 0 78 32395 3 457009 36954 1.5 15 10 5 12 8% 7755 288930 6721 9%
c v 29.62 118 32 0 78 32395 3 457009 36782 1.5 15 10 5 12 8% 7756 288930 6721 9%
c w 29.63 118 32 0 78 32395 3 457009 36771 1.5 15 10 5 12 8% 7756 288930 6721 9%
c t 29.96 89 32 0 78 32395 3 457009 36771 1.5 15 10 5 12 8% 7753 288930 6720 9%
c i 29.98 89 32 0 78 32395 3 457194 36904 1.5 15 10 5 12 8% 7754 288929 6719 9%
c - 30.19 92 31 0 79 32554 3 464478 37625 1.5 15 10 5 12 8% 7736 288929 6719 9%
c - 30.39 92 29 0 80 32554 3 473366 39533 1.5 15 10 5 12 8% 7737 288929 6719 9%
c i 30.55 92 28 0 80 32554 3 481028 44275 1.5 14 10 5 12 8% 7745 288929 6717 9%
c o 30.55 92 28 0 80 32554 3 481028 44275 1.5 14 10 5 12 8% 7745 288929 6717 9%
c - 30.60 93 28 0 81 32613 3 482310 37076 1.5 14 10 5 12 8% 7733 288929 6717 9%
c s 30.96 94 27 0 81 32785 3 489782 42141 1.5 14 9 5 12 8% 7752 288391 6717 9%
c e 30.98 98 27 0 81 32785 3 489782 42141 1.5 14 9 5 12 8% 7702 288855 6680 9%
c 2 30.98 98 27 0 81 32785 3 489782 42141 1.5 14 9 5 12 8% 7699 288855 6680 9%
c s 31.08 98 27 0 81 32785 3 489782 42141 1.5 14 9 5 12 8% 7715 288501 6680 9%
c
c seconds  switched     rate          size/glue tier1    binary        remaining
c        MB  reductions   conflicts         size  tier2     irredundant
c         level   restarts       redundant    glue   trail         variables
c
c e 31.10 98 27 0 81 32785 3 489782 42141 1.5 14 9 5 12 8% 7700 288695 6667 9%
c - 31.22 115 27 0 82 33060 3 491312 37429 1.5 14 9 5 12 8% 7701 288695 6667 9%
c - 31.69 140 28 0 83 34137 3 500368 38836 1.5 14 10 5 12 8% 7706 288693 6667 9%
c i 31.99 142 27 0 83 34363 3 508874 44299 1.5 14 9 5 12 8% 7722 288693 6662 9%
c - 32.04 146 28 0 84 34397 3 509479 34068 1.5 14 9 5 12 8% 7700 288692 6662 9%
c - 32.41 157 28 0 85 35446 3 518644 35209 1.5 14 10 5 12 8% 7709 288692 6662 9%
c d 32.43 157 28 0 85 35458 3 519549 35530 1.5 14 10 5 12 8% 7713 288609 6660 9%
c d 32.44 157 28 0 85 35458 3 519549 35509 1.5 14 10 5 12 8% 7711 288603 6659 9%
c b 32.44 157 28 0 85 35458 3 519549 35509 1.5 14 10 5 12 8% 7711 288603 6641 9%
c u 32.51 159 28 0 85 35458 3 519549 35349 1.5 14 10 5 12 8% 7707 288603 6641 9%
c v 32.56 159 28 0 85 35458 3 519549 35222 1.5 14 10 5 12 8% 7707 288603 6641 9%
c w 32.57 159 28 0 85 35458 3 519549 35210 1.5 14 10 5 12 8% 7707 288603 6641 9%
c x 32.63 163 28 0 85 35458 3 519549 35210 1.5 14 10 5 12 8% 7787 288372 6641 9%
c t 32.64 163 28 0 85 35458 3 519549 35210 1.5 14 10 5 12 8% 7762 288372 6632 9%
c f 32.66 163 28 0 85 35458 3 519549 35210 1.5 14 10 5 12 8% 7768 288212 6640 9%
c b 32.69 182 28 0 85 35458 3 519549 35210 1.5 14 10 5 12 8% 7670 288126 6638 9%
c u 32.76 186 28 0 85 35458 3 519549 34983 1.5 14 10 5 12 8% 7676 288126 6638 9%
c v 32.85 186 28 0 85 35458 3 519549 34637 1.5 14 10 5 12 8% 7676 288126 6638 9%
c w 32.86 186 28 0 85 35458 3 519549 34636 1.5 14 10 5 12 8% 7676 288126 6638 9%
c t 32.87 186 28 0 85 35458 3 519549 34636 1.5 14 10 5 12 8% 7668 288112 6638 9%
c
c seconds   switched     rate          size/glue  tier1    binary        remaining
c         MB  reductions   conflicts         size   tier2     irredundant
c          level   restarts       redundant     glue   trail         variables
c
c - 33.22 167 28 0 86 36014 3 527864 35390 1.5 14 10 5 12 8% 7670 288111 6638 9%
c - 33.62 174 28 0 87 36539 3 537138 36385 1.5 14 10 5 12 8% 7673 288110 6638 9%
c - 34.00 183 28 0 88 37537 3 546465 37120 1.4 14 10 5 12 8% 7674 288110 6638 9%
c - 34.50 148 30 0 89 38364 3 555846 38016 1.5 15 10 5 12 8% 7683 288110 6638 9%
c - 34.72 143 28 0 90 38398 3 565279 39969 1.5 14 10 5 12 8% 7684 288110 6638 9%
c - 35.00 151 27 0 91 38762 3 574765 41810 1.5 14 10 5 12 8% 7686 288109 6638 9%
c - 35.30 92 26 0 92 38851 3 584304 42709 1.5 14 10 5 12 8% 7689 288109 6638 9%
c i 35.31 92 26 0 92 38851 3 584751 42919 1.5 14 9 5 12 8% 7698 288109 6637 9%
c o 35.32 92 26 0 92 38851 3 584751 42919 1.5 14 9 5 12 8% 7698 288109 6637 9%
c b 35.41 94 26 0 92 39041 3 586522 40867 1.5 14 10 5 12 8% 7703 288098 6627 9%
c u 35.49 95 26 0 92 39041 3 586522 40683 1.5 14 10 5 12 8% 7704 288098 6627 9%
c v 35.57 95 26 0 92 39041 3 586522 40555 1.5 14 10 5 12 8% 7704 288098 6627 9%
c w 35.60 95 26 0 92 39041 3 586522 40527 1.5 14 10 5 12 8% 7704 288098 6627 9%
c t 35.62 95 26 0 92 39041 3 586522 40527 1.5 14 10 5 12 8% 7716 287995 6627 9%
c u 35.73 95 26 0 92 39041 3 586522 40365 1.5 14 10 5 12 8% 7716 287995 6627 9%
c v 35.80 95 26 0 92 39041 3 586522 40267 1.5 14 10 5 12 8% 7716 287995 6627 9%
c w 35.84 95 26 0 92 39041 3 586522 40247 1.5 14 10 5 12 8% 7716 287995 6627 9%
c = 36.20 100 26 0 92 39041 3 586522 40247 1.5 14 10 5 12 8% 7718 287995 6626 9%
c d 36.20 100 26 0 92 39041 3 586522 40247 1.5 14 10 5 12 8% 7715 287995 6626 9%
c - 36.48 95 26 0 93 39322 3 593896 39651 1.5 14 10 5 12 7% 7664 287995 6626 9%
c
c seconds  switched     rate          size/glue  tier1    binary        remaining
c        MB  reductions   conflicts         size   tier2     irredundant
c         level   restarts       redundant     glue   trail         variables
c
c - 36.90 96 27 0 94 40009 3 603540 41086 1.5 14 10 5 12 8% 7669 287994 6626 9%
c - 37.18 86 26 0 95 40153 3 613238 42215 1.5 14 9 5 12 7% 7671 287994 6626 9%
c - 37.47 83 31 0 96 40314 3 622985 44275 1.5 14 9 5 12 8% 7680 287994 6626 9%
c - 37.76 84 29 0 97 40544 3 632783 45502 1.5 13 9 5 12 8% 7681 287994 6626 9%
c - 38.02 84 28 0 98 40600 2 642632 46961 1.5 13 9 5 11 8% 7682 287994 6626 9%
c i 38.07 84 27 0 98 40600 2 644646 48069 1.5 13 9 5 11 8% 7693 287994 6625 9%
c s 38.31 85 27 0 98 40770 2 647251 49948 1.5 13 9 5 11 7% 7709 281036 6625 9%
c e 38.33 90 27 0 98 40770 2 647251 49948 1.5 13 9 5 11 7% 7599 281635 6576 9%
c s 38.48 90 27 0 98 40770 2 647251 49948 1.5 13 9 5 11 7% 7605 281378 6576 9%
c e 38.49 90 27 0 98 40770 2 647251 49948 1.5 13 9 5 11 7% 7594 281494 6568 9%
c - 38.69 84 27 0 99 41220 2 652532 36260 1.5 13 9 5 11 7% 7593 281494 6568 9%
c b 38.88 87 27 0 99 41509 2 657990 40053 1.5 13 9 5 11 7% 7601 281488 6564 9%
c u 38.94 87 27 0 99 41509 2 657990 39893 1.5 13 9 5 11 7% 7601 281488 6564 9%
c v 38.98 87 27 0 99 41509 2 657990 39599 1.5 13 9 5 11 7% 7601 281488 6564 9%
c w 39.00 87 27 0 99 41509 2 657990 39540 1.5 13 9 5 11 7% 7601 281488 6564 9%
c x 39.05 94 27 0 99 41509 2 657990 39537 1.5 13 9 5 11 7% 7613 281373 6564 9%
c d 39.06 94 27 0 99 41509 2 657990 38744 1.5 13 9 5 11 7% 7611 281369 6563 9%
c t 39.07 94 27 0 99 41509 2 657990 38744 1.5 13 9 5 11 7% 7598 281369 6563 9%
c f 39.09 94 27 0 99 41509 2 657990 38744 1.5 13 9 5 11 7% 7611 281163 6573 9%
c b 39.11 108 27 0 99 41509 2 657990 38744 1.5 13 9 5 11 7% 7611 281163 6572 9%
c
c seconds   switched     rate          size/glue tier1    binary        remaining
c         MB  reductions   conflicts         size  tier2     irredundant
c          level   restarts       redundant    glue   trail         variables
c
c u 39.18 111 27 0 99 41509 2 657990 38443 1.5 13 9 5 11 7% 7611 281163 6572 9%
c v 39.25 111 27 0 99 41509 2 657990 37793 1.5 13 9 5 11 7% 7611 281163 6572 9%
c w 39.28 113 27 0 99 41509 2 657990 37757 1.5 13 9 5 11 7% 7611 281163 6572 9%
c t 39.64 119 27 0 99 41509 2 657990 37757 1.5 13 9 5 11 7% 7613 281153 6572 9%
c - 39.75 119 26 0 100 41509 2 662482 36772 1.5 13 9 5 11 7% 7589 281153 6572 9%
c - 40.01 119 24 0 101 41521 2 672482 39627 1.5 13 9 5 11 7% 7594 281153 6572 9%
c i 40.05 119 24 0 101 41521 2 674106 40563 1.5 13 9 5 11 7% 7600 281153 6571 9%
c i 40.29 124 24 0 101 41955 2 681217 45649 1.5 13 9 5 11 7% 7609 281150 6570 9%
c i 40.29 124 24 0 101 41956 2 681218 45649 1.5 13 9 5 11 7% 7609 281150 6569 9%
c - 40.33 103 24 0 102 42004 2 682532 34913 1.5 13 9 5 11 7% 7594 281150 6569 9%
c i 40.49 103 23 0 102 42004 2 689381 39036 1.5 12 8 5 11 6% 7602 281150 6568 9%
c - 40.68 107 23 0 103 42338 2 692632 32278 1.5 12 9 5 11 7% 7593 281148 6568 9%
c - 40.93 107 22 0 104 42338 2 702780 36230 1.5 13 8 5 11 7% 7593 281148 6568 9%
c o 40.95 107 22 0 104 42339 2 703929 37012 1.5 13 8 5 11 7% 7593 281148 6568 9%
c - 41.25 112 22 0 105 42606 2 712980 39377 1.5 12 8 5 11 6% 7598 281144 6568 9%
c i 41.32 112 21 0 105 42624 2 716149 41227 1.5 12 8 5 11 6% 7613 281144 6556 9%
c i 41.45 95 22 0 105 43330 2 721791 45202 1.5 12 8 5 11 6% 7627 281144 6554 9%
c i 41.51 97 22 0 105 43336 2 723037 45932 1.5 12 8 5 11 6% 7641 281144 6552 9%
c - 41.54 98 22 0 106 43338 2 723226 22607 1.5 12 8 5 11 7% 7575 281144 6552 9%
c i 41.54 98 22 0 106 43338 2 723505 22787 1.5 12 8 5 11 7% 7580 281144 6549 9%
c
c seconds  switched      rate          size/glue tier1    binary        remaining
c        MB  reductions    conflicts         size  tier2     irredundant
c         level    restarts       redundant    glue   trail         variables
c
c i 41.55 98 22 0 106 43338 2 723808 22964 1.5 12 8 5 11 7% 7585 281144 6546 9%
c i 41.55 98 22 0 106 43338 2 723871 22984 1.5 12 8 5 11 7% 7591 281144 6528 9%
c i 41.56 98 22 0 106 43338 2 723899 22987 1.5 12 8 5 11 7% 7595 281144 6527 9%
c i 41.56 98 22 0 106 43338 2 723904 22987 1.5 12 8 5 11 7% 7597 281144 6522 9%
c i 41.56 98 22 0 106 43338 2 723905 22987 1.5 12 8 5 11 7% 7597 281144 6514 8%
c } 41.56 98 22 0 106 43338 2 723930 22996 1.5 12 8 5 11 7% 7603 281144 6466 8%
c 0 41.56 98 22 0 106 43338 2 723930 22996 1.5 12 8 5 11 7% 7603 281144 6466 8%
c
c ---- [ result ] ------------------------------------------------------------
c
s UNSATISFIABLE
c
c ---- [ profiling ] ---------------------------------------------------------
c
c          25.92   62.37 %  search
c          25.92   62.37 %  focused
c          13.51   32.51 %  probe
c          13.26   31.90 %  simplify
c           4.54   10.92 %  congruence
c           3.87    9.30 %  vivify
c           3.32    7.98 %  sweep
c           2.22    5.33 %  preprocess
c           1.91    4.60 %  eliminate
c           1.26    3.04 %  subsume
c           0.87    2.08 %  substitute
c           0.77    1.85 %  factor
c           0.58    1.40 %  reduce
c           0.13    0.31 %  parse
c           0.10    0.23 %  transitive
c           0.06    0.14 %  backbone
c           0.03    0.08 %  lucky
c =============================================
c          41.56  100.00 %  total
c
c ---- [ statistics ] --------------------------------------------------------
c
c chronological:                         1527                0 %  conflicts
c conflicts:                           723930            17418.54 per second
c congruent:                             5968                8 %  variables
c decisions:                          2218047                3.06 per conflict
c eliminated:                           36444               47 %  variables
c factored:                               861                1 %  variables
c iterations:                              58                0 %  variables
c propagations:                     108057028          2599969    per second
c reductions:                             106             6830    interval
c reordered:                               12            60328    interval
c restarts:                             43338               17    interval
c strengthened:                         15137                0 %  checks
c substituted:                           6823                9 %  variables
c subsumed:                             27417                0 %  checks
c switched:                                 0                0    interval
c vivified:                             31660               58 %  checks
c
c ---- [ glue usage ] --------------------------------------------------------
c
c focused glue 5   used 213763 clauses 10.39% accumulated 59.47% tier1
c focused glue 6   used 159101 clauses  7.74% accumulated 67.20%
c focused glue 7-9 used 350204 clauses 17.03% accumulated 84.23%
c focused glue 10  used  78584 clauses  3.82% accumulated 88.05%
c focused glue 11  used  59372 clauses  2.89% accumulated 90.94% tier2
c
c ---- [ resources ] ---------------------------------------------------------
c
c maximum-resident-set-size:     281538461696 bytes     268496 MB
c process-time:                            42s              41.56 seconds
c
c ---- [ shutting down ] -----------------------------------------------------
c
c exit 20
real 54.33
kissat_exit=20
