c ---- [ banner ] ------------------------------------------------------------
c
c Kissat SAT Solver
c 
c Copyright (c) 2021-2024 Armin Biere University of Freiburg
c Copyright (c) 2019-2021 Armin Biere Johannes Kepler University Linz
c 
c Version 4.0.4 8af8e56f174b778aef3aa45af9f739b2a5f492c2
c Apple clang version 21.0.0 (clang-2100.1.1.101) -W -Wall -O3 -DNDEBUG
c Sat Sep 5 13:52:00 PDT 2026 Darwin 842f5797331b 25.6.0 arm64
c
c ---- [ proving ] -----------------------------------------------------------
c
c opened and writing proof to compressed DRAT file:
c
c   .selection/project-8-ramsey-5-5/results/orbit-p3-c6/p3-c6-k0.drat.xz
c
c ---- [ parsing ] -----------------------------------------------------------
c
c opened and reading DIMACS file:
c
c   .selection/project-8-ramsey-5-5/results/orbit-p3-c6/p3-c6-k0.cnf
c
c parsed 'p cnf 67709 910918' header
c closing input after reading 33375330 bytes (32 MB)
c finished parsing after 0.13 seconds
c
c ---- [ options ] -----------------------------------------------------------
c
c --stable=0                       (different from default '1')
c
c ---- [ solving ] -----------------------------------------------------------
c
c seconds  switched rate     size/glue tier1   binary           remaining
c         MB reductions conflicts size  tier2      irredundant
c          level restarts redundant glue  trail            variables
c
c *  0.13 104 0 0 0  0 0   0   0 0.0 0 0 0 0 0% 102300 757865 44798 66%
c (  0.14 136 0 0 0  0 0   0   0 0.0 0 0 0 0 0% 102300 757865 44798 66%
c .  0.17 150 0 0 0  0 0   0   0 0.0 0 0 0 0 0% 89171 721787 44798 66%
c c  3.78 102 0 0 0  0 0   0   0 0.0 0 0 0 0 0% 89658 616244 42431 63%
c d  3.79 103 0 0 0  0 0   0   0 0.0 0 0 0 0 0% 84631 616244 42431 63%
c f  3.86 128 0 0 0  0 0   0   0 0.0 0 0 0 0 0% 84317 616244 42551 63%
c )  3.87 128 0 0 0  0 0   0   0 0.0 0 0 0 0 0% 84317 616244 42551 63%
c {  3.87 129 0 0 0  0 0   0   0 0.0 0 0 2 6 0% 84317 616244 42551 63%
c -  3.97 132 103 0 1 156 18 1000 638 1.3 26 21 14 31 27% 84345 616238 42551 63%
c i  3.98 133 102 0 1 160 18 1062 699 1.3 26 21 14 31 27% 84345 616238 42549 63%
c i  4.04 138 140 0 1 162 12 1802 1379 1.5 24 16 11 29 30% 84366 616237 42536 63%
c -  4.07 141 153 0 2 162 11 2000 1173 1.5 23 15 10 26 31% 84334 616235 42536 63%
c c  8.10 150 153 0 2 173 10 2822 1924 1.5 22 14 10 26 31% 85641 615359 41672 62%
c d  8.11 150 153 0 2 173 10 2822 1924 1.5 22 14 10 26 31% 83595 615343 41658 62%
c b  8.11 150 153 0 2 173 10 2822 1924 1.5 22 14 10 26 31% 83595 615343 41633 61%
c u  8.13 151 153 0 2 173 10 2822 1911 1.5 22 14 10 26 31% 82587 615343 41633 61%
c v  8.15 152 153 0 2 173 10 2822 1902 1.5 22 14 10 26 31% 82587 615343 41633 61%
c w  8.16 152 153 0 2 173 10 2822 1902 1.5 22 14 10 26 31% 82587 615343 41633 61%
c x  8.18 153 153 0 2 173 10 2822 1902 1.5 22 14 10 26 31% 82765 615062 41473 61%
c d  8.19 153 153 0 2 173 10 2822 1902 1.5 22 14 10 26 31% 82407 614982 41285 61%
c
c seconds    switched   rate       size/glue  tier1      binary           remaining
c         MB  reductions conflicts       size    tier2       irredundant
c           level restarts    redundant     glue     trail           variables
c
c t  8.20 153 153 0 2 173 10 2822 1902 1.5 22 14 10 26 31% 82354 614982 41285 61%
c f  8.21 153 153 0 2 173 10 2822 1902 1.5 22 14 10 26 31% 82233 614982 41302 61%
c c 11.30 94 153 0 2 173 10 2822 1902 1.5 22 14 10 26 31% 82503 614548 40865 60%
c d 11.31 94 153 0 2 173 10 2822 1902 1.5 22 14 10 26 31% 81587 614546 40865 60%
c b 11.32 94 153 0 2 173 10 2822 1902 1.5 22 14 10 26 31% 81587 614546 40858 60%
c u 11.33 95 153 0 2 173 10 2822 1880 1.5 22 14 10 26 31% 80984 614546 40858 60%
c v 11.35 96 153 0 2 173 10 2822 1868 1.5 22 14 10 26 31% 80984 614546 40858 60%
c w 11.36 96 153 0 2 173 10 2822 1868 1.5 22 14 10 26 31% 80984 614546 40858 60%
c x 11.38 99 153 0 2 173 10 2822 1863 1.5 22 14 10 26 31% 81037 614467 40826 60%
c d 11.46 119 153 0 2 173 10 2822 1863 1.5 22 14 10 26 31% 80959 614450 40776 60%
c b 11.47 119 153 0 2 173 10 2822 1863 1.5 22 14 10 26 31% 80959 614450 40760 60%
c f 11.48 119 153 0 2 173 10 2822 1863 1.5 22 14 10 26 31% 80930 614450 40763 60%
c i 11.48 119 153 0 2 173 10 2822 1863 1.5 22 14 10 26 31% 80930 614450 40763 60%
c i 11.50 117 150 0 2 195 11 2915 1954 1.5 22 14 10 26 30% 80931 614450 40758 60%
c i 11.50 118 150 0 2 195 11 2916 1954 1.5 22 14 10 26 30% 80931 614450 40757 60%
c i 11.51 118 150 0 2 197 11 2920 1956 1.5 22 14 10 26 30% 80932 614450 40754 60%
c - 11.60 122 145 0 3 368 16 3414 1821 1.4 23 16 10 26 30% 80775 614450 40754 60%
c i 11.63 123 145 0 3 404 17 3495 1901 1.4 24 16 10 26 30% 80775 614450 40749 60%
c - 11.79 131 151 0 4 529 15 5148 2635 1.4 22 16 9 25 30% 80786 614446 40749 60%
c i 11.90 138 154 0 4 626 14 6169 3597 1.4 22 15 9 25 31% 80796 614446 40739 60%
c
c seconds    switched   rate       size/glue  tier1     binary           remaining
c         MB  reductions conflicts       size   tier2       irredundant
c           level restarts    redundant     glue    trail           variables
c
c - 12.03 147 163 0 5 735 13 7149 3377 1.4 21 15 8 23 31% 80774 614446 40739 60%
c c 12.32 207 160 0 5 986 13 8686 4864 1.4 21 15 8 23 31% 81418 614104 40409 60%
c d 12.33 209 160 0 5 986 13 8686 4864 1.4 21 15 8 23 31% 80684 614061 40396 60%
c d 12.33 209 160 0 5 986 13 8686 4864 1.4 21 15 8 23 31% 80646 614061 40377 60%
c b 12.34 209 160 0 5 986 13 8686 4864 1.4 21 15 8 23 31% 80646 614061 40322 60%
c u 12.37 210 160 0 5 986 13 8686 4830 1.4 21 15 8 23 31% 80101 614061 40322 60%
c v 12.40 210 160 0 5 986 13 8686 4806 1.4 21 15 8 23 31% 80101 614061 40322 60%
c w 12.42 210 160 0 5 986 13 8686 4806 1.4 21 15 8 23 31% 80101 614061 40322 60%
c x 12.45 210 160 0 5 986 13 8686 4801 1.4 21 15 8 23 31% 80366 613633 40120 59%
c d 12.46 210 160 0 5 986 13 8686 4798 1.4 21 15 8 23 31% 79891 613517 39857 59%
c d 12.46 210 160 0 5 986 13 8686 4798 1.4 21 15 8 23 31% 79859 613517 39841 59%
c t 12.47 210 160 0 5 986 13 8686 4798 1.4 21 15 8 23 31% 79787 613517 39841 59%
c b 12.48 210 160 0 5 986 13 8686 4798 1.4 21 15 8 23 31% 79787 613517 39818 59%
c f 12.48 210 160 0 5 986 13 8686 4798 1.4 21 15 8 23 31% 79600 613517 39842 59%
c c 12.58 226 160 0 5 986 13 8686 4798 1.4 21 15 8 23 31% 79631 613159 39480 58%
c d 12.59 228 160 0 5 986 13 8686 4795 1.4 21 15 8 23 31% 78823 613137 39472 58%
c u 12.63 233 160 0 5 986 13 8686 4758 1.4 21 15 8 23 31% 78243 613137 39470 58%
c v 12.66 234 160 0 5 986 13 8686 4746 1.4 21 15 8 23 31% 78243 613137 39470 58%
c w 12.68 234 160 0 5 986 13 8686 4746 1.4 21 15 8 23 31% 78243 613137 39470 58%
c x 12.71 235 160 0 5 986 13 8686 4746 1.4 21 15 8 23 31% 78454 612806 39256 58%
c
c seconds    switched   rate       size/glue  tier1     binary           remaining
c         MB  reductions conflicts       size   tier2       irredundant
c           level restarts    redundant     glue    trail           variables
c
c d 12.72 235 160 0 5 986 13 8686 4736 1.4 21 15 8 23 31% 78063 612688 39038 58%
c d 12.73 235 160 0 5 986 13 8686 4736 1.4 21 15 8 23 31% 78039 612688 39026 58%
c b 12.74 235 160 0 5 986 13 8686 4736 1.4 21 15 8 23 31% 78039 612688 39016 58%
c f 12.74 235 160 0 5 986 13 8686 4736 1.4 21 15 8 23 31% 77867 612688 39038 58%
c i 12.75 235 160 0 5 986 13 8686 4736 1.4 21 15 8 23 31% 77867 612688 39038 58%
c - 12.82 236 161 0 6 1021 13 9386 4055 1.4 21 15 8 22 30% 77405 612678 39038 58%
c o 12.88 239 165 0 6 1036 12 10041 4664 1.4 21 14 8 22 31% 77405 612678 39038 58%
c i 12.91 242 164 0 6 1051 12 10192 4808 1.4 21 14 8 22 31% 77405 612678 39037 58%
c - 13.12 249 159 0 7 1305 13 11835 4975 1.4 21 15 8 23 30% 77405 612678 39037 58%
c 2 13.39 263 148 0 7 1641 13 14109 7161 1.4 21 15 8 23 29% 77414 612676 39036 58%
c s 13.46 265 148 0 7 1641 13 14109 7161 1.4 21 15 8 23 29% 77541 612547 39036 58%
c e 13.54 279 148 0 7 1641 13 14109 7161 1.4 21 15 8 23 29% 14336 619572 13358 20%
c 2 13.54 279 148 0 7 1641 13 14109 7161 1.4 21 15 8 23 29% 14293 619572 13358 20%
c s 13.61 281 148 0 7 1641 13 14109 7161 1.4 21 15 8 23 29% 14715 617639 13358 20%
c e 13.64 281 148 0 7 1641 13 14109 7161 1.4 21 15 8 23 29% 14177 617964 13076 19%
c ^ 13.64 281 148 0 7 1641 13 14109 7161 1.4 21 15 8 23 29% 14177 617964 13076 19%
c - 13.71 282 145 0 8 1716 14 14481 4668 1.4 21 15 9 23 29% 14177 617964 13076 19%
c - 13.90 286 161 0 9 1860 13 17310 5528 1.4 20 14 8 22 30% 14195 617963 13076 19%
c c 13.97 283 166 0 9 1860 13 17785 5976 1.4 20 14 8 22 31% 14384 617871 13045 19%
c d 13.98 286 166 0 9 1860 13 17785 5974 1.4 20 14 8 22 31% 14301 617846 13033 19%
c
c seconds    switched    rate        size/glue  tier1     binary           remaining
c         MB  reductions   conflicts       size   tier2       irredundant
c           level  restarts     redundant     glue    trail           variables
c
c d 13.99 286 166 0 9 1860 13 17785 5974 1.4 20 14 8 22 31% 14297 617844 13031 19%
c b 13.99 286 166 0 9 1860 13 17785 5974 1.4 20 14 8 22 31% 14297 617844 13019 19%
c u 14.03 286 166 0 9 1860 13 17785 5929 1.4 20 14 8 22 31% 14239 617844 13017 19%
c v 14.06 286 166 0 9 1860 13 17785 5906 1.4 20 14 8 22 31% 14239 617844 13017 19%
c w 14.07 286 166 0 9 1860 13 17785 5906 1.4 20 14 8 22 31% 14239 617844 13017 19%
c x 14.10 286 166 0 9 1860 13 17785 5905 1.4 20 14 8 22 31% 14276 617746 13001 19%
c = 14.29 291 166 0 9 1860 13 17785 5905 1.4 20 14 8 22 31% 14302 617685 12988 19%
c d 14.30 291 166 0 9 1860 13 17785 5900 1.4 20 14 8 22 31% 14306 617640 12988 19%
c t 14.31 291 166 0 9 1860 13 17785 5900 1.4 20 14 8 22 31% 14019 617640 12984 19%
c f 14.34 291 166 0 9 1860 13 17785 5900 1.4 20 14 8 22 31% 14081 617329 13072 19%
c u 14.43 291 166 0 9 1860 13 17785 5811 1.4 20 14 8 22 31% 14035 617308 13072 19%
c v 14.47 291 166 0 9 1860 13 17785 5774 1.4 20 14 8 22 31% 14035 617308 13072 19%
c w 14.49 291 166 0 9 1860 13 17785 5768 1.4 20 14 8 22 31% 14035 617308 13072 19%
c t 14.50 291 166 0 9 1860 13 17785 5768 1.4 20 14 8 22 31% 13977 617308 13072 19%
c f 14.51 291 166 0 9 1860 13 17785 5768 1.4 20 14 8 22 31% 13978 617305 13073 19%
c i 14.52 287 166 0 9 1860 13 17785 5768 1.4 20 14 8 22 31% 13978 617305 13073 19%
c o 14.70 291 172 0 9 2126 12 20041 7845 1.4 20 14 8 22 31% 14002 617304 13073 19%
c - 14.74 277 170 0 10 2190 13 20310 6242 1.4 20 14 8 22 31% 14002 617304 13073 19%
c - 14.99 284 182 0 11 2526 12 23474 7209 1.4 20 14 8 22 32% 14032 617302 13073 19%
c - 15.21 257 192 0 12 2766 12 26790 8417 1.4 20 14 8 21 33% 14051 617301 13073 19%
c
c seconds    switched     rate        size/glue  tier1     binary           remaining
c         MB   reductions   conflicts       size   tier2       irredundant
c           level   restarts     redundant     glue    trail           variables
c
c s 15.33 263 191 0 12 2917 12 28051 9581 1.4 20 14 8 21 33% 14094 616258 13073 19%
c e 15.39 310 191 0 12 2917 12 28051 9581 1.4 20 14 8 21 33% 11152 621617 10304 15%
c 2 15.39 310 191 0 12 2917 12 28051 9581 1.4 20 14 8 21 33% 11141 621617 10304 15%
c s 15.43 310 191 0 12 2917 12 28051 9581 1.4 20 14 8 21 33% 11330 620858 10304 15%
c e 15.46 310 191 0 12 2917 12 28051 9581 1.4 20 14 8 21 33% 11209 621012 10236 15%
c ^ 15.46 310 191 0 12 2917 12 28051 9581 1.4 20 14 8 21 33% 11209 621012 10236 15%
c d 15.63 316 198 0 12 2995 12 30193 10541 1.4 19 14 8 21 33% 11232 621006 10234 15%
c b 15.64 316 198 0 12 2995 12 30193 10541 1.4 19 14 8 21 33% 11232 621006 10229 15%
c u 15.67 317 198 0 12 2995 12 30193 10492 1.4 19 14 8 21 33% 11219 621006 10229 15%
c v 15.71 318 198 0 12 2995 12 30193 10473 1.4 19 14 8 21 33% 11219 621006 10229 15%
c w 15.72 318 198 0 12 2995 12 30193 10472 1.4 19 14 8 21 33% 11219 621006 10229 15%
c = 15.93 327 198 0 12 2995 12 30193 10472 1.4 19 14 8 21 33% 11345 620803 10173 15%
c d 15.94 327 198 0 12 2995 12 30193 10468 1.4 19 14 8 21 33% 11195 620803 10173 15%
c t 15.96 327 198 0 12 2995 12 30193 10468 1.4 19 14 8 21 33% 10991 620803 10173 15%
c f 15.99 327 198 0 12 2995 12 30193 10468 1.4 19 14 8 21 33% 11064 620489 10237 15%
c u 16.09 325 198 0 12 2995 12 30193 10439 1.4 19 14 8 21 33% 11185 620489 10237 15%
c v 16.13 325 198 0 12 2995 12 30193 10414 1.4 19 14 8 21 33% 11185 620489 10237 15%
c w 16.15 325 198 0 12 2995 12 30193 10414 1.4 19 14 8 21 33% 11185 620489 10237 15%
c = 16.34 319 198 0 12 2995 12 30193 10414 1.4 19 14 8 21 33% 11355 620271 10157 15%
c d 16.35 319 198 0 12 2995 12 30193 10412 1.4 19 14 8 21 33% 11127 620271 10157 15%
c
c seconds    switched     rate         size/glue  tier1     binary           remaining
c         MB   reductions   conflicts        size   tier2       irredundant
c           level   restarts      redundant     glue    trail           variables
c
c t 16.36 319 198 0 12 2995 12 30193 10412 1.4 19 14 8 21 33% 11054 620271 10157 15%
c f 16.37 319 198 0 12 2995 12 30193 10412 1.4 19 14 8 21 33% 11054 620265 10159 15%
c - 16.43 318 199 0 13 2995 12 30254 8944 1.4 19 14 8 21 33% 11055 620265 10159 15%
c - 16.74 307 195 0 14 3633 12 33860 10118 1.4 19 14 8 21 32% 11075 620263 10159 15%
c - 17.02 313 194 0 15 4169 12 37603 11183 1.4 20 14 8 21 32% 11089 620261 10159 15%
c o 17.19 266 191 0 15 4459 12 40362 13674 1.4 19 14 8 21 32% 11098 620261 10159 15%
c - 17.30 275 193 0 16 4611 12 41475 11289 1.4 19 14 7 20 32% 11107 620256 10159 15%
c - 17.55 284 193 0 17 5179 12 45475 12189 1.4 19 14 7 20 31% 11127 620254 10159 15%
c d 17.63 289 194 0 17 5267 12 46170 12853 1.4 19 14 7 20 31% 11099 620214 10137 15%
c d 17.63 289 194 0 17 5267 12 46170 12853 1.4 19 14 7 20 31% 11093 620206 10134 15%
c u 17.69 294 194 0 17 5267 12 46170 12788 1.4 19 14 7 20 31% 11091 620206 10134 15%
c v 17.74 295 194 0 17 5267 12 46170 12748 1.4 19 14 7 20 31% 11091 620206 10134 15%
c w 17.76 295 194 0 17 5267 12 46170 12746 1.4 19 14 7 20 31% 11091 620206 10134 15%
c = 17.99 312 194 0 17 5267 12 46170 12746 1.4 19 14 7 20 31% 11420 619760 9976 15%
c d 17.99 312 194 0 17 5267 12 46170 12720 1.4 19 14 7 20 31% 10982 619760 9976 15%
c t 18.01 312 194 0 17 5267 12 46170 12720 1.4 19 14 7 20 31% 10892 619760 9968 15%
c f 18.02 312 194 0 17 5267 12 46170 12720 1.4 19 14 7 20 31% 10896 619743 9971 15%
c u 18.09 311 194 0 17 5267 12 46170 12664 1.4 19 14 7 20 31% 10921 619693 9971 15%
c v 18.13 311 194 0 17 5267 12 46170 12649 1.4 19 14 7 20 31% 10921 619693 9971 15%
c w 18.15 311 194 0 17 5267 12 46170 12649 1.4 19 14 7 20 31% 10921 619693 9971 15%
c
c seconds    switched     rate         size/glue  tier1     binary          remaining
c         MB   reductions   conflicts        size   tier2       irredundant
c           level   restarts      redundant     glue    trail          variables
c
c = 18.41 269 194 0 17 5267 12 46170 12649 1.4 19 14 7 20 31% 11313 619166 9784 14%
c d 18.42 269 194 0 17 5267 12 46170 12615 1.4 19 14 7 20 31% 10806 619166 9784 14%
c t 18.43 269 194 0 17 5267 12 46170 12615 1.4 19 14 7 20 31% 10722 619166 9784 14%
c f 18.44 269 194 0 17 5267 12 46170 12615 1.4 19 14 7 20 31% 10725 619153 9787 14%
c - 18.73 288 192 0 18 5770 13 49599 13059 1.4 19 14 7 20 31% 10703 619150 9787 14%
c - 18.83 291 194 0 19 5772 12 53842 15125 1.4 18 13 7 19 30% 10710 619148 9787 14%
c - 18.88 291 184 0 20 5772 11 58200 17915 1.4 18 13 7 18 28% 10711 619148 9787 14%
c s 18.95 291 184 0 20 5772 11 58279 17987 1.4 17 13 7 18 28% 10802 615773 9787 14%
c e 18.99 298 184 0 20 5772 11 58279 17987 1.4 17 13 7 18 28% 9472 619187 8563 13%
c 2 18.99 298 184 0 20 5772 11 58279 17987 1.4 17 13 7 18 28% 9460 619187 8563 13%
c s 19.06 298 184 0 20 5772 11 58279 17987 1.4 17 13 7 18 28% 9535 617188 8563 13%
c e 19.08 298 184 0 20 5772 11 58279 17987 1.4 17 13 7 18 28% 9493 617256 8542 13%
c ^ 19.08 298 184 0 20 5772 11 58279 17987 1.4 17 13 7 18 28% 9493 617256 8542 13%
c - 19.50 241 184 0 21 6573 12 62672 17713 1.4 18 13 7 18 28% 9504 617254 8542 13%
c c 19.77 282 183 0 21 7100 12 65822 20697 1.4 18 13 7 18 28% 9535 617234 8538 13%
c d 19.78 282 183 0 21 7100 12 65822 20695 1.4 18 13 7 18 28% 9522 617228 8535 13%
c u 19.84 289 183 0 21 7100 12 65822 20631 1.4 18 13 7 18 28% 9515 617228 8535 13%
c v 19.89 291 183 0 21 7100 12 65822 20538 1.4 18 13 7 18 28% 9515 617228 8535 13%
c w 19.91 291 183 0 21 7100 12 65822 20537 1.4 18 13 7 18 28% 9515 617228 8535 13%
c = 20.01 307 183 0 21 7100 12 65822 20537 1.4 18 13 7 18 28% 9637 617061 8478 13%
c
c seconds    switched     rate         size/glue  tier1     binary         remaining
c         MB   reductions   conflicts        size   tier2      irredundant
c           level   restarts      redundant     glue    trail         variables
c
c d 20.02 307 183 0 21 7100 12 65822 20534 1.4 18 13 7 18 28% 9477 617061 8478 13%
c t 20.03 307 183 0 21 7100 12 65822 20534 1.4 18 13 7 18 28% 9344 617061 8478 13%
c f 20.06 307 183 0 21 7100 12 65822 20534 1.4 18 13 7 18 28% 9555 615899 8620 13%
c u 20.13 329 183 0 21 7100 12 65822 20492 1.4 18 13 7 18 28% 9555 615899 8620 13%
c v 20.18 331 183 0 21 7100 12 65822 20427 1.4 18 13 7 18 28% 9555 615899 8620 13%
c w 20.20 331 183 0 21 7100 12 65822 20425 1.4 18 13 7 18 28% 9555 615899 8620 13%
c - 20.57 337 184 0 22 7203 12 67254 19206 1.4 18 13 7 18 28% 9561 615899 8620 13%
c o 20.86 370 179 0 22 7875 12 70390 22174 1.4 18 13 7 18 28% 9571 615898 8620 13%
c - 21.01 375 181 0 23 8038 12 71944 20509 1.4 18 13 7 18 28% 9578 615898 8620 13%
c - 21.28 348 184 0 24 8471 12 76741 22168 1.4 18 13 7 18 28% 9594 615896 8620 13%
c - 21.70 416 182 0 25 9323 12 81639 23403 1.4 18 13 7 18 28% 9598 615896 8620 13%
c - 22.14 459 183 0 26 10123 13 86639 24542 1.4 18 13 7 18 28% 9609 615892 8620 13%
c d 22.37 496 183 0 26 10471 13 89274 27026 1.4 18 13 7 18 28% 9606 615878 8613 13%
c b 22.39 496 183 0 26 10471 13 89274 27026 1.4 18 13 7 18 28% 9606 615878 8604 13%
c u 22.46 499 183 0 26 10471 13 89274 26882 1.4 18 13 7 18 28% 9614 615878 8604 13%
c v 22.54 501 183 0 26 10471 13 89274 26809 1.4 18 13 7 18 28% 9614 615878 8604 13%
c w 22.57 501 183 0 26 10471 13 89274 26807 1.4 18 13 7 18 28% 9614 615878 8604 13%
c t 22.59 501 183 0 26 10471 13 89274 26807 1.4 18 13 7 18 28% 9618 615809 8604 13%
c u 22.66 501 183 0 26 10471 13 89274 26722 1.4 18 13 7 18 28% 9618 615809 8604 13%
c v 22.72 501 183 0 26 10471 13 89274 26671 1.4 18 13 7 18 28% 9618 615809 8604 13%
c
c seconds    switched      rate         size/glue  tier1     binary         remaining
c         MB   reductions    conflicts        size   tier2      irredundant
c           level   restarts       redundant     glue    trail         variables
c
c w 22.75 502 183 0 26 10471 13 89274 26671 1.4 18 13 7 18 28% 9618 615809 8604 13%
c = 23.14 427 183 0 26 10471 13 89274 26671 1.4 18 13 7 18 28% 9626 615803 8600 13%
c d 23.15 427 183 0 26 10471 13 89274 26667 1.4 18 13 7 18 28% 9614 615803 8600 13%
c t 23.16 427 183 0 26 10471 13 89274 26667 1.4 18 13 7 18 28% 9612 615803 8600 13%
c - 23.40 466 179 0 27 10746 13 91738 25673 1.4 18 13 7 18 28% 9590 615803 8600 13%
c - 23.66 504 175 0 28 11003 12 96934 25443 1.4 18 13 6 18 27% 9605 615801 8600 13%
c - 24.06 579 178 0 29 11383 12 102226 26389 1.4 18 13 6 18 27% 9618 615801 8600 13%
c s 24.64 479 175 0 29 12176 12 106922 30875 1.4 18 13 6 18 27% 9670 615207 8600 13%
c e 24.69 525 175 0 29 12176 12 106922 30875 1.4 18 13 6 18 27% 8611 619701 7626 11%
c 2 24.69 525 175 0 29 12176 12 106922 30875 1.4 18 13 6 18 27% 8591 619701 7626 11%
c s 24.82 527 175 0 29 12176 12 106922 30875 1.4 18 13 6 18 27% 8665 618721 7626 11%
c e 24.85 527 175 0 29 12176 12 106922 30875 1.4 18 13 6 18 27% 8601 618914 7585 11%
c ^ 24.85 527 175 0 29 12176 12 106922 30875 1.4 18 13 6 18 27% 8601 618914 7585 11%
c - 24.95 529 174 0 30 12268 12 107611 25168 1.4 18 13 6 18 27% 8603 618914 7585 11%
c o 25.20 564 172 0 30 12727 12 110394 27800 1.4 18 13 6 18 27% 8606 618914 7585 11%
c - 25.45 388 171 0 31 13142 12 113088 27458 1.4 18 13 7 18 27% 8609 618914 7585 11%
c c 25.62 429 173 0 31 13299 12 116682 30762 1.4 18 13 7 18 27% 8653 618903 7583 11%
c d 25.63 429 173 0 31 13299 12 116682 30762 1.4 18 13 7 18 27% 8649 618903 7583 11%
c b 25.64 429 173 0 31 13299 12 116682 30762 1.4 18 13 7 18 27% 8649 618903 7580 11%
c u 25.71 435 173 0 31 13299 12 116682 30642 1.4 18 13 7 18 27% 8647 618903 7580 11%
c
c seconds    switched      rate          size/glue  tier1     binary         remaining
c         MB   reductions    conflicts         size   tier2      irredundant
c           level   restarts        redundant     glue    trail         variables
c
c v 25.79 438 173 0 31 13299 12 116682 30485 1.4 18 13 7 18 27% 8647 618903 7580 11%
c w 25.82 439 173 0 31 13299 12 116682 30469 1.4 18 13 7 18 27% 8647 618903 7580 11%
c = 26.20 447 173 0 31 13299 12 116682 30469 1.4 18 13 7 18 27% 8651 618884 7575 11%
c d 26.21 447 173 0 31 13299 12 116682 30469 1.4 18 13 7 18 27% 8667 618847 7575 11%
c t 26.22 447 173 0 31 13299 12 116682 30469 1.4 18 13 7 18 27% 8555 618847 7575 11%
c f 26.26 448 173 0 31 13299 12 116682 30469 1.4 18 13 7 18 27% 8575 618629 7595 11%
c u 26.35 462 173 0 31 13299 12 116682 30338 1.4 18 13 7 18 27% 8575 618629 7595 11%
c v 26.43 462 173 0 31 13299 12 116682 30245 1.4 18 13 7 18 27% 8575 618629 7595 11%
c w 26.46 462 173 0 31 13299 12 116682 30241 1.4 18 13 7 18 27% 8575 618629 7595 11%
c = 26.85 257 173 0 31 13299 12 116682 30241 1.4 18 13 7 18 27% 8602 618601 7582 11%
c d 26.86 257 173 0 31 13299 12 116682 30239 1.4 18 13 7 18 27% 8567 618601 7582 11%
c t 26.87 257 173 0 31 13299 12 116682 30239 1.4 18 13 7 18 27% 8560 618601 7582 11%
c - 27.05 290 172 0 32 13416 12 118657 28136 1.4 18 13 6 18 27% 8538 618601 7582 11%
c - 27.50 214 166 0 33 14194 12 124314 29649 1.3 18 13 6 18 26% 8553 618600 7582 11%
c - 27.93 238 166 0 34 14941 12 130058 30839 1.3 18 13 6 18 26% 8562 618597 7582 11%
c - 28.29 288 161 0 35 15295 12 135889 32604 1.3 18 13 6 18 26% 8569 618597 7582 11%
c - 28.53 203 169 0 36 15462 12 141807 34719 1.4 17 13 6 17 26% 8572 618597 7582 11%
c - 28.88 214 166 0 37 15765 11 147807 37018 1.3 17 13 6 17 25% 8578 618596 7582 11%
c d 28.90 214 166 0 37 15765 11 148141 37333 1.3 17 13 6 17 25% 8567 618586 7576 11%
c u 28.98 201 166 0 37 15765 11 148141 36863 1.3 17 13 6 17 25% 8568 618586 7576 11%
c
c seconds    switched      rate          size/glue  tier1     binary         remaining
c         MB   reductions    conflicts         size   tier2      irredundant
c           level   restarts        redundant     glue    trail         variables
c
c v 29.06 206 166 0 37 15765 11 148141 36706 1.3 17 13 6 17 25% 8568 618586 7576 11%
c = 29.44 222 166 0 37 15765 11 148141 36706 1.3 17 13 6 17 25% 8579 618578 7571 11%
c d 29.44 222 166 0 37 15765 11 148141 36704 1.3 17 13 6 17 25% 8566 618578 7571 11%
c t 29.46 222 166 0 37 15765 11 148141 36704 1.3 17 13 6 17 25% 8549 618578 7571 11%
c f 29.47 222 166 0 37 15765 11 148141 36704 1.3 17 13 6 17 25% 8551 618567 7572 11%
c u 29.57 169 166 0 37 15765 11 148141 36292 1.3 17 13 6 17 25% 8551 618567 7572 11%
c v 29.61 170 166 0 37 15765 11 148141 36273 1.3 17 13 6 17 25% 8551 618567 7572 11%
c = 29.98 184 166 0 37 15765 11 148141 36273 1.3 17 13 6 17 25% 8594 618505 7551 11%
c d 29.99 184 166 0 37 15765 11 148141 36266 1.3 17 13 6 17 25% 8538 618505 7551 11%
c t 30.01 184 166 0 37 15765 11 148141 36266 1.3 17 13 6 17 25% 8528 618505 7551 11%
c - 30.20 193 167 0 38 15784 11 153890 39071 1.4 17 12 6 16 25% 8535 618503 7551 11%
c - 30.45 185 163 0 39 15959 11 160054 41804 1.4 16 12 6 16 25% 8543 618502 7551 11%
c i 30.47 187 159 0 39 15959 11 161684 43055 1.4 16 12 6 16 24% 8553 618501 7548 11%
c o 30.48 187 159 0 39 15959 11 161684 43055 1.4 16 12 6 16 24% 8553 618501 7548 11%
c - 30.73 120 157 0 40 16176 11 166298 32076 1.4 16 12 5 16 24% 8539 618500 7548 11%
c - 31.04 110 161 0 41 16286 10 172622 34095 1.4 16 12 5 15 24% 8552 618500 7548 11%
c i 31.08 113 161 0 41 16320 10 172831 34295 1.4 16 12 5 15 24% 8554 618500 7542 11%
c i 31.20 119 156 0 41 16383 10 176006 36972 1.4 16 11 5 15 23% 8564 618499 7541 11%
c s 31.35 110 156 0 41 16383 10 176050 37012 1.4 16 11 5 15 23% 8605 615039 7541 11%
c e 31.40 131 156 0 41 16383 10 176050 37012 1.4 16 11 5 15 23% 7676 620347 6842 10%
c
c seconds    switched      rate          size/glue  tier1     binary         remaining
c         MB   reductions    conflicts         size   tier2      irredundant
c           level   restarts        redundant     glue    trail         variables
c
c 2 31.40 131 156 0 41 16383 10 176050 37012 1.4 16 11 5 15 23% 7668 620347 6842 10%
c s 31.54 133 156 0 41 16383 10 176050 37012 1.4 16 11 5 15 23% 7744 618733 6842 10%
c e 31.57 133 156 0 41 16383 10 176050 37012 1.4 16 11 5 15 23% 7704 618991 6810 10%
c ^ 31.57 133 156 0 41 16383 10 176050 37012 1.4 16 11 5 15 23% 7704 618991 6810 10%
c - 31.82 124 153 0 42 16840 11 179025 24336 1.3 16 12 5 15 23% 7762 618938 6810 10%
c b 32.22 126 149 0 42 17652 11 183747 28733 1.3 16 12 5 15 23% 7772 618936 6806 10%
c u 32.28 128 149 0 42 17652 11 183747 28607 1.3 16 12 5 15 23% 7770 618936 6806 10%
c v 32.33 128 149 0 42 17652 11 183747 28522 1.3 16 12 5 15 23% 7770 618936 6806 10%
c w 32.36 128 149 0 42 17652 11 183747 28517 1.3 16 12 5 15 23% 7770 618936 6806 10%
c = 32.74 137 149 0 42 17652 11 183747 28517 1.3 16 12 5 15 23% 7806 618855 6795 10%
c d 32.75 137 149 0 42 17652 11 183747 28514 1.3 16 12 5 15 23% 7778 618855 6795 10%
c t 32.76 137 149 0 42 17652 11 183747 28514 1.3 16 12 5 15 23% 7667 618855 6795 10%
c f 32.79 137 149 0 42 17652 11 183747 28514 1.3 16 12 5 15 23% 7676 618746 6800 10%
c c 32.85 200 149 0 42 17652 11 183747 28512 1.3 16 12 5 15 23% 7682 618738 6799 10%
c d 32.86 201 149 0 42 17652 11 183747 28512 1.3 16 12 5 15 23% 7680 618738 6799 10%
c b 32.87 201 149 0 42 17652 11 183747 28512 1.3 16 12 5 15 23% 7680 618738 6794 10%
c u 32.94 210 149 0 42 17652 11 183747 28352 1.3 16 12 5 15 23% 7683 618738 6794 10%
c v 33.01 211 149 0 42 17652 11 183747 28229 1.3 16 12 5 15 23% 7683 618738 6794 10%
c w 33.04 211 149 0 42 17652 11 183747 28221 1.3 16 12 5 15 23% 7683 618738 6794 10%
c = 33.39 225 149 0 42 17652 11 183747 28221 1.3 16 12 5 15 23% 7692 618704 6790 10%
c
c seconds    switched      rate          size/glue  tier1     binary         remaining
c         MB   reductions    conflicts         size   tier2      irredundant
c           level   restarts        redundant     glue    trail         variables
c
c d 33.40 225 149 0 42 17652 11 183747 28220 1.3 16 12 5 15 23% 7697 618687 6790 10%
c t 33.42 225 149 0 42 17652 11 183747 28220 1.3 16 12 5 15 23% 7677 618687 6790 10%
c - 33.59 234 148 0 43 17951 11 185506 25244 1.3 16 12 5 15 23% 7656 618687 6790 10%
c - 34.02 211 149 0 44 18634 11 192063 26795 1.3 16 12 5 15 23% 7665 618683 6790 10%
c - 34.38 285 148 0 45 19063 11 198697 29260 1.3 16 12 5 15 23% 7672 618683 6790 10%
c - 34.82 362 146 0 46 19681 11 205405 31258 1.3 16 12 5 15 23% 7684 618681 6790 10%
c - 35.08 268 150 0 47 20153 11 212188 33540 1.3 16 12 5 15 23% 7689 618680 6790 10%
c - 35.33 278 156 0 48 20401 11 219043 35912 1.3 16 12 5 15 23% 7693 618680 6790 10%
c o 35.45 287 157 0 48 20530 10 221684 38415 1.4 15 11 5 15 23% 7696 618680 6790 10%
c d 35.66 303 156 0 48 20867 11 223612 40251 1.4 16 12 5 15 23% 7695 618680 6789 10%
c b 35.67 303 156 0 48 20867 11 223612 40251 1.4 16 12 5 15 23% 7695 618680 6787 10%
c u 35.76 306 156 0 48 20867 11 223612 39919 1.4 16 12 5 15 23% 7696 618680 6787 10%
c v 35.84 306 156 0 48 20867 11 223612 39782 1.4 16 12 5 15 23% 7696 618680 6787 10%
c w 35.88 307 156 0 48 20867 11 223612 39779 1.4 16 12 5 15 23% 7696 618680 6787 10%
c = 36.31 224 156 0 48 20867 11 223612 39779 1.4 16 12 5 15 23% 7727 618611 6763 10%
c d 36.32 224 156 0 48 20867 11 223612 39773 1.4 16 12 5 15 23% 7709 618536 6763 10%
c t 36.33 224 156 0 48 20867 11 223612 39773 1.4 16 12 5 15 23% 7676 618536 6763 10%
c u 36.45 224 156 0 48 20867 11 223612 39553 1.4 16 12 5 15 23% 7676 618536 6763 10%
c v 36.54 224 156 0 48 20867 11 223612 39443 1.4 16 12 5 15 23% 7676 618536 6763 10%
c w 36.57 224 156 0 48 20867 11 223612 39442 1.4 16 12 5 15 23% 7676 618536 6763 10%
c
c seconds    switched      rate          size/glue  tier1     binary         remaining
c         MB   reductions    conflicts         size   tier2      irredundant
c           level   restarts        redundant     glue    trail         variables
c
c = 37.00 224 156 0 48 20867 11 223612 39442 1.4 16 12 5 15 23% 7724 618465 6739 10%
c d 37.01 224 156 0 48 20867 11 223612 39438 1.4 16 12 5 15 23% 7660 618465 6739 10%
c t 37.02 224 156 0 48 20867 11 223612 39438 1.4 16 12 5 15 23% 7645 618465 6739 10%
c - 37.22 133 154 0 49 21174 11 225972 37159 1.3 16 12 5 15 23% 7621 618465 6739 10%
c - 37.71 158 151 0 50 22135 11 232973 37997 1.3 16 12 5 15 23% 7626 618462 6739 10%
c - 38.00 173 152 0 51 22488 11 240044 39386 1.4 16 12 5 14 23% 7630 618462 6739 10%
c - 38.50 199 148 0 52 22967 11 247187 41672 1.4 16 12 5 14 23% 7640 618460 6739 10%
c i 38.98 231 144 0 52 23745 11 252861 47054 1.4 16 12 5 14 22% 7650 618457 6738 10%
c i 38.98 231 144 0 52 23745 11 252889 47078 1.4 16 12 5 14 22% 7651 618456 6736 10%
c i 38.98 231 144 0 52 23745 11 252890 47078 1.4 16 12 5 14 22% 7651 618456 6735 10%
c - 39.08 240 145 0 53 23799 11 254398 37901 1.4 16 12 5 14 22% 7622 618456 6735 10%
c i 39.30 248 140 0 53 24006 11 260995 43943 1.4 16 11 5 14 21% 7629 618455 6725 10%
c i 39.31 248 140 0 53 24006 11 261020 43960 1.4 16 11 5 14 21% 7633 618455 6721 10%
c - 39.35 188 139 0 54 24046 11 261678 40432 1.4 16 11 5 14 21% 7595 618455 6721 10%
c s 39.79 204 135 0 54 24242 10 267538 45843 1.4 15 11 5 14 21% 7645 612654 6721 10%
c e 39.84 215 135 0 54 24242 10 267538 45843 1.4 15 11 5 14 21% 6688 622564 5955 9%
c 2 39.84 215 135 0 54 24242 10 267538 45843 1.4 15 11 5 14 21% 6671 622564 5955 9%
c s 40.03 217 135 0 54 24242 10 267538 45843 1.4 15 11 5 14 21% 6759 619443 5955 9%
c e 40.06 217 135 0 54 24242 10 267538 45843 1.4 15 11 5 14 21% 6692 620112 5910 9%
c ! 40.06 217 135 0 54 24242 10 267538 45843 1.4 15 11 5 14 21% 6692 620112 5910 9%
c
c seconds    switched      rate          size/glue  tier1     binary        remaining
c         MB   reductions    conflicts         size   tier2      irredundant
c           level   restarts        redundant     glue    trail         variables
c
c b 40.10 217 135 0 54 24261 10 267792 41077 1.4 15 11 5 14 21% 6721 620084 5906 9%
c u 40.19 217 135 0 54 24261 10 267792 39959 1.4 15 11 5 14 21% 6723 620084 5906 9%
c v 40.29 217 135 0 54 24261 10 267792 39331 1.4 15 11 5 14 21% 6721 620084 5906 9%
c w 40.33 217 135 0 54 24261 10 267792 39292 1.4 15 11 5 14 21% 6721 620084 5906 9%
c = 40.84 166 135 0 54 24261 10 267792 39292 1.4 15 11 5 14 21% 6733 620041 5901 9%
c d 40.85 166 135 0 54 24261 10 267792 39289 1.4 15 11 5 14 21% 6732 620029 5901 9%
c t 40.86 166 135 0 54 24261 10 267792 39289 1.4 15 11 5 14 21% 6603 620029 5898 9%
c f 40.91 166 135 0 54 24261 10 267792 39289 1.4 15 11 5 14 21% 6752 617899 5999 9%
c u 41.02 191 135 0 54 24261 10 267792 37750 1.4 15 11 5 14 21% 6759 617879 5999 9%
c v 41.11 196 135 0 54 24261 10 267792 37619 1.4 15 11 5 14 21% 6759 617879 5999 9%
c w 41.16 197 135 0 54 24261 10 267792 37601 1.4 15 11 5 14 21% 6759 617879 5999 9%
c = 41.35 170 135 0 54 24261 10 267792 37601 1.4 15 11 5 14 21% 6763 617877 5997 9%
c d 41.36 170 135 0 54 24261 10 267792 37599 1.4 15 11 5 14 21% 6757 617877 5997 9%
c t 41.38 170 135 0 54 24261 10 267792 37599 1.4 15 11 5 14 21% 6753 617877 5997 9%
c - 41.51 176 134 0 55 24356 10 269026 35077 1.4 15 11 5 14 21% 6723 617877 5997 9%
c i 41.62 181 136 0 55 24493 10 271251 37165 1.4 15 11 5 14 21% 6724 617876 5996 9%
c i 41.79 184 132 0 55 24569 10 275786 41084 1.4 15 11 5 14 20% 6744 617872 5979 9%
c - 41.86 187 132 0 56 24689 10 276443 26386 1.4 15 11 4 14 20% 6676 617872 5979 9%
c i 42.00 196 131 0 56 25081 11 278339 28157 1.4 15 11 4 14 20% 6679 617872 5975 9%
c - 42.24 211 127 0 57 25342 10 283927 27734 1.4 15 11 4 14 20% 6673 617870 5975 9%
c
c seconds    switched      rate          size/glue  tier1     binary        remaining
c         MB   reductions    conflicts         size   tier2      irredundant
c           level   restarts        redundant     glue    trail         variables
c
c i 42.26 211 125 0 57 25342 10 285612 29092 1.4 15 11 4 14 20% 6687 617870 5967 9%
c - 42.53 207 124 0 58 25640 10 291476 24486 1.4 15 11 4 14 19% 6666 617869 5967 9%
c o 42.61 208 118 0 58 25641 10 297392 29921 1.4 15 11 4 14 18% 6669 617869 5967 9%
c i 42.69 211 117 0 58 25767 10 298698 31063 1.4 15 11 4 14 18% 6687 617869 5961 9%
c - 42.74 216 117 0 59 25832 10 299092 24256 1.4 15 11 4 13 18% 6653 617869 5961 9%
c i 42.80 222 116 0 59 25990 10 300313 25379 1.4 15 11 4 13 18% 6653 617869 5957 9%
c i 42.80 222 116 0 59 25990 10 300316 25378 1.4 15 11 4 13 18% 6655 617869 5956 9%
c i 42.80 222 116 0 59 25990 10 300395 25437 1.4 15 11 4 13 18% 6662 617869 5951 9%
c i 42.82 223 115 0 59 25990 10 301267 26183 1.4 15 11 4 13 18% 6670 617869 5942 9%
c i 42.84 224 117 0 59 25990 10 301860 26692 1.4 15 11 4 13 18% 6675 617868 5938 9%
c i 42.84 224 116 0 59 25990 10 301945 26733 1.4 15 11 4 13 18% 6682 617868 5935 9%
c i 42.84 224 116 0 59 25990 10 301964 26737 1.4 15 11 4 13 18% 6684 617868 5920 9%
c i 42.84 224 116 0 59 25990 10 301974 26737 1.4 15 11 4 13 18% 6687 617868 5874 9%
c i 42.84 224 116 0 59 25990 10 301980 26737 1.4 15 11 4 13 18% 6690 617868 5851 9%
c } 42.84 224 116 0 59 25990 10 301982 26737 1.4 15 11 4 13 18% 6690 617868 5797 9%
c 0 42.84 224 116 0 59 25990 10 301982 26737 1.4 15 11 4 13 18% 6690 617868 5797 9%
c
c ---- [ result ] ------------------------------------------------------------
c
s UNSATISFIABLE
c
c ---- [ profiling ] ---------------------------------------------------------
c
c          21.67   50.57 %  probe
c          19.79   46.18 %  simplify
c          19.18   44.78 %  search
c          19.18   44.78 %  focused
c          11.07   25.84 %  congruence
c           5.52   12.89 %  sweep
c           3.72    8.69 %  preprocess
c           3.49    8.14 %  vivify
c           1.81    4.23 %  eliminate
c           1.27    2.96 %  subsume
c           0.93    2.18 %  substitute
c           0.56    1.31 %  factor
c           0.39    0.91 %  reduce
c           0.13    0.30 %  parse
c           0.06    0.14 %  transitive
c           0.03    0.07 %  backbone
c           0.03    0.06 %  lucky
c =============================================
c          42.84  100.00 %  total
c
c ---- [ statistics ] --------------------------------------------------------
c
c chronological:                         1542                1 %  conflicts
c conflicts:                           301982             7048.06 per second
c congruent:                             4391                6 %  variables
c decisions:                          3200960               10.60 per conflict
c eliminated:                           32596               48 %  variables
c factored:                               616                1 %  variables
c iterations:                              31                0 %  variables
c propagations:                     110246033          2573070    per second
c reductions:                              59             5118    interval
c reordered:                                8            37748    interval
c restarts:                             25990               12    interval
c strengthened:                         11968                0 %  checks
c substituted:                           5907                9 %  variables
c subsumed:                             22082                0 %  checks
c switched:                                 0                0    interval
c vivified:                             23171               35 %  checks
c
c ---- [ glue usage ] --------------------------------------------------------
c
c focused glue 4    used 68197 clauses 17.06% accumulated 52.06% tier1
c focused glue 5    used 38854 clauses  9.72% accumulated 61.78%
c focused glue 6-11 used 99631 clauses 24.92% accumulated 86.71%
c focused glue 12   used  7646 clauses  1.91% accumulated 88.62%
c focused glue 13   used  6385 clauses  1.60% accumulated 90.22% tier2
c
c ---- [ resources ] ---------------------------------------------------------
c
c maximum-resident-set-size:     627484655616 bytes     598416 MB
c process-time:                            43s              42.84 seconds
c
c ---- [ shutting down ] -----------------------------------------------------
c
c exit 20
real 44.56
user 49.91
sys 1.04

solver_exit_code=20
