c ---- [ banner ] ------------------------------------------------------------
c
c Kissat SAT Solver
c 
c Copyright (c) 2021-2024 Armin Biere University of Freiburg
c Copyright (c) 2019-2021 Armin Biere Johannes Kepler University Linz
c 
c Version 4.0.4 8af8e56f174b778aef3aa45af9f739b2a5f492c2
c Apple clang version 21.0.0 (clang-2100.1.1.101) -W -Wall -O3 -DNDEBUG
c Sat Sep 5 13:52:00 PDT 2026 Darwin 842f5797331b 25.6.0 arm64
c
c ---- [ proving ] -----------------------------------------------------------
c
c opened and writing proof to compressed DRAT file:
c
c   .selection/project-8-ramsey-5-5/results/orbit-p3-c6/p3-c6-k1.drat.xz
c
c ---- [ parsing ] -----------------------------------------------------------
c
c opened and reading DIMACS file:
c
c   .selection/project-8-ramsey-5-5/results/orbit-p3-c6/p3-c6-k1.cnf
c
c parsed 'p cnf 67709 910918' header
c closing input after reading 33375329 bytes (32 MB)
c finished parsing after 0.13 seconds
c
c ---- [ options ] -----------------------------------------------------------
c
c --stable=0                       (different from default '1')
c
c ---- [ solving ] -----------------------------------------------------------
c
c seconds  switched rate     size/glue tier1   binary           remaining
c         MB reductions conflicts size  tier2      irredundant
c          level restarts redundant glue  trail            variables
c
c *  0.13 103 0 0 0  0 0   0   0 0.0 0 0 0 0 0% 102300 757865 44863 66%
c (  0.14 132 0 0 0  0 0   0   0 0.0 0 0 0 0 0% 102300 757865 44863 66%
c .  0.17 148 0 0 0  0 0   0   0 0.0 0 0 0 0 0% 89305 714184 44863 66%
c c  3.79 126 0 0 0  0 0   0   0 0.0 0 0 0 0 0% 89794 622871 42403 63%
c d  3.80 133 0 0 0  0 0   0   0 0.0 0 0 0 0 0% 84579 622871 42403 63%
c f  3.88 176 0 0 0  0 0   0   0 0.0 0 0 0 0 0% 84265 622871 42523 63%
c )  3.88 176 0 0 0  0 0   0   0 0.0 0 0 0 0 0% 84265 622871 42523 63%
c {  3.89 177 0 0 0  0 0   0   0 0.0 0 0 2 6 0% 84265 622871 42523 63%
c -  4.02 208 144 0 1 160 22 1000 647 1.3 18 14 6 20 25% 84287 622864 42523 63%
c -  4.08 213 128 0 2 160 13 2000 1255 1.4 15 11 5 12 21% 84290 622864 42523 63%
c i  4.21 222 136 0 2 248 12 2812 2026 1.4 15 11 5 12 23% 84299 622864 42519 63%
c c  8.26 191 136 0 2 252 13 2825 2036 1.4 15 11 5 12 23% 85594 622003 41660 62%
c d  8.27 192 136 0 2 252 13 2825 2036 1.4 15 11 5 12 23% 83546 621997 41646 62%
c b  8.28 192 136 0 2 252 13 2825 2036 1.4 15 11 5 12 23% 83546 621997 41633 61%
c u  8.29 194 136 0 2 252 13 2825 2015 1.4 15 11 5 12 23% 82543 621997 41633 61%
c v  8.31 195 136 0 2 252 13 2825 1999 1.4 15 11 5 12 23% 82543 621997 41633 61%
c w  8.33 195 136 0 2 252 13 2825 1999 1.4 15 11 5 12 23% 82543 621997 41633 61%
c x  8.34 196 136 0 2 252 13 2825 1999 1.4 15 11 5 12 23% 82712 621737 41473 61%
c d  8.36 196 136 0 2 252 13 2825 1998 1.4 15 11 5 12 23% 82395 621656 41305 61%
c t  8.36 196 136 0 2 252 13 2825 1998 1.4 15 11 5 12 23% 82376 621656 41305 61%
c
c seconds    switched   rate       size/glue  tier1     binary           remaining
c         MB  reductions conflicts       size   tier2       irredundant
c           level restarts    redundant     glue    trail           variables
c
c b  8.37 196 136 0 2 252 13 2825 1998 1.4 15 11 5 12 23% 82376 621656 41303 61%
c f  8.38 196 136 0 2 252 13 2825 1998 1.4 15 11 5 12 23% 82256 621656 41320 61%
c c 11.55 96 136 0 2 252 13 2825 1998 1.4 15 11 5 12 23% 82546 621221 40879 60%
c d 11.56 96 136 0 2 252 13 2825 1998 1.4 15 11 5 12 23% 81628 621217 40879 60%
c b 11.57 96 136 0 2 252 13 2825 1998 1.4 15 11 5 12 23% 81628 621217 40874 60%
c u 11.59 98 136 0 2 252 13 2825 1992 1.4 15 11 5 12 23% 81010 621217 40874 60%
c v 11.61 99 136 0 2 252 13 2825 1985 1.4 15 11 5 12 23% 81010 621217 40874 60%
c w 11.62 99 136 0 2 252 13 2825 1984 1.4 15 11 5 12 23% 81010 621217 40874 60%
c x 11.64 99 136 0 2 252 13 2825 1979 1.4 15 11 5 12 23% 81138 621024 40762 60%
c d 11.73 149 136 0 2 252 13 2825 1979 1.4 15 11 5 12 23% 80909 620968 40636 60%
c t 11.74 149 136 0 2 252 13 2825 1979 1.4 15 11 5 12 23% 80908 620968 40636 60%
c b 11.74 149 136 0 2 252 13 2825 1979 1.4 15 11 5 12 23% 80908 620968 40624 60%
c f 11.75 149 136 0 2 252 13 2825 1979 1.4 15 11 5 12 23% 80814 620968 40633 60%
c i 11.75 149 136 0 2 252 13 2825 1979 1.4 15 11 5 12 23% 80814 620968 40633 60%
c - 11.77 151 117 0 3 252 11 3414 2075 1.4 14 10 5 11 21% 80534 620968 40633 60%
c - 11.95 179 108 0 4 558 13 5147 2930 1.4 14 10 5 12 21% 80543 620966 40633 60%
c i 12.06 184 104 0 4 820 15 5808 3562 1.4 15 11 5 12 21% 80546 620965 40631 60%
c i 12.07 184 104 0 4 823 15 5813 3566 1.4 15 11 5 12 21% 80546 620965 40628 60%
c - 12.27 190 99 0 5 1184 16 7147 3512 1.3 16 12 5 15 21% 80541 620963 40628 60%
c c 12.57 243 102 0 5 1463 17 8696 4994 1.3 16 12 5 15 22% 81188 620634 40298 60%
c
c seconds    switched    rate       size/glue  tier1     binary           remaining
c         MB  reductions  conflicts       size   tier2       irredundant
c           level  restarts    redundant     glue    trail           variables
c
c d 12.58 246 102 0 5 1463 17 8696 4994 1.3 16 12 5 15 22% 80430 620617 40284 59%
c d 12.59 246 102 0 5 1463 17 8696 4994 1.3 16 12 5 15 22% 80424 620617 40281 59%
c b 12.60 246 102 0 5 1463 17 8696 4994 1.3 16 12 5 15 22% 80424 620617 40273 59%
c u 12.63 246 102 0 5 1463 17 8696 4961 1.3 16 12 5 15 22% 79882 620617 40273 59%
c v 12.66 246 102 0 5 1463 17 8696 4923 1.3 16 12 5 15 22% 79882 620617 40273 59%
c w 12.68 246 102 0 5 1463 17 8696 4920 1.3 16 12 5 15 22% 79882 620617 40273 59%
c x 12.71 246 102 0 5 1463 17 8696 4918 1.3 16 12 5 15 22% 80095 620287 40072 59%
c d 12.72 246 102 0 5 1463 17 8696 4917 1.3 16 12 5 15 22% 79705 620177 39857 59%
c d 12.73 246 102 0 5 1463 17 8696 4917 1.3 16 12 5 15 22% 79685 620177 39847 59%
c t 12.74 246 102 0 5 1463 17 8696 4917 1.3 16 12 5 15 22% 79631 620177 39847 59%
c b 12.74 246 102 0 5 1463 17 8696 4917 1.3 16 12 5 15 22% 79631 620177 39833 59%
c f 12.75 246 102 0 5 1463 17 8696 4917 1.3 16 12 5 15 22% 79470 620177 39857 59%
c c 12.84 263 102 0 5 1463 17 8696 4917 1.3 16 12 5 15 22% 79663 619827 39505 58%
c d 12.85 266 102 0 5 1463 17 8696 4916 1.3 16 12 5 15 22% 78865 619814 39498 58%
c u 12.89 271 102 0 5 1463 17 8696 4852 1.3 16 12 5 15 22% 78311 619814 39494 58%
c v 12.92 272 102 0 5 1463 17 8696 4842 1.3 16 12 5 15 22% 78311 619814 39494 58%
c w 12.94 273 102 0 5 1463 17 8696 4838 1.3 16 12 5 15 22% 78311 619814 39494 58%
c x 12.97 273 102 0 5 1463 17 8696 4838 1.3 16 12 5 15 22% 78610 619344 39204 58%
c d 12.98 273 102 0 5 1463 17 8696 4834 1.3 16 12 5 15 22% 78036 619197 38894 57%
c d 12.99 273 102 0 5 1463 17 8696 4834 1.3 16 12 5 15 22% 78032 619197 38892 57%
c
c seconds    switched    rate       size/glue  tier1     binary           remaining
c         MB  reductions  conflicts       size   tier2       irredundant
c           level  restarts    redundant     glue    trail           variables
c
c t 13.00 273 102 0 5 1463 17 8696 4834 1.3 16 12 5 15 22% 78027 619197 38892 57%
c b 13.00 273 102 0 5 1463 17 8696 4834 1.3 16 12 5 15 22% 78027 619197 38875 57%
c f 13.01 273 102 0 5 1463 17 8696 4834 1.3 16 12 5 15 22% 77804 619197 38899 57%
c i 13.01 273 102 0 5 1463 17 8696 4834 1.3 16 12 5 15 22% 77804 619197 38899 57%
c - 13.14 279 108 0 6 1549 17 9383 3933 1.3 17 12 5 17 22% 77178 619180 38899 57%
c o 13.24 281 107 0 6 1689 17 10034 4544 1.3 17 13 5 17 22% 77182 619179 38899 57%
c - 13.48 286 107 0 7 2073 17 11832 4613 1.3 17 13 6 18 23% 77189 619178 38899 57%
c i 13.63 288 108 0 7 2311 17 13070 5821 1.3 18 13 6 18 23% 77199 619177 38897 57%
c 2 13.74 191 117 0 7 2329 17 14124 6817 1.3 17 13 6 18 24% 77213 619177 38896 57%
c s 13.81 193 117 0 7 2329 17 14124 6817 1.3 17 13 6 18 24% 77345 619039 38896 57%
c e 13.90 206 117 0 7 2329 17 14124 6817 1.3 17 13 6 18 24% 14281 626189 13235 20%
c 2 13.90 206 117 0 7 2329 17 14124 6817 1.3 17 13 6 18 24% 14225 626189 13235 20%
c s 13.97 208 117 0 7 2329 17 14124 6817 1.3 17 13 6 18 24% 14686 624154 13235 20%
c e 14.00 208 117 0 7 2329 17 14124 6817 1.3 17 13 6 18 24% 14159 624458 12964 19%
c ^ 14.00 208 117 0 7 2329 17 14124 6817 1.3 17 13 6 18 24% 14159 624458 12964 19%
c - 14.08 210 116 0 8 2419 17 14477 3703 1.3 18 13 6 18 23% 14161 624458 12964 19%
c - 14.38 248 119 0 9 2990 17 17305 4441 1.3 18 14 6 20 24% 14186 624452 12964 19%
c c 14.48 244 123 0 9 3043 17 17809 4914 1.3 18 14 6 20 25% 14335 624330 12928 19%
c d 14.49 247 123 0 9 3043 17 17809 4913 1.3 18 14 6 20 25% 14241 624291 12913 19%
c d 14.49 247 123 0 9 3043 17 17809 4913 1.3 18 14 6 20 25% 14231 624274 12908 19%
c
c seconds    switched    rate        size/glue  tier1     binary           remaining
c         MB  reductions   conflicts       size   tier2       irredundant
c           level  restarts     redundant     glue    trail           variables
c
c b 14.50 247 123 0 9 3043 17 17809 4913 1.3 18 14 6 20 25% 14231 624274 12898 19%
c u 14.53 248 123 0 9 3043 17 17809 4807 1.3 18 14 6 20 25% 14161 624274 12898 19%
c v 14.57 248 123 0 9 3043 17 17809 4791 1.3 18 14 6 20 25% 14161 624274 12898 19%
c w 14.59 248 123 0 9 3043 17 17809 4791 1.3 18 14 6 20 25% 14161 624274 12898 19%
c x 14.62 248 123 0 9 3043 17 17809 4791 1.3 18 14 6 20 25% 14173 624207 12876 19%
c = 14.84 212 123 0 9 3043 17 17809 4791 1.3 18 14 6 20 25% 14211 624127 12858 19%
c d 14.85 212 123 0 9 3043 17 17809 4787 1.3 18 14 6 20 25% 14218 624064 12858 19%
c t 14.87 212 123 0 9 3043 17 17809 4787 1.3 18 14 6 20 25% 13931 624064 12852 19%
c f 14.89 212 123 0 9 3043 17 17809 4787 1.3 18 14 6 20 25% 13998 623718 12946 19%
c c 14.94 252 123 0 9 3043 17 17809 4782 1.3 18 14 6 20 25% 13976 623702 12945 19%
c d 14.95 252 123 0 9 3043 17 17809 4782 1.3 18 14 6 20 25% 13990 623686 12945 19%
c u 15.01 258 123 0 9 3043 17 17809 4741 1.3 18 14 6 20 25% 13990 623686 12945 19%
c v 15.06 260 123 0 9 3043 17 17809 4701 1.3 18 14 6 20 25% 13990 623686 12945 19%
c w 15.08 260 123 0 9 3043 17 17809 4700 1.3 18 14 6 20 25% 13990 623686 12945 19%
c t 15.10 260 123 0 9 3043 17 17809 4700 1.3 18 14 6 20 25% 13901 623686 12945 19%
c i 15.11 260 123 0 9 3043 17 17809 4700 1.3 18 14 6 20 25% 13901 623686 12945 19%
c o 15.29 266 133 0 9 3248 16 20091 6901 1.3 18 14 7 20 26% 13914 623683 12945 19%
c - 15.30 267 132 0 10 3248 16 20305 5188 1.3 18 14 6 19 26% 13914 623683 12945 19%
c - 15.54 272 139 0 11 3537 15 23467 6096 1.3 18 13 6 19 26% 13924 623683 12945 19%
c - 15.87 191 142 0 12 4121 15 26784 7360 1.3 18 14 7 20 27% 13949 623681 12945 19%
c
c seconds    switched     rate        size/glue  tier1     binary           remaining
c         MB   reductions   conflicts       size   tier2       irredundant
c           level   restarts     redundant     glue    trail           variables
c
c s 16.00 199 152 0 12 4122 15 28082 8537 1.3 18 13 7 20 28% 13990 622681 12945 19%
c e 16.05 211 152 0 12 4122 15 28082 8537 1.3 18 13 7 20 28% 11122 627933 10242 15%
c 2 16.05 211 152 0 12 4122 15 28082 8537 1.3 18 13 7 20 28% 11105 627933 10242 15%
c s 16.10 214 152 0 12 4122 15 28082 8537 1.3 18 13 7 20 28% 11275 627203 10242 15%
c e 16.12 214 152 0 12 4122 15 28082 8537 1.3 18 13 7 20 28% 11161 627336 10175 15%
c ^ 16.12 214 152 0 12 4122 15 28082 8537 1.3 18 13 7 20 28% 11161 627336 10175 15%
c d 16.34 215 150 0 12 4585 15 30231 9630 1.3 18 14 7 20 28% 11168 627333 10174 15%
c u 16.39 215 150 0 12 4585 15 30231 9615 1.3 18 14 7 20 28% 11153 627333 10174 15%
c v 16.43 215 150 0 12 4585 15 30231 9599 1.3 18 14 7 20 28% 11153 627333 10174 15%
c w 16.44 216 150 0 12 4585 15 30231 9598 1.3 18 14 7 20 28% 11153 627333 10174 15%
c = 16.67 228 150 0 12 4585 15 30231 9598 1.3 18 14 7 20 28% 11219 627258 10142 15%
c d 16.68 228 150 0 12 4585 15 30231 9595 1.3 18 14 7 20 28% 11128 627258 10142 15%
c t 16.70 228 150 0 12 4585 15 30231 9595 1.3 18 14 7 20 28% 10976 627258 10142 15%
c f 16.73 148 150 0 12 4585 15 30231 9595 1.3 18 14 7 20 28% 11059 626922 10216 15%
c c 16.78 204 150 0 12 4585 15 30231 9595 1.3 18 14 7 20 28% 11171 626918 10215 15%
c d 16.79 204 150 0 12 4585 15 30231 9595 1.3 18 14 7 20 28% 11169 626918 10215 15%
c u 16.85 212 150 0 12 4585 15 30231 9553 1.3 18 14 7 20 28% 11167 626918 10215 15%
c v 16.90 213 150 0 12 4585 15 30231 9505 1.3 18 14 7 20 28% 11167 626918 10215 15%
c w 16.92 213 150 0 12 4585 15 30231 9503 1.3 18 14 7 20 28% 11167 626918 10215 15%
c = 17.12 216 150 0 12 4585 15 30231 9503 1.3 18 14 7 20 28% 11379 626666 10116 15%
c
c seconds    switched     rate        size/glue  tier1     binary           remaining
c         MB   reductions   conflicts       size   tier2       irredundant
c           level   restarts     redundant     glue    trail           variables
c
c d 17.13 216 150 0 12 4585 15 30231 9495 1.3 18 14 7 20 28% 11105 626666 10116 15%
c t 17.15 216 150 0 12 4585 15 30231 9495 1.3 18 14 7 20 28% 11022 626666 10116 15%
c - 17.20 217 150 0 13 4585 15 30249 7520 1.3 18 14 7 20 28% 11022 626666 10116 15%
c - 17.51 251 157 0 14 4989 15 33857 8650 1.4 18 14 7 20 28% 11037 626666 10116 15%
c - 17.83 266 167 0 15 5389 14 37598 9905 1.4 19 14 7 19 29% 11052 626665 10116 15%
c o 18.10 304 167 0 15 5787 14 40264 12446 1.4 19 14 7 19 29% 11067 626664 10116 15%
c - 18.24 338 165 0 16 6018 15 41470 10892 1.4 19 14 7 20 29% 11071 626663 10116 15%
c - 18.58 381 171 0 17 6431 14 45470 11919 1.4 19 14 7 19 29% 11087 626661 10116 15%
c d 18.60 381 173 0 17 6431 14 46226 12645 1.4 19 14 7 19 29% 11066 626647 10104 15%
c d 18.61 381 173 0 17 6431 14 46226 12645 1.4 19 14 7 19 29% 11064 626643 10103 15%
c b 18.61 381 173 0 17 6431 14 46226 12645 1.4 19 14 7 19 29% 11064 626643 10099 15%
c u 18.67 383 173 0 17 6431 14 46226 12607 1.4 19 14 7 19 29% 11066 626643 10099 15%
c v 18.73 384 173 0 17 6431 14 46226 12577 1.4 19 14 7 19 29% 11066 626643 10099 15%
c w 18.74 384 173 0 17 6431 14 46226 12575 1.4 19 14 7 19 29% 11066 626643 10099 15%
c = 18.98 309 173 0 17 6431 14 46226 12575 1.4 19 14 7 19 29% 11293 626336 9991 15%
c d 18.99 309 173 0 17 6431 14 46226 12566 1.4 19 14 7 19 29% 11016 626321 9991 15%
c t 19.00 309 173 0 17 6431 14 46226 12566 1.4 19 14 7 19 29% 10943 626321 9991 15%
c u 19.08 310 173 0 17 6431 14 46226 12445 1.4 19 14 7 19 29% 10947 626321 9991 15%
c v 19.13 311 173 0 17 6431 14 46226 12422 1.4 19 14 7 19 29% 10947 626321 9991 15%
c w 19.14 311 173 0 17 6431 14 46226 12421 1.4 19 14 7 19 29% 10947 626321 9991 15%
c
c seconds    switched     rate         size/glue  tier1     binary          remaining
c         MB   reductions   conflicts        size   tier2       irredundant
c           level   restarts      redundant     glue    trail          variables
c
c = 19.44 358 173 0 17 6431 14 46226 12421 1.4 19 14 7 19 29% 11203 626030 9871 15%
c d 19.45 358 173 0 17 6431 14 46226 12409 1.4 19 14 7 19 29% 10878 626030 9871 15%
c t 19.46 358 173 0 17 6431 14 46226 12409 1.4 19 14 7 19 29% 10818 626030 9871 15%
c - 19.84 277 171 0 18 7055 14 49593 12573 1.4 19 14 7 19 29% 10813 626028 9871 15%
c - 20.25 319 174 0 19 7668 14 53835 13555 1.4 19 14 7 19 30% 10824 626026 9871 15%
c - 20.45 354 166 0 20 7941 13 58195 15527 1.4 19 14 8 19 29% 10827 626026 9871 15%
c s 20.54 356 166 0 20 7941 13 58344 15656 1.4 19 14 8 19 29% 10901 622944 9871 15%
c e 20.58 372 166 0 20 7941 13 58344 15656 1.4 19 14 8 19 29% 9596 626289 8664 13%
c 2 20.58 372 166 0 20 7941 13 58344 15656 1.4 19 14 8 19 29% 9573 626289 8664 13%
c s 20.67 372 166 0 20 7941 13 58344 15656 1.4 19 14 8 19 29% 9670 624304 8664 13%
c e 20.70 372 166 0 20 7941 13 58344 15656 1.4 19 14 8 19 29% 9635 624374 8643 13%
c ^ 20.70 372 166 0 20 7941 13 58344 15656 1.4 19 14 8 19 29% 9635 624374 8643 13%
c - 21.07 258 171 0 21 8438 13 62668 14521 1.4 19 14 7 19 30% 9662 624369 8643 13%
c c 21.41 327 170 0 21 9039 13 65902 17633 1.4 19 14 7 19 30% 9697 624357 8640 13%
c d 21.42 330 170 0 21 9039 13 65902 17633 1.4 19 14 7 19 30% 9687 624352 8638 13%
c u 21.50 336 170 0 21 9039 13 65902 17397 1.4 19 14 7 19 30% 9681 624352 8638 13%
c v 21.56 339 170 0 21 9039 13 65902 17323 1.4 19 14 7 19 30% 9681 624352 8638 13%
c w 21.59 339 170 0 21 9039 13 65902 17321 1.4 19 14 7 19 30% 9681 624352 8638 13%
c = 21.68 351 170 0 21 9039 13 65902 17321 1.4 19 14 7 19 30% 9738 624285 8611 13%
c d 21.69 351 170 0 21 9039 13 65902 17317 1.4 19 14 7 19 30% 9663 624285 8611 13%
c
c seconds    switched     rate         size/glue  tier1     binary         remaining
c         MB   reductions   conflicts        size   tier2      irredundant
c           level   restarts      redundant     glue    trail         variables
c
c t 21.71 351 170 0 21 9039 13 65902 17317 1.4 19 14 7 19 30% 9508 624285 8611 13%
c f 21.74 351 170 0 21 9039 13 65902 17317 1.4 19 14 7 19 30% 9723 623118 8754 13%
c u 21.82 367 170 0 21 9039 13 65902 17205 1.4 19 14 7 19 30% 9723 623118 8754 13%
c v 21.88 367 170 0 21 9039 13 65902 17080 1.4 19 14 7 19 30% 9723 623118 8754 13%
c w 21.91 367 170 0 21 9039 13 65902 17076 1.4 19 14 7 19 30% 9723 623118 8754 13%
c = 22.24 237 170 0 21 9039 13 65902 17076 1.4 19 14 7 19 30% 9744 623090 8744 13%
c d 22.25 237 170 0 21 9039 13 65902 17075 1.4 19 14 7 19 30% 9716 623090 8744 13%
c t 22.26 237 170 0 21 9039 13 65902 17075 1.4 19 14 7 19 30% 9712 623090 8744 13%
c f 22.27 237 170 0 21 9039 13 65902 17075 1.4 19 14 7 19 30% 9714 623083 8745 13%
c - 22.41 253 170 0 22 9227 13 67251 16294 1.4 19 14 8 19 30% 9717 623083 8745 13%
c o 22.68 252 172 0 22 9629 13 70885 19747 1.4 19 14 8 19 29% 9724 623083 8745 13%
c - 22.71 252 175 0 23 9629 13 71941 16997 1.4 19 14 7 19 30% 9732 623081 8745 13%
c i 22.72 252 176 0 23 9629 13 72362 17387 1.4 19 14 7 19 30% 9732 623081 8744 13%
c - 23.09 255 179 0 24 10233 13 76737 17936 1.4 19 14 7 19 30% 9742 623080 8744 13%
c - 23.45 178 178 0 25 10661 13 81638 19008 1.4 19 14 7 19 30% 9758 623075 8744 13%
c - 23.90 207 173 0 26 11426 13 86638 19967 1.4 19 14 7 19 29% 9772 623073 8744 13%
c d 24.18 216 171 0 26 11883 13 89385 22608 1.4 19 14 7 19 29% 9758 623033 8729 13%
c b 24.19 150 171 0 26 11883 13 89385 22608 1.4 19 14 7 19 29% 9758 623033 8728 13%
c u 24.27 151 171 0 26 11883 13 89385 22480 1.4 19 14 7 19 29% 9758 623033 8728 13%
c v 24.35 152 171 0 26 11883 13 89385 22398 1.4 19 14 7 19 29% 9758 623033 8728 13%
c
c seconds    switched      rate         size/glue  tier1     binary         remaining
c         MB   reductions    conflicts        size   tier2      irredundant
c           level   restarts       redundant     glue    trail         variables
c
c w 24.38 152 171 0 26 11883 13 89385 22394 1.4 19 14 7 19 29% 9758 623033 8728 13%
c = 24.74 162 171 0 26 11883 13 89385 22394 1.4 19 14 7 19 29% 9799 622970 8708 13%
c d 24.75 162 171 0 26 11883 13 89385 22388 1.4 19 14 7 19 29% 9750 622968 8708 13%
c t 24.77 162 171 0 26 11883 13 89385 22388 1.4 19 14 7 19 29% 9721 622968 8708 13%
c u 24.85 162 171 0 26 11883 13 89385 22318 1.4 19 14 7 19 29% 9721 622968 8708 13%
c v 24.90 162 171 0 26 11883 13 89385 22257 1.4 19 14 7 19 29% 9721 622968 8708 13%
c w 24.93 162 171 0 26 11883 13 89385 22254 1.4 19 14 7 19 29% 9721 622968 8708 13%
c = 25.31 133 171 0 26 11883 13 89385 22254 1.4 19 14 7 19 29% 9723 622966 8707 13%
c d 25.32 133 171 0 26 11883 13 89385 22254 1.4 19 14 7 19 29% 9720 622966 8707 13%
c - 25.58 168 168 0 27 12322 13 91738 21864 1.4 20 14 8 19 29% 9721 622965 8707 13%
c - 26.02 199 165 0 28 13138 13 96935 23304 1.4 20 14 8 20 29% 9726 622965 8707 13%
c - 26.47 229 164 0 29 13859 13 102226 24577 1.4 20 15 8 20 29% 9733 622964 8707 13%
c s 26.95 252 165 0 29 14332 13 107049 28982 1.4 20 15 8 20 29% 9792 622390 8707 13%
c e 27.00 266 165 0 29 14332 13 107049 28982 1.4 20 15 8 20 29% 8689 627096 7697 11%
c 2 27.00 266 165 0 29 14332 13 107049 28982 1.4 20 15 8 20 29% 8676 627096 7697 11%
c s 27.12 269 165 0 29 14332 13 107049 28982 1.4 20 15 8 20 29% 8745 625985 7697 11%
c e 27.15 269 165 0 29 14332 13 107049 28982 1.4 20 15 8 20 29% 8704 626141 7663 11%
c ^ 27.15 269 165 0 29 14332 13 107049 28982 1.4 20 15 8 20 29% 8704 626141 7663 11%
c - 27.24 269 164 0 30 14432 13 107612 23642 1.4 20 15 8 20 29% 8704 626141 7663 11%
c o 27.44 186 165 0 30 14655 13 110886 26657 1.4 20 15 8 20 29% 8710 626138 7663 11%
c
c seconds    switched      rate          size/glue  tier1     binary         remaining
c         MB   reductions    conflicts         size   tier2      irredundant
c           level   restarts        redundant     glue    trail         variables
c
c - 27.65 200 164 0 31 14934 13 113089 25295 1.4 20 15 8 20 29% 8714 626136 7663 11%
c c 28.00 256 166 0 31 15280 13 116828 28817 1.4 20 15 8 20 29% 8762 626115 7659 11%
c d 28.01 256 166 0 31 15280 13 116828 28815 1.4 20 15 8 20 29% 8743 626101 7652 11%
c u 28.12 264 166 0 31 15280 13 116828 28665 1.4 20 15 8 20 29% 8741 626101 7652 11%
c v 28.21 267 166 0 31 15280 13 116828 28582 1.4 20 15 8 20 29% 8741 626101 7652 11%
c w 28.24 267 166 0 31 15280 13 116828 28581 1.4 20 15 8 20 29% 8741 626101 7652 11%
c = 28.68 195 166 0 31 15280 13 116828 28581 1.4 20 15 8 20 29% 8811 626008 7618 11%
c d 28.69 195 166 0 31 15280 13 116828 28573 1.4 20 15 8 20 29% 8717 626008 7618 11%
c t 28.70 195 166 0 31 15280 13 116828 28573 1.4 20 15 8 20 29% 8567 626008 7618 11%
c f 28.73 195 166 0 31 15280 13 116828 28573 1.4 20 15 8 20 29% 8586 625835 7633 11%
c u 28.85 210 166 0 31 15280 13 116828 28438 1.4 20 15 8 20 29% 8586 625835 7633 11%
c v 28.94 212 166 0 31 15280 13 116828 28367 1.4 20 15 8 20 29% 8586 625835 7633 11%
c w 28.97 212 166 0 31 15280 13 116828 28367 1.4 20 15 8 20 29% 8586 625835 7633 11%
c = 29.41 213 166 0 31 15280 13 116828 28367 1.4 20 15 8 20 29% 8644 625766 7605 11%
c d 29.42 213 166 0 31 15280 13 116828 28358 1.4 20 15 8 20 29% 8568 625766 7605 11%
c t 29.43 213 166 0 31 15280 13 116828 28358 1.4 20 15 8 20 29% 8552 625766 7605 11%
c - 29.61 129 164 0 32 15517 13 118656 26470 1.4 20 15 8 20 29% 8563 625764 7605 11%
c - 30.09 121 167 0 33 16087 13 124313 27820 1.4 20 15 8 20 29% 8571 625762 7605 11%
c - 30.56 134 165 0 34 16853 13 130057 28979 1.4 20 15 8 20 29% 8584 625762 7605 11%
c - 31.01 115 165 0 35 17497 12 135887 30031 1.4 20 15 8 20 29% 8592 625759 7605 11%
c
c seconds    switched      rate          size/glue  tier1     binary         remaining
c         MB   reductions    conflicts         size   tier2      irredundant
c           level   restarts        redundant     glue    trail         variables
c
c - 31.23 110 170 0 36 17799 12 141803 32139 1.4 20 15 8 20 29% 8597 625757 7605 11%
c - 31.47 111 174 0 37 18044 12 147803 31314 1.4 20 14 7 19 29% 8602 625757 7605 11%
c d 31.54 115 174 0 37 18133 12 148324 31798 1.4 20 14 7 19 29% 8593 625742 7600 11%
c u 31.63 117 174 0 37 18133 12 148324 31632 1.4 20 14 7 19 29% 8595 625742 7600 11%
c v 31.71 119 174 0 37 18133 12 148324 31511 1.4 20 14 7 19 29% 8595 625742 7600 11%
c w 31.74 119 174 0 37 18133 12 148324 31510 1.4 20 14 7 19 29% 8595 625742 7600 11%
c = 32.13 130 174 0 37 18133 12 148324 31510 1.4 20 14 7 19 29% 8624 625705 7587 11%
c d 32.14 130 174 0 37 18133 12 148324 31507 1.4 20 14 7 19 29% 8586 625705 7587 11%
c t 32.15 130 174 0 37 18133 12 148324 31507 1.4 20 14 7 19 29% 8562 625705 7587 11%
c u 32.26 130 174 0 37 18133 12 148324 31260 1.4 20 14 7 19 29% 8562 625705 7587 11%
c v 32.33 130 174 0 37 18133 12 148324 31153 1.4 20 14 7 19 29% 8562 625705 7587 11%
c w 32.36 130 174 0 37 18133 12 148324 31146 1.4 20 14 7 19 29% 8562 625705 7587 11%
c = 32.74 130 174 0 37 18133 12 148324 31146 1.4 20 14 7 19 29% 8594 625657 7572 11%
c d 32.75 130 174 0 37 18133 12 148324 31144 1.4 20 14 7 19 29% 8554 625657 7572 11%
c t 32.77 130 174 0 37 18133 12 148324 31144 1.4 20 14 7 19 29% 8544 625657 7572 11%
c - 33.25 119 171 0 38 18958 12 153887 31243 1.4 20 15 7 19 29% 8559 625657 7572 11%
c - 33.79 119 166 0 39 19865 12 160051 31739 1.4 20 15 7 20 28% 8564 625657 7572 11%
c o 33.88 110 165 0 39 19999 12 160890 32556 1.4 20 15 7 20 28% 8564 625657 7572 11%
c - 34.37 115 164 0 40 20666 12 166295 32446 1.4 20 15 7 20 28% 8570 625656 7572 11%
c - 34.87 114 162 0 41 21415 12 172620 33291 1.4 20 15 7 20 28% 8579 625656 7572 11%
c
c seconds    switched      rate          size/glue  tier1     binary         remaining
c         MB   reductions    conflicts         size   tier2      irredundant
c           level   restarts        redundant     glue    trail         variables
c
c s 35.19 112 160 0 41 21578 12 176268 36105 1.4 20 15 7 20 28% 8633 624863 7572 11%
c e 35.24 133 160 0 41 21578 12 176268 36105 1.4 20 15 7 20 28% 7735 630130 6890 10%
c 2 35.24 133 160 0 41 21578 12 176268 36105 1.4 20 15 7 20 28% 7716 630130 6890 10%
c s 35.40 136 160 0 41 21578 12 176268 36105 1.4 20 15 7 20 28% 7801 628520 6890 10%
c e 35.42 136 160 0 41 21578 12 176268 36105 1.4 20 15 7 20 28% 7742 628875 6848 10%
c ^ 35.42 136 160 0 41 21578 12 176268 36105 1.4 20 15 7 20 28% 7742 628875 6848 10%
c - 35.68 124 159 0 42 21879 12 179024 31450 1.4 20 15 8 20 28% 7747 628874 6848 10%
c d 36.11 122 158 0 42 22509 12 183978 36216 1.4 20 15 8 20 28% 7750 628872 6847 10%
c u 36.21 125 158 0 42 22509 12 183978 36099 1.4 20 15 8 20 28% 7747 628872 6847 10%
c v 36.29 126 158 0 42 22509 12 183978 36025 1.4 20 15 8 20 28% 7747 628872 6847 10%
c w 36.32 126 158 0 42 22509 12 183978 36018 1.4 20 15 8 20 28% 7747 628872 6847 10%
c = 36.89 136 158 0 42 22509 12 183978 36018 1.4 20 15 8 20 28% 7800 628778 6821 10%
c d 36.90 136 158 0 42 22509 12 183978 36007 1.4 20 15 8 20 28% 7730 628778 6821 10%
c t 36.91 136 158 0 42 22509 12 183978 36007 1.4 20 15 8 20 28% 7615 628778 6821 10%
c f 36.95 136 158 0 42 22509 12 183978 36007 1.4 20 15 8 20 28% 7623 628665 6827 10%
c u 37.11 188 158 0 42 22509 12 183978 35738 1.4 20 15 8 20 28% 7670 628665 6827 10%
c v 37.23 190 158 0 42 22509 12 183978 35631 1.4 20 15 8 20 28% 7670 628665 6827 10%
c w 37.28 190 158 0 42 22509 12 183978 35629 1.4 20 15 8 20 28% 7670 628665 6827 10%
c = 37.81 202 158 0 42 22509 12 183978 35629 1.4 20 15 8 20 28% 7730 628575 6799 10%
c d 37.82 202 158 0 42 22509 12 183978 35619 1.4 20 15 8 20 28% 7657 628575 6799 10%
c
c seconds    switched      rate          size/glue  tier1     binary         remaining
c         MB   reductions    conflicts         size   tier2      irredundant
c           level   restarts        redundant     glue    trail         variables
c
c t 37.83 202 158 0 42 22509 12 183978 35619 1.4 20 15 8 20 28% 7605 628575 6799 10%
c - 37.97 209 156 0 43 22729 12 185504 32363 1.4 20 15 8 20 28% 7609 628574 6799 10%
c - 38.27 226 163 0 44 22830 11 192061 34205 1.4 20 15 7 20 28% 7621 628572 6799 10%
c - 38.69 201 158 0 45 23347 11 198694 36030 1.4 20 14 7 19 27% 7623 628572 6799 10%
c - 39.02 225 156 0 46 23734 11 205402 38148 1.4 19 14 7 19 27% 7628 628572 6799 10%
c - 39.35 243 150 0 47 24089 11 212184 40571 1.4 19 14 7 19 26% 7634 628572 6799 10%
c i 39.43 244 142 0 47 24089 10 217735 45693 1.4 18 14 7 19 25% 7639 628572 6789 10%
c - 39.54 212 142 0 48 24178 10 219040 33174 1.4 18 14 7 18 25% 7605 628571 6789 10%
c o 39.70 219 143 0 48 24461 10 220890 34972 1.4 18 14 7 18 25% 7608 628571 6789 10%
c d 39.94 234 141 0 48 24817 11 223913 37849 1.4 19 14 7 18 25% 7633 625583 6787 10%
c b 39.95 234 141 0 48 24817 11 223913 37849 1.4 19 14 7 18 25% 7633 625583 6777 10%
c u 40.05 235 141 0 48 24817 11 223913 37647 1.4 19 14 7 18 25% 7630 625583 6777 10%
c v 40.14 243 141 0 48 24817 11 223913 37533 1.4 19 14 7 18 25% 7630 625583 6777 10%
c w 40.17 243 141 0 48 24817 11 223913 37512 1.4 19 14 7 18 25% 7630 625583 6777 10%
c = 40.58 191 141 0 48 24817 11 223913 37512 1.4 19 14 7 18 25% 7687 625404 6750 10%
c d 40.59 191 141 0 48 24817 11 223913 37505 1.4 19 14 7 18 25% 7634 625384 6749 10%
c t 40.60 191 141 0 48 24817 11 223913 37505 1.4 19 14 7 18 25% 7608 625384 6749 10%
c u 40.72 190 141 0 48 24817 11 223913 37123 1.4 19 14 7 18 25% 7618 625384 6749 10%
c v 40.80 191 141 0 48 24817 11 223913 37044 1.4 19 14 7 18 25% 7618 625384 6749 10%
c w 40.84 191 141 0 48 24817 11 223913 37043 1.4 19 14 7 18 25% 7618 625384 6749 10%
c
c seconds    switched      rate          size/glue  tier1     binary         remaining
c         MB   reductions    conflicts         size   tier2      irredundant
c           level   restarts        redundant     glue    trail         variables
c
c = 41.20 206 141 0 48 24817 11 223913 37043 1.4 19 14 7 18 25% 7624 625380 6746 10%
c d 41.21 206 141 0 48 24817 11 223913 37043 1.4 19 14 7 18 25% 7615 625380 6746 10%
c - 41.46 213 140 0 49 25211 11 225969 34278 1.4 19 14 7 18 25% 7601 625380 6746 10%
c - 41.95 175 141 0 50 25942 11 232970 36178 1.4 19 14 7 18 25% 7606 625380 6746 10%
c - 42.54 212 142 0 51 26766 11 240043 37736 1.4 19 14 7 18 25% 7617 625377 6746 10%
c - 42.91 199 135 0 52 27220 11 247186 35389 1.4 18 14 6 18 24% 7619 625377 6746 10%
c - 43.56 244 139 0 53 28100 11 254399 35553 1.4 18 14 6 18 25% 7631 625376 6746 10%
c - 44.24 199 136 0 54 29364 11 261681 35994 1.3 19 14 7 18 25% 7639 625376 6746 10%
c s 44.90 140 136 0 54 29947 11 267918 41866 1.3 19 14 6 18 25% 7697 607154 6746 10%
c e 44.95 152 136 0 54 29947 11 267918 41866 1.3 19 14 6 18 25% 6774 616850 6005 9%
c 2 44.95 152 136 0 54 29947 11 267918 41866 1.3 19 14 6 18 25% 6753 616850 6005 9%
c s 45.15 152 136 0 54 29947 11 267918 41866 1.3 19 14 6 18 25% 6843 612711 6005 9%
c e 45.19 152 136 0 54 29947 11 267918 41866 1.3 19 14 6 18 25% 6754 613613 5943 9%
c ! 45.19 152 136 0 54 29947 11 267918 41866 1.3 19 14 6 18 25% 6754 613613 5943 9%
c b 45.23 151 135 0 54 29970 11 268148 38851 1.3 19 14 6 18 24% 6754 613613 5942 9%
c u 45.34 151 135 0 54 29970 11 268148 38221 1.3 19 14 6 18 24% 6746 613613 5942 9%
c v 45.46 151 135 0 54 29970 11 268148 37906 1.3 19 14 6 18 24% 6746 613613 5942 9%
c w 45.51 151 135 0 54 29970 11 268148 37901 1.3 19 14 6 18 24% 6746 613613 5942 9%
c = 46.10 165 135 0 54 29970 11 268148 37901 1.3 19 14 6 18 24% 6748 613601 5941 9%
c d 46.11 165 135 0 54 29970 11 268148 37900 1.3 19 14 6 18 24% 6751 613595 5941 9%
c
c seconds    switched      rate          size/glue  tier1     binary        remaining
c         MB   reductions    conflicts         size   tier2      irredundant
c           level   restarts        redundant     glue    trail         variables
c
c t 46.13 165 135 0 54 29970 11 268148 37900 1.3 19 14 6 18 24% 6657 613595 5941 9%
c f 46.18 165 135 0 54 29970 11 268148 37900 1.3 19 14 6 18 24% 6806 611444 6040 9%
c u 46.31 191 135 0 54 29970 11 268148 37582 1.3 19 14 6 18 24% 6806 611444 6040 9%
c v 46.44 195 135 0 54 29970 11 268148 37347 1.3 19 14 6 18 24% 6806 611444 6040 9%
c w 46.48 196 135 0 54 29970 11 268148 37335 1.3 19 14 6 18 24% 6806 611444 6040 9%
c = 47.02 171 135 0 54 29970 11 268148 37335 1.3 19 14 6 18 24% 6812 611438 6037 9%
c d 47.03 171 135 0 54 29970 11 268148 37334 1.3 19 14 6 18 24% 6805 611438 6037 9%
c t 47.05 171 135 0 54 29970 11 268148 37334 1.3 19 14 6 18 24% 6802 611438 6037 9%
c - 47.18 176 135 0 55 30102 11 269030 32915 1.3 19 14 6 18 25% 6795 611438 6037 9%
c - 47.80 151 133 0 56 31092 12 276448 33834 1.3 19 14 6 18 24% 6802 611435 6037 9%
c - 48.38 217 136 0 57 31974 12 283931 35089 1.3 19 14 6 18 25% 6808 611435 6037 9%
c o 48.93 196 134 0 57 32897 12 290899 41787 1.3 19 14 6 18 25% 6813 611435 6037 9%
c - 48.95 198 134 0 58 32897 12 291481 36129 1.3 19 14 6 19 25% 6813 611435 6037 9%
c - 49.41 189 135 0 59 33571 12 299098 37796 1.3 19 14 6 18 25% 6823 611432 6037 9%
c - 49.60 198 135 0 60 33781 11 306779 40477 1.3 18 14 6 18 24% 6823 611432 6037 9%
c - 50.03 148 133 0 61 34301 11 314524 42786 1.3 18 13 6 18 24% 6828 611431 6037 9%
c d 50.14 152 131 0 61 34447 11 316689 44821 1.3 18 13 6 18 24% 6826 611427 6035 9%
c b 50.16 152 131 0 61 34447 11 316689 44821 1.3 18 13 6 18 24% 6826 611427 6029 9%
c u 50.23 153 131 0 61 34447 11 316689 44520 1.3 18 13 6 18 24% 6826 611427 6029 9%
c v 50.30 155 131 0 61 34447 11 316689 44229 1.3 18 13 6 18 24% 6826 611427 6029 9%
c
c seconds    switched      rate          size/glue  tier1     binary        remaining
c         MB   reductions    conflicts         size   tier2      irredundant
c           level   restarts        redundant     glue    trail         variables
c
c w 50.34 155 131 0 61 34447 11 316689 44224 1.3 18 13 6 18 24% 6826 611427 6029 9%
c t 50.92 165 131 0 61 34447 11 316689 44224 1.3 18 13 6 18 24% 6844 611319 6029 9%
c c 50.97 200 131 0 61 34447 11 316689 44224 1.3 18 13 6 18 24% 6858 611307 6028 9%
c d 50.98 200 131 0 61 34447 11 316689 44224 1.3 18 13 6 18 24% 6856 611307 6028 9%
c u 51.09 205 131 0 61 34447 11 316689 44017 1.3 18 13 6 18 24% 6856 611307 6028 9%
c v 51.14 208 131 0 61 34447 11 316689 43948 1.3 18 13 6 18 24% 6856 611307 6028 9%
c w 51.21 209 131 0 61 34447 11 316689 43900 1.3 18 13 6 18 24% 6856 611307 6028 9%
c t 51.23 177 131 0 61 34447 11 316689 43900 1.3 18 13 6 18 24% 6835 611307 6028 9%
c - 51.73 188 130 0 62 35301 11 322340 43424 1.3 18 14 6 18 24% 6840 611307 6028 9%
c - 52.03 188 124 0 63 35638 11 330214 45869 1.3 18 13 6 18 23% 6844 611305 6028 9%
c i 52.24 187 124 0 63 36060 11 333008 48507 1.3 18 13 6 18 23% 6854 611304 6011 9%
c - 52.66 113 123 0 64 36765 11 338155 36973 1.3 18 13 6 18 23% 6810 611303 6011 9%
c - 52.93 114 129 0 65 36962 11 346155 39721 1.3 17 13 6 18 23% 6817 611303 6011 9%
c i 53.09 111 128 0 65 37163 11 348423 41923 1.3 17 13 6 18 23% 6818 611302 6007 9%
c - 53.57 107 126 0 66 38007 11 354218 41459 1.3 18 13 6 18 23% 6812 611302 6007 9%
c - 53.84 110 133 0 67 38240 11 362342 44243 1.3 17 13 6 18 23% 6817 611300 6007 9%
c d 54.28 117 133 0 67 38965 11 369707 51044 1.3 17 13 6 18 23% 6866 609790 6006 9%
c d 54.29 117 133 0 67 38965 11 369707 51044 1.3 17 13 6 18 23% 6864 609787 6005 9%
c b 54.29 117 133 0 67 38965 11 369707 51044 1.3 17 13 6 18 23% 6864 609787 6003 9%
c u 54.40 121 133 0 67 38965 11 369707 50720 1.3 17 13 6 18 23% 6863 609787 6003 9%
c
c seconds    switched      rate          size/glue  tier1     binary        remaining
c         MB   reductions    conflicts         size   tier2      irredundant
c           level   restarts        redundant     glue    trail         variables
c
c v 54.51 122 133 0 67 38965 11 369707 50433 1.3 17 13 6 18 23% 6863 609787 6003 9%
c w 54.56 122 133 0 67 38965 11 369707 50416 1.3 17 13 6 18 23% 6863 609787 6003 9%
c = 55.07 132 133 0 67 38965 11 369707 50416 1.3 17 13 6 18 23% 6865 609737 6001 9%
c d 55.08 132 133 0 67 38965 11 369707 50416 1.3 17 13 6 18 23% 6865 609735 6001 9%
c t 55.09 132 133 0 67 38965 11 369707 50416 1.3 17 13 6 18 23% 6844 609735 6001 9%
c u 55.23 110 133 0 67 38965 11 369707 49839 1.3 17 13 6 18 23% 6845 609735 6001 9%
c v 55.34 114 133 0 67 38965 11 369707 49626 1.3 17 13 6 18 23% 6845 609735 6001 9%
c w 55.39 115 133 0 67 38965 11 369707 49605 1.3 17 13 6 18 23% 6845 609735 6001 9%
c - 55.98 116 133 0 68 39132 11 370527 45087 1.3 17 13 6 17 23% 6836 609735 6001 9%
c o 56.02 117 133 0 68 39216 11 370911 45464 1.3 17 13 6 17 23% 6836 609735 6001 9%
c - 56.61 123 131 0 69 40329 11 378773 46481 1.3 17 13 6 18 23% 6844 609733 6001 9%
c s 57.16 126 129 0 69 40712 11 383377 50705 1.3 17 13 6 18 23% 6867 594855 6001 9%
c e 57.19 137 129 0 69 40712 11 383377 50705 1.3 17 13 6 18 23% 6707 596093 5909 9%
c s 57.41 137 129 0 69 40712 11 383377 50705 1.3 17 13 6 18 23% 6738 569688 5909 9%
c e 57.43 137 129 0 69 40712 11 383377 50705 1.3 17 13 6 18 23% 6713 569874 5897 9%
c - 57.71 114 127 0 70 41111 11 387079 47403 1.3 17 13 6 17 23% 6714 569874 5897 9%
c - 57.97 116 121 0 71 41297 11 395445 50818 1.3 17 13 6 17 22% 6715 569874 5897 9%
c - 58.34 119 116 0 72 41648 11 403871 54364 1.3 17 12 6 17 21% 6717 569874 5897 9%
c i 58.60 121 110 0 72 41835 10 412169 61589 1.3 16 12 6 17 20% 6739 569873 5893 9%
c - 58.63 122 111 0 73 41835 10 412356 43315 1.3 16 12 5 17 20% 6707 569873 5893 9%
c
c seconds    switched      rate          size/glue  tier1     binary        remaining
c         MB   reductions    conflicts         size   tier2      irredundant
c           level   restarts        redundant     glue    trail         variables
c
c - 59.11 124 107 0 74 42690 10 420900 43849 1.3 16 12 5 17 20% 6712 569872 5893 9%
c b 59.36 126 108 0 74 42901 10 427271 49619 1.3 16 12 5 17 20% 6745 562338 5886 9%
c u 59.47 116 108 0 74 42901 10 427271 48912 1.3 16 12 5 17 20% 6750 562338 5886 9%
c v 59.58 119 108 0 74 42901 10 427271 48096 1.3 16 12 5 17 20% 6751 562338 5886 9%
c w 59.62 120 108 0 74 42901 10 427271 48083 1.3 16 12 5 17 20% 6751 562338 5886 9%
c d 59.63 120 108 0 74 42901 10 427271 48076 1.3 16 12 5 17 20% 6779 562166 5883 9%
c t 59.64 120 108 0 74 42901 10 427271 48076 1.3 16 12 5 17 20% 6721 562166 5883 9%
c f 59.67 120 108 0 74 42901 10 427271 48076 1.3 16 12 5 17 20% 6744 561777 5903 9%
c u 59.79 137 108 0 74 42901 10 427271 47783 1.3 16 12 5 17 20% 6744 561777 5903 9%
c v 59.91 137 108 0 74 42901 10 427271 47518 1.3 16 12 5 17 20% 6744 561777 5903 9%
c w 59.95 137 108 0 74 42901 10 427271 47508 1.3 16 12 5 17 20% 6744 561777 5903 9%
c = 60.48 146 108 0 74 42901 10 427271 47508 1.3 16 12 5 17 20% 6746 561773 5902 9%
c d 60.49 146 108 0 74 42901 10 427271 47508 1.3 16 12 5 17 20% 6744 561773 5902 9%
c - 60.61 138 106 0 75 42953 10 429502 45248 1.3 16 12 5 16 19% 6713 561773 5902 9%
c - 60.77 142 102 0 76 42955 10 438162 49883 1.3 15 12 5 16 19% 6717 561773 5902 9%
c - 60.99 139 99 0 77 43155 9 446880 54089 1.4 15 11 5 16 18% 6719 561773 5902 9%
c i 61.14 144 96 0 77 43215 9 453149 59612 1.3 15 11 5 16 17% 6735 561771 5900 9%
c - 61.25 114 95 0 78 43301 9 455654 50191 1.3 15 11 5 16 17% 6724 561769 5900 9%
c i 61.27 114 94 0 78 43301 9 457347 51587 1.4 15 11 5 16 17% 6729 561769 5893 9%
c i 61.38 118 91 0 78 43366 9 461822 55474 1.3 14 11 5 16 17% 6743 561769 5882 9%
c
c seconds   switched     rate          size/glue  tier1     binary        remaining
c         MB  reductions   conflicts         size   tier2      irredundant
c          level   restarts       redundant     glue    trail         variables
c
c o 61.39 118 91 0 78 43366 9 461822 55474 1.3 14 11 5 16 17% 6743 561769 5882 9%
c - 61.46 119 92 0 79 43378 9 464488 43979 1.3 14 11 5 16 17% 6678 561768 5882 9%
c i 61.47 105 91 0 79 43378 9 465341 44661 1.3 14 10 5 16 16% 6687 561768 5873 9%
c i 61.52 110 90 0 79 43390 9 466975 45985 1.3 14 10 5 16 16% 6703 561768 5865 9%
c i 61.61 114 87 0 79 43405 8 471370 49858 1.4 14 10 5 16 16% 6714 561768 5861 9%
c i 61.62 114 87 0 79 43405 8 471474 49925 1.4 14 10 5 16 16% 6720 561768 5852 9%
c i 61.62 114 87 0 79 43405 8 471475 49925 1.4 14 10 5 16 16% 6720 561768 5743 8%
c } 61.62 114 87 0 79 43405 8 471478 49925 1.4 14 10 5 16 16% 6721 561768 5605 8%
c 0 61.62 114 87 0 79 43405 8 471478 49925 1.4 14 10 5 16 16% 6721 561768 5605 8%
c
c ---- [ result ] ------------------------------------------------------------
c
s UNSATISFIABLE
c
c ---- [ profiling ] ---------------------------------------------------------
c
c          31.19   50.62 %  search
c          31.19   50.62 %  focused
c          27.80   45.11 %  probe
c          26.54   43.07 %  simplify
c          11.30   18.34 %  congruence
c           8.95   14.53 %  sweep
c           5.63    9.13 %  vivify
c           3.74    6.06 %  preprocess
c           2.45    3.98 %  eliminate
c           1.85    3.00 %  subsume
c           1.19    1.93 %  substitute
c           0.62    1.01 %  factor
c           0.50    0.82 %  reduce
c           0.13    0.21 %  parse
c           0.07    0.12 %  transitive
c           0.03    0.05 %  backbone
c           0.02    0.04 %  lucky
c =============================================
c          61.62  100.00 %  total
c
c ---- [ statistics ] --------------------------------------------------------
c
c chronological:                         1912                0 %  conflicts
c conflicts:                           471478             7651.22 per second
c congruent:                             4481                7 %  variables
c decisions:                          4968342               10.54 per conflict
c eliminated:                           32605               48 %  variables
c factored:                               646                1 %  variables
c iterations:                              18                0 %  variables
c propagations:                     164621630          2671505    per second
c reductions:                              79             5968    interval
c reordered:                               10            47148    interval
c restarts:                             43405               11    interval
c strengthened:                         13055                0 %  checks
c substituted:                           6039                9 %  variables
c subsumed:                             75284                0 %  checks
c switched:                                 0                0    interval
c vivified:                             30373               28 %  checks
c
c ---- [ glue usage ] --------------------------------------------------------
c
c focused glue 5    used  58966 clauses  9.66% accumulated 56.72% tier1
c focused glue 6    used  41259 clauses  6.76% accumulated 63.47%
c focused glue 7-13 used 144382 clauses 23.64% accumulated 87.12%
c focused glue 14   used  10324 clauses  1.69% accumulated 88.81%
c focused glue 15   used   9012 clauses  1.48% accumulated 90.28% tier2
c
c ---- [ resources ] ---------------------------------------------------------
c
c maximum-resident-set-size:     439277846528 bytes     418928 MB
c process-time:                          1m 2s              61.62 seconds
c
c ---- [ shutting down ] -----------------------------------------------------
c
c exit 20
real 66.52
user 72.55
sys 1.06

solver_exit_code=20
