c ---- [ banner ] ------------------------------------------------------------
c
c Kissat SAT Solver
c 
c Copyright (c) 2021-2024 Armin Biere University of Freiburg
c Copyright (c) 2019-2021 Armin Biere Johannes Kepler University Linz
c 
c Version 4.0.4 8af8e56f174b778aef3aa45af9f739b2a5f492c2
c Apple clang version 21.0.0 (clang-2100.1.1.101) -W -Wall -O3 -DNDEBUG
c Sat Sep 5 13:52:00 PDT 2026 Darwin 842f5797331b 25.6.0 arm64
c
c ---- [ proving ] -----------------------------------------------------------
c
c opened and writing proof to compressed DRAT file:
c
c   .selection/project-8-ramsey-5-5/results/orbit-p3-c6/p3-c6-k3.drat.xz
c
c ---- [ parsing ] -----------------------------------------------------------
c
c opened and reading DIMACS file:
c
c   .selection/project-8-ramsey-5-5/results/orbit-p3-c6/p3-c6-k3.cnf
c
c parsed 'p cnf 67709 910918' header
c closing input after reading 33375327 bytes (32 MB)
c finished parsing after 0.12 seconds
c
c ---- [ options ] -----------------------------------------------------------
c
c --stable=0                       (different from default '1')
c
c ---- [ solving ] -----------------------------------------------------------
c
c seconds  switched rate     size/glue tier1   binary           remaining
c         MB reductions conflicts size  tier2      irredundant
c          level restarts redundant glue  trail            variables
c
c *  0.12 105 0 0 0  0 0   0   0 0.0 0 0 0 0 0% 102300 757865 44939 66%
c (  0.15 134 0 0 0  0 0   0   0 0.0 0 0 0 0 0% 102300 757865 44939 66%
c .  0.18 149 0 0 0  0 0   0   0 0.0 0 0 0 0 0% 89465 708095 44939 66%
c c  3.78 102 0 0 0  0 0   0   0 0.0 0 0 0 0 0% 89958 627356 42293 62%
c d  3.79 104 0 0 0  0 0   0   0 0.0 0 0 0 0 0% 84367 627356 42293 62%
c f  3.86 133 0 0 0  0 0   0   0 0.0 0 0 0 0 0% 84053 627356 42413 63%
c )  3.86 133 0 0 0  0 0   0   0 0.0 0 0 0 0 0% 84053 627356 42413 63%
c {  3.87 135 0 0 0  0 0   0   0 0.0 0 0 2 6 0% 84053 627356 42413 63%
c -  3.97 136 76 0 1 160 13 1000 706 1.3 22 17 14 27 24% 84076 627356 42413 63%
c i  3.97 137 75 0 1 164 13 1082 786 1.3 22 17 14 27 24% 84076 627356 42395 63%
c -  4.09 141 91 0 2 329 16 2000 1246 1.3 23 17 13 28 27% 84036 627353 42395 63%
c i  4.11 142 91 0 2 344 15 2178 1414 1.3 23 17 13 27 27% 84039 627352 42371 63%
c c  7.89 97 100 0 2 348 13 2831 1980 1.4 22 16 12 25 27% 85277 626453 41509 61%
c d  7.90 97 100 0 2 348 13 2831 1979 1.4 22 16 12 25 27% 83271 626409 41505 61%
c u  7.92 98 100 0 2 348 13 2831 1962 1.4 22 16 12 25 27% 82267 626409 41505 61%
c v  7.94 98 100 0 2 348 13 2831 1946 1.4 22 16 12 25 27% 82267 626409 41505 61%
c w  7.95 98 100 0 2 348 13 2831 1946 1.4 22 16 12 25 27% 82267 626409 41505 61%
c x  7.97 98 100 0 2 348 13 2831 1946 1.4 22 16 12 25 27% 82422 626175 41345 61%
c d  7.98 98 100 0 2 348 13 2831 1946 1.4 22 16 12 25 27% 82056 626095 41153 61%
c t  7.98 98 100 0 2 348 13 2831 1946 1.4 22 16 12 25 27% 82003 626095 41153 61%
c
c seconds   switched   rate       size/glue  tier1      binary           remaining
c        MB  reductions conflicts       size    tier2       irredundant
c          level restarts    redundant     glue     trail           variables
c
c f  7.99 98 100 0 2 348 13 2831 1946 1.4 22 16 12 25 27% 81882 626095 41170 61%
c c 10.75 94 100 0 2 348 13 2831 1946 1.4 22 16 12 25 27% 82218 625665 40735 60%
c d 10.76 94 100 0 2 348 13 2831 1946 1.4 22 16 12 25 27% 81310 625663 40735 60%
c b 10.77 94 100 0 2 348 13 2831 1946 1.4 22 16 12 25 27% 81310 625663 40728 60%
c u 10.78 96 100 0 2 348 13 2831 1939 1.4 22 16 12 25 27% 80707 625663 40728 60%
c v 10.80 97 100 0 2 348 13 2831 1922 1.4 22 16 12 25 27% 80707 625663 40728 60%
c w 10.81 97 100 0 2 348 13 2831 1919 1.4 22 16 12 25 27% 80707 625663 40728 60%
c x 10.82 100 100 0 2 348 13 2831 1914 1.4 22 16 12 25 27% 80838 625468 40616 60%
c d 10.90 149 100 0 2 348 13 2831 1914 1.4 22 16 12 25 27% 80607 625412 40489 60%
c t 10.91 149 100 0 2 348 13 2831 1914 1.4 22 16 12 25 27% 80606 625412 40489 60%
c b 10.91 149 100 0 2 348 13 2831 1914 1.4 22 16 12 25 27% 80606 625412 40476 60%
c f 10.92 149 100 0 2 348 13 2831 1914 1.4 22 16 12 25 27% 80509 625412 40485 60%
c i 10.92 149 100 0 2 348 13 2831 1914 1.4 22 16 12 25 27% 80509 625412 40485 60%
c - 10.99 151 129 0 3 348 11 3414 1875 1.4 21 15 11 24 28% 80248 625399 40485 60%
c i 11.01 151 135 0 3 349 11 3566 2017 1.4 21 15 11 24 28% 80253 625397 40483 60%
c - 11.17 185 147 0 4 491 10 5146 2674 1.4 21 15 10 23 29% 80272 625393 40483 60%
c i 11.30 215 152 0 4 564 10 6408 3881 1.5 20 14 9 22 30% 80287 625390 40457 60%
c - 11.40 225 150 0 5 715 12 7147 3558 1.5 20 14 9 22 30% 80226 625390 40457 60%
c c 11.71 303 142 0 5 833 11 8706 5026 1.4 19 13 9 22 29% 80871 625027 40108 59%
c d 11.72 303 142 0 5 833 11 8706 5025 1.4 19 13 9 22 29% 80067 625005 40087 59%
c
c seconds    switched   rate       size/glue  tier1     binary           remaining
c         MB  reductions conflicts       size   tier2       irredundant
c           level restarts    redundant     glue    trail           variables
c
c d 11.73 303 142 0 5 833 11 8706 5024 1.4 19 13 9 22 29% 80045 625004 40076 59%
c b 11.73 303 142 0 5 833 11 8706 5024 1.4 19 13 9 22 29% 80045 625004 40071 59%
c u 11.76 308 142 0 5 833 11 8706 4999 1.4 19 13 9 22 29% 79491 625004 40071 59%
c v 11.78 309 142 0 5 833 11 8706 4982 1.4 19 13 9 22 29% 79491 625004 40071 59%
c w 11.80 310 142 0 5 833 11 8706 4982 1.4 19 13 9 22 29% 79491 625004 40071 59%
c x 11.82 310 142 0 5 833 11 8706 4977 1.4 19 13 9 22 29% 79689 624699 39877 59%
c d 11.83 310 142 0 5 833 11 8706 4974 1.4 19 13 9 22 29% 79333 624593 39679 59%
c d 11.84 310 142 0 5 833 11 8706 4974 1.4 19 13 9 22 29% 79313 624593 39669 59%
c t 11.84 310 142 0 5 833 11 8706 4974 1.4 19 13 9 22 29% 79312 624593 39669 59%
c b 11.85 310 142 0 5 833 11 8706 4974 1.4 19 13 9 22 29% 79312 624593 39658 59%
c f 11.85 310 142 0 5 833 11 8706 4974 1.4 19 13 9 22 29% 79157 624593 39680 59%
c c 11.93 351 142 0 5 833 11 8706 4974 1.4 19 13 9 22 29% 79390 624234 39320 58%
c d 11.94 351 142 0 5 833 11 8706 4974 1.4 19 13 9 22 29% 78571 624222 39312 58%
c d 11.95 351 142 0 5 833 11 8706 4974 1.4 19 13 9 22 29% 78569 624222 39311 58%
c u 11.98 355 142 0 5 833 11 8706 4961 1.4 19 13 9 22 29% 77984 624222 39311 58%
c v 12.00 357 142 0 5 833 11 8706 4941 1.4 19 13 9 22 29% 77984 624222 39311 58%
c w 12.02 357 142 0 5 833 11 8706 4941 1.4 19 13 9 22 29% 77984 624222 39311 58%
c x 12.04 357 142 0 5 833 11 8706 4939 1.4 19 13 9 22 29% 78158 623959 39145 58%
c d 12.05 357 142 0 5 833 11 8706 4933 1.4 19 13 9 22 29% 77838 623872 38970 58%
c d 12.06 357 142 0 5 833 11 8706 4933 1.4 19 13 9 22 29% 77828 623872 38965 58%
c
c seconds    switched   rate       size/glue  tier1     binary           remaining
c         MB  reductions conflicts       size   tier2       irredundant
c           level restarts    redundant     glue    trail           variables
c
c t 12.06 357 142 0 5 833 11 8706 4933 1.4 19 13 9 22 29% 77826 623872 38965 58%
c b 12.07 357 142 0 5 833 11 8706 4933 1.4 19 13 9 22 29% 77826 623872 38953 58%
c f 12.07 357 142 0 5 833 11 8706 4933 1.4 19 13 9 22 29% 77699 623872 38970 58%
c i 12.08 357 142 0 5 833 11 8706 4933 1.4 19 13 9 22 29% 77699 623872 38970 58%
c - 12.17 364 143 0 6 977 12 9385 4273 1.4 20 14 8 21 29% 77328 623871 38970 58%
c o 12.23 366 146 0 6 1055 12 10000 4825 1.4 20 14 8 21 29% 77331 623870 38970 58%
c - 12.47 372 140 0 7 1378 13 11834 5350 1.4 20 14 9 22 28% 77365 623866 38970 58%
c 2 12.72 389 140 0 7 1711 13 14134 7545 1.4 20 14 9 22 29% 77372 623866 38965 58%
c s 12.78 389 140 0 7 1711 13 14134 7545 1.4 20 14 9 22 29% 77499 623719 38965 58%
c e 12.86 332 140 0 7 1711 13 14134 7545 1.4 20 14 9 22 29% 14151 630362 13106 19%
c 2 12.86 332 140 0 7 1711 13 14134 7545 1.4 20 14 9 22 29% 14088 630362 13103 19%
c s 12.93 335 140 0 7 1711 13 14134 7545 1.4 20 14 9 22 29% 14537 628352 13103 19%
c e 12.95 335 140 0 7 1711 13 14134 7545 1.4 20 14 9 22 29% 13981 628664 12820 19%
c ^ 12.95 335 140 0 7 1711 13 14134 7545 1.4 20 14 9 22 29% 13981 628664 12820 19%
c - 13.03 337 138 0 8 1792 13 14480 4697 1.4 20 14 9 22 28% 13983 628657 12820 19%
c - 13.26 372 144 0 9 2148 13 17308 5835 1.4 20 14 9 22 29% 14011 628652 12820 19%
c c 13.31 409 148 0 9 2148 13 17822 6315 1.4 20 14 9 22 30% 14161 628562 12787 19%
c d 13.31 409 148 0 9 2148 13 17822 6315 1.4 20 14 9 22 30% 14083 628533 12776 19%
c d 13.32 409 148 0 9 2148 13 17822 6315 1.4 20 14 9 22 30% 14079 628525 12773 19%
c u 13.36 414 148 0 9 2148 13 17822 6259 1.4 20 14 9 22 30% 14009 628525 12773 19%
c
c seconds    switched    rate        size/glue  tier1     binary           remaining
c         MB  reductions   conflicts       size   tier2       irredundant
c           level  restarts     redundant     glue    trail           variables
c
c v 13.39 416 148 0 9 2148 13 17822 6236 1.4 20 14 9 22 30% 14009 628525 12773 19%
c x 13.44 417 148 0 9 2148 13 17822 6236 1.4 20 14 9 22 30% 14011 628517 12750 19%
c = 13.65 434 148 0 9 2148 13 17822 6236 1.4 20 14 9 22 30% 14026 628428 12731 19%
c d 13.65 434 148 0 9 2148 13 17822 6234 1.4 20 14 9 22 30% 14114 628317 12731 19%
c t 13.67 434 148 0 9 2148 13 17822 6234 1.4 20 14 9 22 30% 13825 628317 12731 19%
c f 13.69 434 148 0 9 2148 13 17822 6234 1.4 20 14 9 22 30% 13898 627935 12833 19%
c c 13.74 489 148 0 9 2148 13 17822 6234 1.4 20 14 9 22 30% 13832 627929 12832 19%
c d 13.75 489 148 0 9 2148 13 17822 6234 1.4 20 14 9 22 30% 13830 627929 12832 19%
c u 13.80 495 148 0 9 2148 13 17822 5926 1.4 20 14 9 22 30% 13828 627929 12832 19%
c v 13.84 497 148 0 9 2148 13 17822 5881 1.4 20 14 9 22 30% 13828 627929 12832 19%
c t 13.87 384 148 0 9 2148 13 17822 5881 1.4 20 14 9 22 30% 13753 627929 12832 19%
c f 13.88 384 148 0 9 2148 13 17822 5881 1.4 20 14 9 22 30% 13754 627925 12833 19%
c i 13.88 406 148 0 9 2148 13 17822 5881 1.4 20 14 9 22 30% 13754 627925 12833 19%
c o 14.06 421 162 0 9 2356 12 20002 7916 1.4 20 14 8 21 31% 13763 627925 12833 19%
c - 14.10 423 164 0 10 2395 13 20310 6276 1.4 20 14 8 21 31% 13768 627922 12833 19%
c - 14.36 427 162 0 11 2945 13 23475 7146 1.4 20 14 8 21 31% 13800 627921 12833 19%
c - 14.60 437 174 0 12 3313 13 26792 8188 1.4 20 14 8 21 32% 13819 627917 12833 19%
c s 14.78 450 171 0 12 3593 13 28102 9466 1.4 20 14 8 21 32% 13848 626908 12833 19%
c e 14.83 456 171 0 12 3593 13 28102 9466 1.4 20 14 8 21 32% 11043 631984 10193 15%
c 2 14.83 456 171 0 12 3593 13 28102 9466 1.4 20 14 8 21 32% 11031 631984 10193 15%
c
c seconds    switched     rate        size/glue  tier1     binary           remaining
c         MB   reductions   conflicts       size   tier2       irredundant
c           level   restarts     redundant     glue    trail           variables
c
c s 14.88 379 171 0 12 3593 13 28102 9466 1.4 20 14 8 21 32% 11200 631297 10193 15%
c e 14.90 379 171 0 12 3593 13 28102 9466 1.4 20 14 8 21 32% 11117 631400 10145 15%
c ^ 14.90 379 171 0 12 3593 13 28102 9466 1.4 20 14 8 21 32% 11117 631400 10145 15%
c d 15.11 412 169 0 12 3926 13 30253 10676 1.4 20 14 8 21 32% 11119 631393 10142 15%
c u 15.15 414 169 0 12 3926 13 30253 10641 1.4 20 14 8 21 32% 11111 631393 10142 15%
c v 15.19 414 169 0 12 3926 13 30253 10608 1.4 20 14 8 21 32% 11111 631393 10142 15%
c w 15.21 414 169 0 12 3926 13 30253 10608 1.4 20 14 8 21 32% 11111 631393 10142 15%
c = 15.44 427 169 0 12 3926 13 30253 10608 1.4 20 14 8 21 32% 11220 631249 10091 15%
c d 15.45 427 169 0 12 3926 13 30253 10599 1.4 20 14 8 21 32% 11081 631245 10090 15%
c t 15.46 427 169 0 12 3926 13 30253 10599 1.4 20 14 8 21 32% 10930 631245 10090 15%
c f 15.49 427 169 0 12 3926 13 30253 10599 1.4 20 14 8 21 32% 10990 630992 10146 15%
c c 15.54 474 169 0 12 3926 13 30253 10599 1.4 20 14 8 21 32% 11111 630985 10144 15%
c d 15.55 478 169 0 12 3926 13 30253 10599 1.4 20 14 8 21 32% 11107 630985 10144 15%
c u 15.61 486 169 0 12 3926 13 30253 10547 1.4 20 14 8 21 32% 11105 630985 10144 15%
c v 15.66 487 169 0 12 3926 13 30253 10497 1.4 20 14 8 21 32% 11105 630985 10144 15%
c w 15.68 488 169 0 12 3926 13 30253 10495 1.4 20 14 8 21 32% 11105 630985 10144 15%
c = 15.88 492 169 0 12 3926 13 30253 10495 1.4 20 14 8 21 32% 11313 630766 10047 15%
c d 15.90 341 169 0 12 3926 13 30253 10483 1.4 20 14 8 21 32% 11042 630766 10047 15%
c t 15.91 341 169 0 12 3926 13 30253 10483 1.4 20 14 8 21 32% 10950 630766 10047 15%
c f 15.92 341 169 0 12 3926 13 30253 10483 1.4 20 14 8 21 32% 10954 630756 10049 15%
c
c seconds    switched     rate        size/glue  tier1     binary           remaining
c         MB   reductions   conflicts       size   tier2       irredundant
c           level   restarts     redundant     glue    trail           variables
c
c - 15.96 344 169 0 13 3927 13 30256 8223 1.4 20 14 8 21 32% 10954 630756 10049 15%
c - 16.22 347 170 0 14 4401 13 33863 9239 1.4 20 14 8 21 31% 10972 630753 10049 15%
c - 16.44 350 166 0 15 4803 13 37604 9292 1.4 20 14 7 20 31% 10979 630753 10049 15%
c o 16.58 363 175 0 15 4932 12 40951 12436 1.4 20 14 7 20 31% 10992 630750 10049 15%
c - 16.62 364 177 0 16 4932 12 41476 10285 1.4 20 14 7 19 31% 10993 630750 10049 15%
c - 16.97 250 176 0 17 5500 12 45476 11250 1.4 20 14 7 19 31% 11002 630748 10049 15%
c d 17.03 252 176 0 17 5565 12 46259 11991 1.4 20 14 7 19 31% 10992 630730 10040 15%
c u 17.09 252 176 0 17 5565 12 46259 11931 1.4 20 14 7 19 31% 10988 630730 10040 15%
c v 17.15 278 176 0 17 5565 12 46259 11887 1.4 20 14 7 19 31% 10988 630730 10040 15%
c w 17.17 282 176 0 17 5565 12 46259 11883 1.4 20 14 7 19 31% 10988 630730 10040 15%
c = 17.37 300 176 0 17 5565 12 46259 11883 1.4 20 14 7 19 31% 11254 630410 9916 15%
c d 17.38 300 176 0 17 5565 12 46259 11873 1.4 20 14 7 19 31% 10912 630410 9916 15%
c t 17.39 300 176 0 17 5565 12 46259 11873 1.4 20 14 7 19 31% 10832 630410 9916 15%
c f 17.40 300 176 0 17 5565 12 46259 11873 1.4 20 14 7 19 31% 10834 630401 9918 15%
c u 17.45 324 176 0 17 5565 12 46259 11825 1.4 20 14 7 19 31% 10835 630401 9918 15%
c v 17.49 326 176 0 17 5565 12 46259 11800 1.4 20 14 7 19 31% 10835 630401 9918 15%
c w 17.51 326 176 0 17 5565 12 46259 11800 1.4 20 14 7 19 31% 10835 630401 9918 15%
c = 17.74 334 176 0 17 5565 12 46259 11800 1.4 20 14 7 19 31% 11018 630178 9831 15%
c d 17.75 334 176 0 17 5565 12 46259 11791 1.4 20 14 7 19 31% 10779 630178 9831 15%
c t 17.77 334 176 0 17 5565 12 46259 11791 1.4 20 14 7 19 31% 10742 630178 9831 15%
c
c seconds    switched     rate         size/glue  tier1     binary          remaining
c         MB   reductions   conflicts        size   tier2       irredundant
c           level   restarts      redundant     glue    trail          variables
c
c f 17.77 334 176 0 17 5565 12 46259 11791 1.4 20 14 7 19 31% 10744 630173 9832 15%
c - 18.02 196 180 0 18 5943 12 49599 12192 1.4 20 14 7 19 31% 10755 630171 9832 15%
c - 18.39 230 186 0 19 6477 12 53841 13315 1.4 20 14 7 19 32% 10771 630170 9832 15%
c - 18.73 272 181 0 20 7127 12 58199 14255 1.4 20 14 7 19 31% 10786 630168 9832 15%
c s 18.82 277 181 0 20 7176 12 58385 14437 1.4 20 14 7 19 31% 10851 627135 9832 15%
c e 18.86 292 181 0 20 7176 12 58385 14437 1.4 20 14 7 19 31% 9461 630682 8576 13%
c 2 18.86 292 181 0 20 7176 12 58385 14437 1.4 20 14 7 19 31% 9450 630682 8576 13%
c s 18.94 292 181 0 20 7176 12 58385 14437 1.4 20 14 7 19 31% 9531 628567 8576 13%
c e 18.96 292 181 0 20 7176 12 58385 14437 1.4 20 14 7 19 31% 9493 628642 8549 13%
c ^ 18.96 292 181 0 20 7176 12 58385 14437 1.4 20 14 7 19 31% 9493 628642 8549 13%
c - 19.37 249 180 0 21 7895 12 62671 13702 1.4 20 14 7 20 31% 9515 628640 8549 13%
c c 19.67 311 179 0 21 8297 12 65951 16850 1.4 20 14 7 20 31% 9544 628612 8543 13%
c d 19.68 311 179 0 21 8297 12 65951 16845 1.4 20 14 7 20 31% 9526 628605 8539 13%
c u 19.76 320 179 0 21 8297 12 65951 16729 1.4 20 14 7 20 31% 9522 628605 8539 13%
c v 19.83 321 179 0 21 8297 12 65951 16639 1.4 20 14 7 20 31% 9522 628605 8539 13%
c w 19.86 322 179 0 21 8297 12 65951 16638 1.4 20 14 7 20 31% 9522 628605 8539 13%
c = 19.95 338 179 0 21 8297 12 65951 16638 1.4 20 14 7 20 31% 9737 628322 8439 12%
c d 19.96 338 179 0 21 8297 12 65951 16612 1.4 20 14 7 20 31% 9452 628318 8437 12%
c t 19.97 338 179 0 21 8297 12 65951 16612 1.4 20 14 7 20 31% 9287 628318 8437 12%
c f 19.99 338 179 0 21 8297 12 65951 16612 1.4 20 14 7 20 31% 9523 626994 8602 13%
c
c seconds    switched     rate         size/glue  tier1     binary         remaining
c         MB   reductions   conflicts        size   tier2      irredundant
c           level   restarts      redundant     glue    trail         variables
c
c u 20.08 365 179 0 21 8297 12 65951 16375 1.4 20 14 7 20 31% 9529 626994 8602 13%
c v 20.14 366 179 0 21 8297 12 65951 16289 1.4 20 14 7 20 31% 9529 626994 8602 13%
c w 20.17 366 179 0 21 8297 12 65951 16287 1.4 20 14 7 20 31% 9529 626994 8602 13%
c = 20.49 257 179 0 21 8297 12 65951 16287 1.4 20 14 7 20 31% 9559 626955 8588 13%
c d 20.50 257 179 0 21 8297 12 65951 16284 1.4 20 14 7 20 31% 9518 626953 8587 13%
c t 20.52 257 179 0 21 8297 12 65951 16284 1.4 20 14 7 20 31% 9510 626953 8587 13%
c - 20.63 264 180 0 22 8395 12 67255 14359 1.4 20 14 7 20 31% 9511 626953 8587 13%
c o 20.83 267 181 0 22 8656 12 70957 17743 1.4 20 14 7 20 31% 9516 626951 8587 13%
c - 20.95 264 179 0 23 8863 12 71945 15515 1.4 20 14 7 20 31% 9517 626951 8587 13%
c - 21.32 134 178 0 24 9510 12 76740 16590 1.4 20 14 7 20 31% 9523 626951 8587 13%
c - 21.73 152 174 0 25 10374 13 81638 17398 1.4 20 15 7 20 31% 9530 626950 8587 13%
c - 22.06 178 178 0 26 10863 12 86638 18404 1.4 20 15 7 20 31% 9544 626949 8587 13%
c d 22.29 194 175 0 26 11338 13 89449 21132 1.4 21 15 7 20 31% 9539 626943 8582 13%
c u 22.38 198 175 0 26 11338 13 89449 20968 1.4 21 15 7 20 31% 9539 626943 8582 13%
c v 22.46 199 175 0 26 11338 13 89449 20822 1.4 21 15 7 20 31% 9539 626943 8582 13%
c w 22.49 199 175 0 26 11338 13 89449 20818 1.4 21 15 7 20 31% 9539 626943 8582 13%
c = 22.82 211 175 0 26 11338 13 89449 20818 1.4 21 15 7 20 31% 9543 626940 8580 13%
c d 22.83 211 175 0 26 11338 13 89449 20817 1.4 21 15 7 20 31% 9537 626940 8580 13%
c t 22.84 211 175 0 26 11338 13 89449 20817 1.4 21 15 7 20 31% 9522 626940 8580 13%
c u 22.91 211 175 0 26 11338 13 89449 20758 1.4 21 15 7 20 31% 9522 626940 8580 13%
c
c seconds    switched      rate         size/glue  tier1     binary         remaining
c         MB   reductions    conflicts        size   tier2      irredundant
c           level   restarts       redundant     glue    trail         variables
c
c v 22.97 211 175 0 26 11338 13 89449 20698 1.4 21 15 7 20 31% 9522 626940 8580 13%
c w 22.99 211 175 0 26 11338 13 89449 20690 1.4 21 15 7 20 31% 9522 626940 8580 13%
c = 23.37 134 175 0 26 11338 13 89449 20690 1.4 21 15 7 20 31% 9534 626923 8574 13%
c d 23.38 134 175 0 26 11338 13 89449 20689 1.4 21 15 7 20 31% 9517 626923 8574 13%
c t 23.39 134 175 0 26 11338 13 89449 20689 1.4 21 15 7 20 31% 9516 626923 8574 13%
c - 23.60 136 173 0 27 11689 13 91738 18950 1.4 21 15 7 20 30% 9519 626923 8574 13%
c - 23.78 151 175 0 28 11773 12 96934 20585 1.4 20 15 7 20 30% 9521 626923 8574 13%
c - 23.98 166 177 0 29 12007 12 102227 23149 1.4 20 14 7 19 30% 9522 626923 8574 13%
c s 24.39 186 182 0 29 12331 11 107126 27854 1.4 20 14 7 19 31% 9564 626192 8574 13%
c e 24.43 202 182 0 29 12331 11 107126 27854 1.4 20 14 7 19 31% 8549 630541 7640 11%
c 2 24.43 202 182 0 29 12331 11 107126 27854 1.4 20 14 7 19 31% 8541 630541 7640 11%
c s 24.54 204 182 0 29 12331 11 107126 27854 1.4 20 14 7 19 31% 8613 629531 7640 11%
c e 24.56 204 182 0 29 12331 11 107126 27854 1.4 20 14 7 19 31% 8575 629648 7616 11%
c ^ 24.56 204 182 0 29 12331 11 107126 27854 1.4 20 14 7 19 31% 8575 629648 7616 11%
c - 24.64 204 182 0 30 12388 11 107613 19757 1.4 20 14 6 19 31% 8578 629648 7616 11%
c o 24.87 208 179 0 30 12762 11 110975 22933 1.4 20 14 6 19 30% 8587 629643 7616 11%
c - 25.09 229 177 0 31 13176 12 113090 22098 1.4 20 14 7 19 30% 8593 629642 7616 11%
c c 25.44 228 173 0 31 13750 12 116911 25687 1.4 20 15 7 19 30% 8643 629628 7615 11%
c d 25.45 228 173 0 31 13750 12 116911 25686 1.4 20 15 7 19 30% 8643 629626 7615 11%
c u 25.53 235 173 0 31 13750 12 116911 25514 1.4 20 15 7 19 30% 8640 629626 7615 11%
c
c seconds    switched      rate          size/glue  tier1     binary         remaining
c         MB   reductions    conflicts         size   tier2      irredundant
c           level   restarts        redundant     glue    trail         variables
c
c v 25.60 237 173 0 31 13750 12 116911 25438 1.4 20 15 7 19 30% 8640 629626 7615 11%
c w 25.63 237 173 0 31 13750 12 116911 25434 1.4 20 15 7 19 30% 8640 629626 7615 11%
c = 25.95 254 173 0 31 13750 12 116911 25434 1.4 20 15 7 19 30% 8644 629622 7613 11%
c d 25.96 254 173 0 31 13750 12 116911 25434 1.4 20 15 7 19 30% 8638 629622 7613 11%
c t 25.98 254 173 0 31 13750 12 116911 25434 1.4 20 15 7 19 30% 8528 629622 7613 11%
c f 26.00 254 173 0 31 13750 12 116911 25434 1.4 20 15 7 19 30% 8549 629402 7633 11%
c u 26.09 277 173 0 31 13750 12 116911 25288 1.4 20 15 7 19 30% 8549 629402 7633 11%
c v 26.16 279 173 0 31 13750 12 116911 25146 1.4 20 15 7 19 30% 8549 629402 7633 11%
c w 26.19 280 173 0 31 13750 12 116911 25139 1.4 20 15 7 19 30% 8549 629402 7633 11%
c = 26.52 195 173 0 31 13750 12 116911 25139 1.4 20 15 7 19 30% 8580 629373 7618 11%
c d 26.53 195 173 0 31 13750 12 116911 25135 1.4 20 15 7 19 30% 8538 629373 7618 11%
c t 26.54 195 173 0 31 13750 12 116911 25135 1.4 20 15 7 19 30% 8529 629373 7618 11%
c - 26.68 228 172 0 32 13958 12 118657 22906 1.4 20 15 7 19 30% 8529 629373 7618 11%
c - 27.15 250 172 0 33 14569 12 124313 24022 1.4 20 15 7 19 30% 8535 629371 7618 11%
c - 27.64 196 171 0 34 15311 12 130057 25031 1.4 20 15 7 19 30% 8541 629369 7618 11%
c - 28.07 216 168 0 35 16075 12 135887 25902 1.4 21 15 7 20 30% 8548 629368 7618 11%
c - 28.39 239 170 0 36 16440 12 141806 27680 1.4 20 15 7 19 30% 8552 629368 7618 11%
c - 28.76 200 170 0 37 16861 11 147806 29537 1.4 20 14 7 19 30% 8555 629368 7618 11%
c d 28.83 201 169 0 37 16975 11 148428 30147 1.4 20 15 7 19 30% 8553 629361 7616 11%
c d 28.83 201 169 0 37 16975 11 148428 30146 1.4 20 15 7 19 30% 8551 629358 7615 11%
c
c seconds    switched      rate          size/glue  tier1     binary         remaining
c         MB   reductions    conflicts         size   tier2      irredundant
c           level   restarts        redundant     glue    trail         variables
c
c b 28.84 201 169 0 37 16975 11 148428 30146 1.4 20 15 7 19 30% 8551 629358 7613 11%
c u 28.92 203 169 0 37 16975 11 148428 29855 1.4 20 15 7 19 30% 8551 629358 7613 11%
c v 29.01 203 169 0 37 16975 11 148428 29691 1.4 20 15 7 19 30% 8551 629358 7613 11%
c w 29.04 203 169 0 37 16975 11 148428 29684 1.4 20 15 7 19 30% 8551 629358 7613 11%
c = 29.46 212 169 0 37 16975 11 148428 29684 1.4 20 15 7 19 30% 8586 629289 7597 11%
c d 29.47 212 169 0 37 16975 11 148428 29678 1.4 20 15 7 19 30% 8546 629285 7597 11%
c t 29.48 212 169 0 37 16975 11 148428 29678 1.4 20 15 7 19 30% 8529 629285 7597 11%
c u 29.59 212 169 0 37 16975 11 148428 29489 1.4 20 15 7 19 30% 8531 629285 7597 11%
c v 29.68 212 169 0 37 16975 11 148428 29368 1.4 20 15 7 19 30% 8531 629285 7597 11%
c w 29.71 212 169 0 37 16975 11 148428 29356 1.4 20 15 7 19 30% 8531 629285 7597 11%
c = 30.12 162 169 0 37 16975 11 148428 29356 1.4 20 15 7 19 30% 8575 629235 7576 11%
c d 30.13 162 169 0 37 16975 11 148428 29352 1.4 20 15 7 19 30% 8517 629231 7575 11%
c t 30.15 162 169 0 37 16975 11 148428 29352 1.4 20 15 7 19 30% 8502 629231 7575 11%
c - 30.48 169 165 0 38 17531 11 153889 30075 1.4 20 15 7 19 29% 8501 629231 7575 11%
c - 31.03 172 161 0 39 18503 12 160053 31049 1.4 20 15 7 19 29% 8509 629230 7575 11%
c o 31.14 180 161 0 39 18698 12 161017 32000 1.4 21 15 7 19 29% 8512 629230 7575 11%
c - 31.58 210 158 0 40 19460 12 166297 31732 1.4 21 15 7 20 29% 8513 629230 7575 11%
c - 32.05 209 158 0 41 20085 12 172621 32463 1.4 21 15 7 20 29% 8518 629229 7575 11%
c s 32.48 234 159 0 41 20454 12 176386 36016 1.4 21 15 7 20 29% 8555 628656 7575 11%
c e 32.53 250 159 0 41 20454 12 176386 36016 1.4 21 15 7 20 29% 7582 634288 6842 10%
c
c seconds    switched      rate          size/glue  tier1     binary         remaining
c         MB   reductions    conflicts         size   tier2      irredundant
c           level   restarts        redundant     glue    trail         variables
c
c 2 32.53 250 159 0 41 20454 12 176386 36016 1.4 21 15 7 20 29% 7568 634288 6842 10%
c s 32.70 252 159 0 41 20454 12 176386 36016 1.4 21 15 7 20 29% 7642 632486 6842 10%
c e 32.73 252 159 0 41 20454 12 176386 36016 1.4 21 15 7 20 29% 7609 632699 6816 10%
c ^ 32.73 252 159 0 41 20454 12 176386 36016 1.4 21 15 7 20 29% 7609 632699 6816 10%
c - 32.94 254 158 0 42 20749 12 179024 29953 1.4 21 15 7 20 29% 7620 632699 6816 10%
c b 33.31 210 157 0 42 21270 12 184103 34793 1.4 21 15 7 20 29% 7630 632697 6813 10%
c u 33.39 218 157 0 42 21270 12 184103 34612 1.4 21 15 7 20 29% 7623 632697 6813 10%
c v 33.47 220 157 0 42 21270 12 184103 34547 1.4 21 15 7 20 29% 7623 632697 6813 10%
c w 33.50 220 157 0 42 21270 12 184103 34540 1.4 21 15 7 20 29% 7623 632697 6813 10%
c = 34.05 237 157 0 42 21270 12 184103 34540 1.4 21 15 7 20 29% 7696 632585 6785 10%
c d 34.05 237 157 0 42 21270 12 184103 34535 1.4 21 15 7 20 29% 7625 632585 6785 10%
c t 34.07 237 157 0 42 21270 12 184103 34535 1.4 21 15 7 20 29% 7545 632585 6785 10%
c f 34.10 168 157 0 42 21270 12 184103 34535 1.4 21 15 7 20 29% 7543 632535 6788 10%
c u 34.25 213 157 0 42 21270 12 184103 34310 1.4 21 15 7 20 29% 7556 632535 6788 10%
c v 34.35 215 157 0 42 21270 12 184103 34212 1.4 21 15 7 20 29% 7556 632535 6788 10%
c w 34.39 216 157 0 42 21270 12 184103 34208 1.4 21 15 7 20 29% 7556 632535 6788 10%
c = 34.89 227 157 0 42 21270 12 184103 34208 1.4 21 15 7 20 29% 7593 632478 6770 10%
c d 34.90 227 157 0 42 21270 12 184103 34203 1.4 21 15 7 20 29% 7544 632478 6770 10%
c t 34.91 227 157 0 42 21270 12 184103 34203 1.4 21 15 7 20 29% 7514 632478 6770 10%
c - 35.05 235 156 0 43 21484 12 185505 30441 1.4 21 15 7 20 29% 7514 632478 6770 10%
c
c seconds    switched      rate          size/glue  tier1     binary         remaining
c         MB   reductions    conflicts         size   tier2      irredundant
c           level   restarts        redundant     glue    trail         variables
c
c - 35.59 148 155 0 44 22246 12 192062 31404 1.4 21 15 7 20 29% 7517 632477 6770 10%
c - 36.07 149 155 0 45 22959 12 198696 32420 1.4 21 15 7 20 29% 7526 632477 6770 10%
c - 36.62 118 155 0 46 23679 12 205404 33464 1.4 21 15 7 20 29% 7536 632477 6770 10%
c - 37.11 120 156 0 47 24215 11 212187 34409 1.4 21 15 7 20 29% 7540 632476 6770 10%
c - 37.66 124 156 0 48 24921 11 219043 35339 1.4 21 15 7 20 29% 7544 632473 6770 10%
c o 37.83 120 155 0 48 25190 11 221164 37402 1.4 21 15 7 20 29% 7547 632473 6770 10%
c d 38.05 119 156 0 48 25417 11 224064 40134 1.4 21 15 7 20 29% 7544 632470 6767 10%
c u 38.20 122 156 0 48 25417 11 224064 39867 1.4 21 15 7 20 29% 7544 632470 6767 10%
c v 38.31 123 156 0 48 25417 11 224064 39729 1.4 21 15 7 20 29% 7544 632470 6767 10%
c w 38.36 123 156 0 48 25417 11 224064 39724 1.4 21 15 7 20 29% 7544 632470 6767 10%
c = 38.96 135 156 0 48 25417 11 224064 39724 1.4 21 15 7 20 29% 7608 632370 6735 10%
c d 38.97 135 156 0 48 25417 11 224064 39710 1.4 21 15 7 20 29% 7521 632370 6735 10%
c t 38.98 135 156 0 48 25417 11 224064 39710 1.4 21 15 7 20 29% 7495 632370 6735 10%
c u 39.14 135 156 0 48 25417 11 224064 39328 1.4 21 15 7 20 29% 7495 632370 6735 10%
c v 39.26 135 156 0 48 25417 11 224064 39168 1.4 21 15 7 20 29% 7495 632370 6735 10%
c w 39.31 135 156 0 48 25417 11 224064 39162 1.4 21 15 7 20 29% 7495 632370 6735 10%
c = 39.94 135 156 0 48 25417 11 224064 39162 1.4 21 15 7 20 29% 7540 632289 6713 10%
c d 39.95 135 156 0 48 25417 11 224064 39150 1.4 21 15 7 20 29% 7485 632289 6713 10%
c t 39.97 135 156 0 48 25417 11 224064 39150 1.4 21 15 7 20 29% 7473 632289 6713 10%
c - 40.16 120 156 0 49 25659 11 225974 35695 1.4 21 15 7 20 29% 7473 632289 6713 10%
c
c seconds    switched      rate          size/glue  tier1     binary         remaining
c         MB   reductions    conflicts         size   tier2      irredundant
c           level   restarts        redundant     glue    trail         variables
c
c - 40.43 118 164 0 50 25933 11 232974 37846 1.4 21 15 7 20 30% 7476 632289 6713 10%
c - 40.75 116 164 0 51 26262 11 240045 40600 1.4 20 15 7 20 29% 7477 632289 6713 10%
c - 41.21 118 159 0 52 26877 11 247186 43405 1.4 20 14 7 20 29% 7481 632288 6713 10%
c - 41.64 119 159 0 53 27444 10 254397 45685 1.4 20 14 7 19 28% 7485 632288 6713 10%
c - 42.26 122 158 0 54 28410 11 261677 47102 1.4 20 14 7 19 28% 7493 632288 6713 10%
c s 42.86 117 156 0 54 28966 11 268099 53202 1.4 20 14 7 19 28% 7553 631141 6713 10%
c e 42.93 136 156 0 54 28966 11 268099 53202 1.4 20 14 7 19 28% 6669 640780 5988 9%
c 2 42.93 136 156 0 54 28966 11 268099 53202 1.4 20 14 7 19 28% 6654 640780 5988 9%
c s 43.12 139 156 0 54 28966 11 268099 53202 1.4 20 14 7 19 28% 6739 637867 5988 9%
c e 43.15 139 156 0 54 28966 11 268099 53202 1.4 20 14 7 19 28% 6686 638489 5943 9%
c ! 43.15 139 156 0 54 28966 11 268099 53202 1.4 20 14 7 19 28% 6686 638489 5943 9%
c u 43.31 122 157 0 54 28966 11 268351 47857 1.4 20 14 7 19 28% 6679 638489 5943 9%
c v 43.41 124 157 0 54 28966 11 268351 47696 1.4 20 14 7 19 28% 6679 638489 5943 9%
c w 43.46 125 157 0 54 28966 11 268351 47688 1.4 20 14 7 19 28% 6679 638489 5943 9%
c t 43.53 136 157 0 54 28966 11 268351 47688 1.4 20 14 7 19 28% 6582 638489 5943 9%
c f 43.58 136 157 0 54 28966 11 268351 47688 1.4 20 14 7 19 28% 6709 636589 6033 9%
c u 43.70 167 157 0 54 28966 11 268351 47307 1.4 20 14 7 19 28% 6721 636589 6033 9%
c v 43.80 169 157 0 54 28966 11 268351 47159 1.4 20 14 7 19 28% 6721 636589 6033 9%
c w 43.84 170 157 0 54 28966 11 268351 47147 1.4 20 14 7 19 28% 6721 636589 6033 9%
c t 43.85 170 157 0 54 28966 11 268351 47147 1.4 20 14 7 19 28% 6719 636589 6033 9%
c
c seconds    switched      rate          size/glue  tier1     binary        remaining
c         MB   reductions    conflicts         size   tier2      irredundant
c           level   restarts        redundant     glue    trail         variables
c
c - 43.97 172 156 0 55 29089 11 269025 43438 1.4 20 14 7 19 28% 6719 636589 6033 9%
c - 44.57 203 155 0 56 30137 11 276442 45071 1.4 20 15 7 19 28% 6728 636588 6033 9%
c - 45.09 158 154 0 57 30885 11 283925 46760 1.4 20 14 7 19 28% 6736 636586 6033 9%
c o 45.73 237 154 0 57 31868 11 291166 53732 1.4 20 15 7 19 28% 6743 636585 6033 9%
c - 45.78 225 154 0 58 31887 11 291474 48075 1.4 20 15 7 19 28% 6745 636585 6033 9%
c - 46.35 198 157 0 59 32618 11 299091 49174 1.4 20 15 7 19 28% 6753 636583 6033 9%
c - 47.08 142 155 0 60 33694 11 306773 49540 1.4 20 15 7 20 28% 6756 636583 6033 9%
c - 47.63 127 153 0 61 34310 11 314520 50901 1.4 20 15 7 19 28% 6757 636583 6033 9%
c d 47.86 130 153 0 61 34582 11 317109 53389 1.4 20 15 7 19 28% 6755 636576 6029 9%
c b 47.87 130 153 0 61 34582 11 317109 53389 1.4 20 15 7 19 28% 6755 636576 6024 9%
c u 47.98 137 153 0 61 34582 11 317109 53095 1.4 20 15 7 19 28% 6755 636576 6024 9%
c v 48.08 139 153 0 61 34582 11 317109 52968 1.4 20 15 7 19 28% 6755 636576 6024 9%
c w 48.13 139 153 0 61 34582 11 317109 52961 1.4 20 15 7 19 28% 6755 636576 6024 9%
c = 48.85 155 153 0 61 34582 11 317109 52961 1.4 20 15 7 19 28% 6779 636522 6023 9%
c d 48.86 155 153 0 61 34582 11 317109 52960 1.4 20 15 7 19 28% 6776 636522 6023 9%
c t 48.87 155 153 0 61 34582 11 317109 52960 1.4 20 15 7 19 28% 6758 636522 6023 9%
c f 48.88 155 153 0 61 34582 11 317109 52960 1.4 20 15 7 19 28% 6759 636503 6024 9%
c u 49.06 201 153 0 61 34582 11 317109 52534 1.4 20 15 7 19 28% 6769 636503 6024 9%
c v 49.20 204 153 0 61 34582 11 317109 52308 1.4 20 15 7 19 28% 6769 636503 6024 9%
c w 49.26 205 153 0 61 34582 11 317109 52303 1.4 20 15 7 19 28% 6769 636503 6024 9%
c
c seconds    switched      rate          size/glue  tier1     binary        remaining
c         MB   reductions    conflicts         size   tier2      irredundant
c           level   restarts        redundant     glue    trail         variables
c
c t 49.98 215 153 0 61 34582 11 317109 52303 1.4 20 15 7 19 28% 6751 636503 6024 9%
c - 50.42 176 152 0 62 35314 11 322331 51309 1.4 20 15 7 19 28% 6753 636503 6024 9%
c - 50.96 167 149 0 63 35893 11 330205 47726 1.4 20 14 6 19 27% 6760 636500 6024 9%
c - 51.31 139 148 0 64 36228 11 338142 48509 1.4 19 14 6 19 27% 6770 636498 6024 9%
c - 51.61 143 151 0 65 36568 11 346142 50612 1.4 19 14 6 19 27% 6778 636497 6024 9%
c - 51.79 139 142 0 66 36625 10 354205 54304 1.4 18 13 6 19 25% 6783 636496 6024 9%
c - 51.89 141 133 0 67 36625 10 362330 58367 1.4 18 13 6 19 24% 6783 636496 6024 9%
c d 52.17 140 129 0 67 36836 9 370365 65835 1.4 17 12 6 19 23% 6795 636493 6023 9%
c b 52.18 140 129 0 67 36836 9 370365 65835 1.4 17 12 6 19 23% 6795 636493 6022 9%
c u 52.27 143 129 0 67 36836 9 370365 65561 1.4 17 12 6 19 23% 6793 636493 6022 9%
c v 52.35 144 129 0 67 36836 9 370365 65424 1.4 17 12 6 19 23% 6793 636493 6022 9%
c w 52.39 145 129 0 67 36836 9 370365 65415 1.4 17 12 6 19 23% 6793 636493 6022 9%
c t 52.41 145 129 0 67 36836 9 370365 65415 1.4 17 12 6 19 23% 6782 636484 6022 9%
c u 52.52 145 129 0 67 36836 9 370365 65150 1.4 17 12 6 19 23% 6783 636484 6022 9%
c v 52.60 145 129 0 67 36836 9 370365 65001 1.4 17 12 6 19 23% 6783 636484 6022 9%
c w 52.64 146 129 0 67 36836 9 370365 65000 1.4 17 12 6 19 23% 6783 636484 6022 9%
c - 53.06 133 129 0 68 36836 9 370515 61739 1.4 17 12 6 18 23% 6778 636484 6022 9%
c o 53.15 138 125 0 68 36837 9 374980 65877 1.4 17 12 6 18 23% 6782 636484 6022 9%
c - 53.37 137 124 0 69 37099 9 378762 66142 1.4 17 12 6 18 22% 6790 636483 6022 9%
c 2 53.68 145 121 0 69 37695 9 384067 71107 1.4 17 12 6 18 22% 6791 636483 6019 9%
c
c seconds    switched     rate          size/glue  tier1     binary        remaining
c         MB   reductions   conflicts         size   tier2      irredundant
c           level   restarts       redundant     glue    trail         variables
c
c s 53.88 147 121 0 69 37695 9 384067 71107 1.4 17 12 6 18 22% 6809 635146 6019 9%
c e 53.91 158 121 0 69 37695 9 384067 71107 1.4 17 12 6 18 22% 6707 636096 5950 9%
c 2 53.91 158 121 0 69 37695 9 384067 71107 1.4 17 12 6 18 22% 6706 636096 5950 9%
c s 54.11 158 121 0 69 37695 9 384067 71107 1.4 17 12 6 18 22% 6713 635675 5950 9%
c e 54.13 158 121 0 69 37695 9 384067 71107 1.4 17 12 6 18 22% 6708 635739 5946 9%
c - 54.21 140 124 0 70 37699 9 387070 69131 1.4 17 12 6 18 22% 6706 635739 5946 9%
c - 54.77 146 125 0 71 38447 9 395436 71893 1.4 17 12 6 18 22% 6711 635738 5946 9%
c - 55.69 121 123 0 72 39925 10 403862 73266 1.4 17 12 6 18 23% 6723 635735 5946 9%
c - 56.26 119 129 0 73 40580 10 412348 75622 1.4 17 12 6 18 23% 6728 635734 5946 9%
c - 56.55 120 121 0 74 40986 9 420892 79080 1.4 17 12 6 18 22% 6728 635734 5946 9%
c d 56.96 121 116 0 74 41640 9 428203 85278 1.4 17 12 6 18 22% 6734 635722 5944 9%
c b 56.98 121 116 0 74 41640 9 428203 85278 1.4 17 12 6 18 22% 6734 635722 5937 9%
c u 57.09 124 116 0 74 41640 9 428203 83977 1.4 17 12 6 18 22% 6749 635722 5937 9%
c v 57.21 126 116 0 74 41640 9 428203 83784 1.4 17 12 6 18 22% 6749 635722 5937 9%
c w 57.26 127 116 0 74 41640 9 428203 83779 1.4 17 12 6 18 22% 6749 635722 5937 9%
c t 57.28 127 116 0 74 41640 9 428203 83779 1.4 17 12 6 18 22% 6743 635620 5937 9%
c f 57.30 127 116 0 74 41640 9 428203 83779 1.4 17 12 6 18 22% 6755 635314 5952 9%
c u 57.44 157 116 0 74 41640 9 428203 82870 1.4 17 12 6 18 22% 6757 635314 5952 9%
c v 57.57 154 116 0 74 41640 9 428203 81972 1.4 17 12 6 18 22% 6757 635314 5952 9%
c w 57.62 156 116 0 74 41640 9 428203 81966 1.4 17 12 6 18 22% 6757 635314 5952 9%
c
c seconds    switched     rate          size/glue  tier1     binary        remaining
c         MB   reductions   conflicts         size   tier2      irredundant
c           level   restarts       redundant     glue    trail         variables
c
c - 57.73 160 116 0 75 41677 9 429495 78511 1.4 17 12 6 17 22% 6714 635314 5952 9%
c - 58.39 248 114 0 76 42543 9 438155 80928 1.4 17 12 6 17 21% 6721 635313 5952 9%
c i 58.50 285 113 0 76 42657 9 439921 82425 1.4 17 12 6 17 21% 6734 635313 5951 9%
c - 58.79 361 114 0 77 42826 9 446872 76592 1.4 17 12 5 17 21% 6720 635313 5951 9%
c - 58.97 325 121 0 78 42916 9 455647 77979 1.4 16 11 5 17 21% 6726 635312 5951 9%
c i 59.21 337 114 0 78 43102 8 463222 84941 1.4 16 11 5 17 20% 6737 635310 5871 9%
c - 59.30 343 115 0 79 43141 8 464478 71247 1.4 16 11 5 17 20% 6761 635308 5871 9%
c o 59.38 352 115 0 79 43254 8 464987 71740 1.4 16 11 5 17 21% 6761 635308 5871 9%
c - 60.05 345 113 0 80 44505 9 473366 72945 1.4 16 11 5 17 20% 6769 635306 5871 9%
c i 60.20 362 109 0 80 44678 9 477969 77101 1.4 16 11 5 17 20% 6781 635306 5866 9%
c i 60.26 366 109 0 80 44742 9 478448 77532 1.4 16 11 5 17 20% 6787 635306 5862 9%
c - 60.33 367 106 0 81 44742 8 482310 67800 1.4 16 11 5 17 19% 6744 635305 5862 9%
c i 60.50 378 101 0 81 44833 8 489208 73822 1.4 15 11 5 17 19% 6763 635303 5844 9%
c d 60.63 386 102 0 81 44935 8 490666 68909 1.4 15 11 5 17 19% 6890 621132 5843 9%
c b 60.64 386 102 0 81 44935 8 490666 68909 1.4 15 11 5 17 19% 6890 621132 5828 9%
c u 60.74 392 102 0 81 44935 8 490666 68446 1.4 15 11 5 17 19% 6737 621132 5828 9%
c v 60.85 394 102 0 81 44935 8 490666 68206 1.4 15 11 5 17 19% 6737 621132 5824 9%
c w 60.89 395 102 0 81 44935 8 490666 68201 1.4 15 11 5 17 19% 6737 621132 5824 9%
c = 61.40 305 102 0 81 44935 8 490666 68201 1.4 15 11 5 17 19% 6745 620952 5820 9%
c d 61.41 305 102 0 81 44935 8 490666 68192 1.4 15 11 5 17 19% 6768 620918 5820 9%
c
c seconds    switched     rate          size/glue  tier1     binary        remaining
c         MB   reductions   conflicts         size   tier2      irredundant
c           level   restarts       redundant     glue    trail         variables
c
c d 61.41 305 102 0 81 44935 8 490666 68191 1.4 15 11 5 17 19% 6766 620914 5819 9%
c t 61.42 305 102 0 81 44935 8 490666 68191 1.4 15 11 5 17 19% 6718 620914 5819 9%
c b 61.42 305 102 0 81 44935 8 490666 68191 1.4 15 11 5 17 19% 6718 620914 5814 9%
c u 61.53 304 102 0 81 44935 8 490666 67914 1.4 15 11 5 17 19% 6726 620870 5814 9%
c v 61.61 305 102 0 81 44935 8 490666 67743 1.4 15 11 5 17 19% 6726 620870 5814 9%
c w 61.64 305 102 0 81 44935 8 490666 67732 1.4 15 11 5 17 19% 6726 620870 5814 9%
c x 61.72 319 102 0 81 44935 8 490666 67731 1.4 15 11 5 17 19% 6726 620796 5814 9%
c i 61.74 319 102 0 81 44935 8 490666 67731 1.4 15 11 5 17 19% 6726 620796 5814 9%
c - 61.76 319 101 0 82 44935 8 491310 65165 1.4 15 11 5 17 19% 6597 620796 5814 9%
c i 61.79 319 100 0 82 44942 8 493014 66562 1.4 15 11 5 17 19% 6609 620796 5805 9%
c i 61.95 325 98 0 82 45180 8 496420 69331 1.4 15 11 5 17 18% 6624 620795 5794 9%
c - 62.13 339 96 0 83 45303 8 500368 60448 1.4 15 10 5 16 18% 6565 620793 5794 9%
c i 62.13 339 96 0 83 45303 8 500384 60452 1.4 15 10 5 16 18% 6570 620793 5789 9%
c i 62.20 340 93 0 83 45305 8 505075 64653 1.4 14 10 5 16 18% 6582 620792 5783 9%
c i 62.26 339 92 0 83 45330 8 506727 66063 1.4 14 10 5 16 17% 6603 620792 5753 8%
c i 62.29 348 92 0 83 45365 8 507033 66313 1.4 14 10 5 16 17% 6617 620792 5740 8%
c i 62.29 348 92 0 83 45365 8 507085 66341 1.4 14 10 5 16 17% 6625 620792 5728 8%
c i 62.29 348 92 0 83 45365 8 507106 66350 1.4 14 10 5 16 17% 6632 620792 5713 8%
c i 62.29 348 92 0 83 45365 8 507140 66374 1.4 14 10 5 16 17% 6633 620792 5698 8%
c i 62.29 348 92 0 83 45365 8 507189 66409 1.4 14 10 5 16 17% 6636 620792 5679 8%
c
c seconds   switched     rate          size/glue  tier1     binary        remaining
c         MB  reductions   conflicts         size   tier2      irredundant
c          level   restarts       redundant     glue    trail         variables
c
c i 62.29 348 92 0 83 45365 8 507209 66413 1.4 14 10 5 16 17% 6642 620792 5663 8%
c i 62.29 348 92 0 83 45365 8 507211 66413 1.4 14 10 5 16 17% 6643 620792 5615 8%
c i 62.29 348 92 0 83 45365 8 507212 66413 1.4 14 10 5 16 17% 6643 620792 5595 8%
c } 62.29 348 92 0 83 45365 8 507214 66413 1.4 14 10 5 16 17% 6643 620792 5565 8%
c 0 62.29 348 92 0 83 45365 8 507214 66413 1.4 14 10 5 16 17% 6643 620792 5565 8%
c
c ---- [ result ] ------------------------------------------------------------
c
s UNSATISFIABLE
c
c ---- [ profiling ] ---------------------------------------------------------
c
c          33.03   53.02 %  search
c          33.03   53.02 %  focused
c          26.78   42.98 %  probe
c          25.39   40.76 %  simplify
c          10.58   16.98 %  congruence
c           8.13   13.05 %  sweep
c           6.20    9.95 %  vivify
c           3.72    5.97 %  preprocess
c           2.30    3.70 %  eliminate
c           1.73    2.77 %  subsume
c           1.19    1.91 %  substitute
c           0.58    0.93 %  factor
c           0.53    0.85 %  reduce
c           0.12    0.20 %  parse
c           0.07    0.11 %  transitive
c           0.03    0.05 %  backbone
c           0.03    0.05 %  lucky
c =============================================
c          62.30  100.00 %  total
c
c ---- [ statistics ] --------------------------------------------------------
c
c chronological:                         2032                0 %  conflicts
c conflicts:                           507214             8141.70 per second
c congruent:                             4682                7 %  variables
c decisions:                          4968464                9.80 per conflict
c eliminated:                           32672               48 %  variables
c factored:                               643                1 %  variables
c iterations:                              23                0 %  variables
c propagations:                     168021319          2697044    per second
c reductions:                              83             6111    interval
c reordered:                               10            50721    interval
c restarts:                             45365               11    interval
c strengthened:                         12562                0 %  checks
c substituted:                           6135                9 %  variables
c subsumed:                             17587                0 %  checks
c switched:                                 0                0    interval
c vivified:                             34540               32 %  checks
c
c ---- [ glue usage ] --------------------------------------------------------
c
c focused glue 5    used  73907 clauses 11.25% accumulated 54.73% tier1
c focused glue 6    used  47951 clauses  7.30% accumulated 62.03%
c focused glue 7-14 used 167157 clauses 25.45% accumulated 87.49%
c focused glue 15   used   9998 clauses  1.52% accumulated 89.01%
c focused glue 16   used   8582 clauses  1.31% accumulated 90.32% tier2
c
c ---- [ resources ] ---------------------------------------------------------
c
c maximum-resident-set-size:     533599354880 bytes     508880 MB
c process-time:                          1m 2s              62.30 seconds
c
c ---- [ shutting down ] -----------------------------------------------------
c
c exit 20
real 67.23
user 72.87
sys 1.24

solver_exit_code=20
