c ---- [ banner ] ------------------------------------------------------------
c
c Kissat SAT Solver
c 
c Copyright (c) 2021-2024 Armin Biere University of Freiburg
c Copyright (c) 2019-2021 Armin Biere Johannes Kepler University Linz
c 
c Version 4.0.4 8af8e56f174b778aef3aa45af9f739b2a5f492c2
c Apple clang version 21.0.0 (clang-2100.1.1.101) -W -Wall -O3 -DNDEBUG
c Sat Sep 5 13:52:00 PDT 2026 Darwin 842f5797331b 25.6.0 arm64
c
c ---- [ proving ] -----------------------------------------------------------
c
c opened and writing proof to compressed DRAT file:
c
c   .selection/project-8-ramsey-5-5/results/orbit-p3-c6/p3-c6-k2.drat.xz
c
c ---- [ parsing ] -----------------------------------------------------------
c
c opened and reading DIMACS file:
c
c   .selection/project-8-ramsey-5-5/results/orbit-p3-c6/p3-c6-k2.cnf
c
c parsed 'p cnf 67709 910918' header
c closing input after reading 33375328 bytes (32 MB)
c finished parsing after 0.12 seconds
c
c ---- [ options ] -----------------------------------------------------------
c
c --stable=0                       (different from default '1')
c
c ---- [ solving ] -----------------------------------------------------------
c
c seconds  switched rate     size/glue tier1   binary           remaining
c         MB reductions conflicts size  tier2      irredundant
c          level restarts redundant glue  trail            variables
c
c *  0.13 105 0 0 0  0 0   0   0 0.0 0 0 0 0 0% 102300 757865 44910 66%
c (  0.14 133 0 0 0  0 0   0   0 0.0 0 0 0 0 0% 102300 757865 44910 66%
c .  0.17 149 0 0 0  0 0   0   0 0.0 0 0 0 0 0% 89403 709647 44910 66%
c c  3.78 126 0 0 0  0 0   0   0 0.0 0 0 0 0 0% 89894 626332 42357 63%
c d  3.79 132 0 0 0  0 0   0   0 0.0 0 0 0 0 0% 84491 626332 42357 63%
c f  3.86 177 0 0 0  0 0   0   0 0.0 0 0 0 0 0% 84177 626332 42477 63%
c )  3.87 177 0 0 0  0 0   0   0 0.0 0 0 0 0 0% 84177 626332 42477 63%
c {  3.88 178 0 0 0  0 0   0   0 0.0 0 0 2 6 0% 84177 626332 42477 63%
c -  4.00 211 95 0 1 161 14 1000 644 1.4 20 15 9 20 25% 84182 626332 42477 63%
c -  4.13 222 123 0 2 255 14 2000 1109 1.4 19 13 7 18 28% 84207 626326 42477 63%
c i  4.19 250 122 0 2 334 15 2224 1321 1.4 19 13 7 18 27% 84214 626326 42472 63%
c c  8.51 167 137 0 2 401 14 2828 1878 1.4 19 13 7 18 28% 85473 625456 41601 61%
c d  8.53 169 137 0 2 401 14 2828 1878 1.4 19 13 7 18 28% 83450 625438 41598 61%
c d  8.53 169 137 0 2 401 14 2828 1878 1.4 19 13 7 18 28% 83418 625438 41582 61%
c b  8.54 169 137 0 2 401 14 2828 1878 1.4 19 13 7 18 28% 83418 625438 41562 61%
c u  8.56 171 137 0 2 401 14 2828 1861 1.4 19 13 7 18 28% 82418 625438 41562 61%
c v  8.58 172 137 0 2 401 14 2828 1852 1.4 19 13 7 18 28% 82418 625438 41562 61%
c w  8.59 173 137 0 2 401 14 2828 1852 1.4 19 13 7 18 28% 82418 625438 41562 61%
c x  8.61 176 137 0 2 401 14 2828 1852 1.4 19 13 7 18 28% 82595 625164 41402 61%
c d  8.62 176 137 0 2 401 14 2828 1852 1.4 19 13 7 18 28% 82269 625084 41230 61%
c
c seconds    switched   rate       size/glue  tier1     binary           remaining
c         MB  reductions conflicts       size   tier2       irredundant
c           level restarts    redundant     glue    trail           variables
c
c d  8.63 176 137 0 2 401 14 2828 1852 1.4 19 13 7 18 28% 82267 625084 41229 61%
c t  8.64 176 137 0 2 401 14 2828 1852 1.4 19 13 7 18 28% 82230 625084 41229 61%
c b  8.64 176 137 0 2 401 14 2828 1852 1.4 19 13 7 18 28% 82230 625084 41216 61%
c f  8.65 176 137 0 2 401 14 2828 1852 1.4 19 13 7 18 28% 82109 625084 41232 61%
c c 11.65 106 137 0 2 401 14 2828 1852 1.4 19 13 7 18 28% 82357 624646 40795 60%
c d 11.66 107 137 0 2 401 14 2828 1852 1.4 19 13 7 18 28% 81450 624634 40795 60%
c d 11.66 107 137 0 2 401 14 2828 1852 1.4 19 13 7 18 28% 81446 624634 40793 60%
c u 11.69 109 137 0 2 401 14 2828 1839 1.4 19 13 7 18 28% 80834 624634 40793 60%
c v 11.71 111 137 0 2 401 14 2828 1837 1.4 19 13 7 18 28% 80834 624634 40793 60%
c w 11.72 111 137 0 2 401 14 2828 1837 1.4 19 13 7 18 28% 80834 624634 40793 60%
c x 11.74 111 137 0 2 401 14 2828 1832 1.4 19 13 7 18 28% 80994 624389 40639 60%
c d 11.83 132 137 0 2 401 14 2828 1825 1.4 19 13 7 18 28% 80693 624310 40476 60%
c d 11.84 132 137 0 2 401 14 2828 1825 1.4 19 13 7 18 28% 80687 624310 40473 60%
c t 11.85 132 137 0 2 401 14 2828 1825 1.4 19 13 7 18 28% 80686 624310 40473 60%
c b 11.85 132 137 0 2 401 14 2828 1825 1.4 19 13 7 18 28% 80686 624310 40463 60%
c f 11.86 132 137 0 2 401 14 2828 1825 1.4 19 13 7 18 28% 80562 624310 40478 60%
c i 11.86 132 137 0 2 401 14 2828 1825 1.4 19 13 7 18 28% 80562 624310 40478 60%
c - 11.98 135 135 0 3 563 16 3414 1621 1.4 19 14 7 20 28% 80242 624297 40478 60%
c - 12.20 143 119 0 4 1021 18 5146 2467 1.4 20 15 9 22 27% 80252 624297 40478 60%
c - 12.40 154 149 0 5 1058 14 7146 3188 1.4 19 13 7 20 28% 80291 624278 40478 60%
c
c seconds    switched    rate       size/glue  tier1     binary           remaining
c         MB  reductions  conflicts       size   tier2       irredundant
c           level  restarts    redundant     glue    trail           variables
c
c i 12.43 156 145 0 5 1081 14 7592 3618 1.4 19 13 7 20 27% 80295 624277 40475 60%
c i 12.50 158 141 0 5 1205 15 8256 4231 1.4 19 13 7 20 27% 80299 624276 40471 60%
c i 12.52 159 144 0 5 1206 15 8432 4402 1.4 19 13 7 20 27% 80299 624276 40466 60%
c c 12.62 177 144 0 5 1230 15 8702 4658 1.4 19 13 7 20 27% 80904 623920 40097 59%
c d 12.64 180 144 0 5 1230 15 8702 4658 1.4 19 13 7 20 27% 80064 623903 40077 59%
c d 12.64 180 144 0 5 1230 15 8702 4658 1.4 19 13 7 20 27% 80046 623903 40068 59%
c b 12.65 180 144 0 5 1230 15 8702 4658 1.4 19 13 7 20 27% 80046 623903 40058 59%
c u 12.68 185 144 0 5 1230 15 8702 4616 1.4 19 13 7 20 27% 79476 623903 40058 59%
c v 12.70 186 144 0 5 1230 15 8702 4599 1.4 19 13 7 20 27% 79476 623903 40058 59%
c w 12.72 187 144 0 5 1230 15 8702 4598 1.4 19 13 7 20 27% 79476 623903 40058 59%
c x 12.74 187 144 0 5 1230 15 8702 4596 1.4 19 13 7 20 27% 79661 623620 39894 59%
c d 12.75 187 144 0 5 1230 15 8702 4595 1.4 19 13 7 20 27% 79316 623536 39708 59%
c d 12.76 187 144 0 5 1230 15 8702 4595 1.4 19 13 7 20 27% 79310 623536 39705 59%
c t 12.77 187 144 0 5 1230 15 8702 4595 1.4 19 13 7 20 27% 79239 623536 39705 59%
c b 12.77 187 144 0 5 1230 15 8702 4595 1.4 19 13 7 20 27% 79239 623536 39694 59%
c f 12.78 187 144 0 5 1230 15 8702 4595 1.4 19 13 7 20 27% 79108 623536 39713 59%
c c 12.86 188 144 0 5 1230 15 8702 4594 1.4 19 13 7 20 27% 79398 623175 39352 58%
c d 12.87 191 144 0 5 1230 15 8702 4593 1.4 19 13 7 20 27% 78565 623162 39342 58%
c u 12.91 191 144 0 5 1230 15 8702 4563 1.4 19 13 7 20 27% 77978 623162 39342 58%
c v 12.94 191 144 0 5 1230 15 8702 4549 1.4 19 13 7 20 27% 77978 623162 39342 58%
c
c seconds    switched    rate       size/glue  tier1     binary           remaining
c         MB  reductions  conflicts       size   tier2       irredundant
c           level  restarts    redundant     glue    trail           variables
c
c w 12.96 191 144 0 5 1230 15 8702 4549 1.4 19 13 7 20 27% 77978 623162 39342 58%
c x 12.98 191 144 0 5 1230 15 8702 4549 1.4 19 13 7 20 27% 78235 622764 39098 58%
c d 12.99 191 144 0 5 1230 15 8702 4539 1.4 19 13 7 20 27% 77757 622632 38832 57%
c d 13.00 191 144 0 5 1230 15 8702 4539 1.4 19 13 7 20 27% 77735 622632 38821 57%
c t 13.00 191 144 0 5 1230 15 8702 4539 1.4 19 13 7 20 27% 77730 622632 38821 57%
c b 13.01 191 144 0 5 1230 15 8702 4539 1.4 19 13 7 20 27% 77730 622632 38797 57%
c f 13.01 191 144 0 5 1230 15 8702 4539 1.4 19 13 7 20 27% 77530 622632 38818 57%
c i 13.02 191 144 0 5 1230 15 8702 4539 1.4 19 13 7 20 27% 77530 622632 38818 57%
c - 13.12 197 143 0 6 1366 15 9385 3855 1.4 19 14 7 20 27% 76969 622632 38818 57%
c i 13.14 197 142 0 6 1427 15 9609 4064 1.4 19 14 7 20 27% 76969 622632 38811 57%
c o 13.19 200 147 0 6 1428 15 10039 4456 1.4 19 13 7 20 28% 76990 622632 38811 57%
c i 13.38 205 140 0 6 1747 15 11721 6042 1.4 19 14 7 20 27% 77018 622626 38808 57%
c - 13.40 205 141 0 7 1749 15 11834 4585 1.4 19 14 7 20 27% 76995 622626 38808 57%
c 2 13.62 217 154 0 7 1900 14 14131 6805 1.4 19 13 7 20 28% 77009 622626 38807 57%
c s 13.69 131 154 0 7 1900 14 14131 6805 1.4 19 13 7 20 28% 77141 622479 38807 57%
c e 13.77 147 154 0 7 1900 14 14131 6805 1.4 19 13 7 20 28% 14222 629665 13173 19%
c 2 13.77 147 154 0 7 1900 14 14131 6805 1.4 19 13 7 20 28% 14179 629665 13173 19%
c s 13.83 149 154 0 7 1900 14 14131 6805 1.4 19 13 7 20 28% 14633 627601 13173 19%
c e 13.86 149 154 0 7 1900 14 14131 6805 1.4 19 13 7 20 28% 13979 627979 12846 19%
c ^ 13.86 149 154 0 7 1900 14 14131 6805 1.4 19 13 7 20 28% 13979 627979 12846 19%
c
c seconds    switched    rate        size/glue  tier1     binary           remaining
c         MB  reductions   conflicts       size   tier2       irredundant
c           level  restarts     redundant     glue    trail           variables
c
c - 13.93 149 152 0 8 1974 14 14481 3377 1.4 19 13 6 19 28% 13982 627976 12846 19%
c - 14.17 152 161 0 9 2460 15 17309 4544 1.4 19 14 7 20 29% 14006 627969 12846 19%
c c 14.26 170 160 0 9 2538 15 17816 5031 1.4 19 14 7 20 29% 14170 627900 12825 19%
c d 14.27 173 160 0 9 2538 15 17816 5031 1.4 19 14 7 20 29% 14121 627890 12821 19%
c d 14.28 173 160 0 9 2538 15 17816 5031 1.4 19 14 7 20 29% 14117 627885 12819 19%
c u 14.32 173 160 0 9 2538 15 17816 5001 1.4 19 14 7 20 29% 14090 627885 12819 19%
c v 14.35 173 160 0 9 2538 15 17816 4940 1.4 19 14 7 20 29% 14090 627885 12819 19%
c w 14.37 173 160 0 9 2538 15 17816 4937 1.4 19 14 7 20 29% 14090 627885 12819 19%
c x 14.40 177 160 0 9 2538 15 17816 4937 1.4 19 14 7 20 29% 14094 627872 12795 19%
c = 14.59 193 160 0 9 2538 15 17816 4937 1.4 19 14 7 20 29% 14119 627805 12783 19%
c d 14.60 193 160 0 9 2538 15 17816 4929 1.4 19 14 7 20 29% 14141 627741 12783 19%
c t 14.62 193 160 0 9 2538 15 17816 4929 1.4 19 14 7 20 29% 13838 627741 12783 19%
c b 14.62 193 160 0 9 2538 15 17816 4929 1.4 19 14 7 20 29% 13838 627741 12781 19%
c f 14.64 193 160 0 9 2538 15 17816 4929 1.4 19 14 7 20 29% 13903 627398 12879 19%
c c 14.70 194 160 0 9 2538 15 17816 4929 1.4 19 14 7 20 29% 13868 627384 12878 19%
c d 14.70 197 160 0 9 2538 15 17816 4929 1.4 19 14 7 20 29% 13873 627377 12878 19%
c u 14.76 204 160 0 9 2538 15 17816 4893 1.4 19 14 7 20 29% 13873 627377 12878 19%
c v 14.80 206 160 0 9 2538 15 17816 4860 1.4 19 14 7 20 29% 13873 627377 12878 19%
c w 14.82 206 160 0 9 2538 15 17816 4857 1.4 19 14 7 20 29% 13873 627377 12878 19%
c t 14.84 206 160 0 9 2538 15 17816 4857 1.4 19 14 7 20 29% 13817 627377 12878 19%
c
c seconds    switched    rate        size/glue  tier1     binary           remaining
c         MB  reductions   conflicts       size   tier2       irredundant
c           level  restarts     redundant     glue    trail           variables
c
c i 14.85 206 160 0 9 2538 15 17816 4857 1.4 19 14 7 20 29% 13817 627377 12878 19%
c - 15.01 212 167 0 10 2787 14 20310 5548 1.4 19 14 7 20 29% 13826 627374 12878 19%
c o 15.03 213 170 0 10 2788 14 20980 6093 1.4 19 14 7 20 30% 13826 627374 12878 19%
c - 15.15 216 185 0 11 2883 13 23472 6439 1.4 18 13 6 19 31% 13833 627372 12878 19%
c - 15.39 213 188 0 12 3231 13 26788 7471 1.4 18 13 6 18 31% 13849 627371 12878 19%
c s 15.57 219 187 0 12 3471 13 28099 8737 1.4 18 13 6 18 31% 13895 626304 12878 19%
c e 15.61 234 187 0 12 3471 13 28099 8737 1.4 18 13 6 18 31% 11119 631385 10274 15%
c 2 15.61 234 187 0 12 3471 13 28099 8737 1.4 18 13 6 18 31% 11115 631385 10274 15%
c s 15.66 234 187 0 12 3471 13 28099 8737 1.4 18 13 6 18 31% 11276 630682 10274 15%
c e 15.68 234 187 0 12 3471 13 28099 8737 1.4 18 13 6 18 31% 11162 630833 10209 15%
c ^ 15.68 234 187 0 12 3471 13 28099 8737 1.4 18 13 6 18 31% 11162 630833 10209 15%
c d 15.89 190 185 0 12 3873 13 30246 9808 1.4 18 13 6 18 31% 11161 630828 10205 15%
c u 15.93 191 185 0 12 3873 13 30246 9753 1.4 18 13 6 18 31% 11152 630828 10205 15%
c v 15.97 191 185 0 12 3873 13 30246 9726 1.4 18 13 6 18 31% 11152 630828 10205 15%
c w 15.99 191 185 0 12 3873 13 30246 9726 1.4 18 13 6 18 31% 11152 630828 10205 15%
c = 16.19 202 185 0 12 3873 13 30246 9726 1.4 18 13 6 18 31% 11183 630794 10191 15%
c d 16.20 202 185 0 12 3873 13 30246 9722 1.4 18 13 6 18 31% 11143 630794 10191 15%
c t 16.21 202 185 0 12 3873 13 30246 9722 1.4 18 13 6 18 31% 11011 630794 10191 15%
c f 16.24 202 185 0 12 3873 13 30246 9722 1.4 18 13 6 18 31% 11078 630530 10248 15%
c c 16.30 215 185 0 12 3873 13 30246 9722 1.4 18 13 6 18 31% 11188 630527 10246 15%
c
c seconds    switched     rate        size/glue  tier1     binary           remaining
c         MB   reductions   conflicts       size   tier2       irredundant
c           level   restarts     redundant     glue    trail           variables
c
c d 16.30 218 185 0 12 3873 13 30246 9722 1.4 18 13 6 18 31% 11187 630526 10246 15%
c u 16.36 226 185 0 12 3873 13 30246 9646 1.4 18 13 6 18 31% 11187 630526 10246 15%
c v 16.40 227 185 0 12 3873 13 30246 9611 1.4 18 13 6 18 31% 11187 630526 10246 15%
c w 16.42 228 185 0 12 3873 13 30246 9611 1.4 18 13 6 18 31% 11187 630526 10246 15%
c = 16.60 230 185 0 12 3873 13 30246 9611 1.4 18 13 6 18 31% 11347 630346 10168 15%
c d 16.61 230 185 0 12 3873 13 30246 9606 1.4 18 13 6 18 31% 11130 630346 10168 15%
c t 16.62 230 185 0 12 3873 13 30246 9606 1.4 18 13 6 18 31% 11074 630346 10168 15%
c f 16.63 230 185 0 12 3873 13 30246 9606 1.4 18 13 6 18 31% 11076 630334 10171 15%
c - 16.67 230 185 0 13 3873 13 30252 7290 1.4 18 13 6 19 31% 11076 630334 10171 15%
c - 16.98 171 190 0 14 4373 13 33857 8212 1.4 18 13 6 19 31% 11093 630331 10171 15%
c - 17.34 205 182 0 15 5182 14 37598 9778 1.4 19 14 7 19 31% 11113 630329 10171 15%
c o 17.56 244 180 0 15 5560 14 40981 13030 1.4 19 13 7 19 30% 11122 630329 10171 15%
c - 17.63 249 180 0 16 5652 14 41470 10207 1.4 19 13 6 19 30% 11127 630329 10171 15%
c - 17.97 259 179 0 17 6291 14 45473 10903 1.4 19 14 6 19 30% 11143 630328 10171 15%
c d 18.06 292 178 0 17 6412 14 46251 11639 1.4 19 14 6 19 30% 11133 630314 10164 15%
c b 18.07 292 178 0 17 6412 14 46251 11639 1.4 19 14 6 19 30% 11133 630314 10160 15%
c u 18.13 295 178 0 17 6412 14 46251 11523 1.4 19 14 6 19 30% 11132 630314 10160 15%
c v 18.18 296 178 0 17 6412 14 46251 11459 1.4 19 14 6 19 30% 11132 630314 10160 15%
c w 18.21 296 178 0 17 6412 14 46251 11457 1.4 19 14 6 19 30% 11132 630314 10160 15%
c = 18.46 309 178 0 17 6412 14 46251 11457 1.4 19 14 6 19 30% 11419 629929 10024 15%
c
c seconds    switched     rate         size/glue  tier1     binary           remaining
c         MB   reductions   conflicts        size   tier2       irredundant
c           level   restarts      redundant     glue    trail           variables
c
c d 18.47 309 178 0 17 6412 14 46251 11441 1.4 19 14 6 19 30% 11059 629917 10024 15%
c t 18.49 309 178 0 17 6412 14 46251 11441 1.4 19 14 6 19 30% 10970 629917 10024 15%
c f 18.49 309 178 0 17 6412 14 46251 11441 1.4 19 14 6 19 30% 10973 629907 10026 15%
c u 18.56 329 178 0 17 6412 14 46251 11375 1.4 19 14 6 19 30% 10973 629907 10026 15%
c v 18.60 329 178 0 17 6412 14 46251 11310 1.4 19 14 6 19 30% 10973 629907 10026 15%
c w 18.62 329 178 0 17 6412 14 46251 11306 1.4 19 14 6 19 30% 10973 629907 10026 15%
c = 18.92 253 178 0 17 6412 14 46251 11306 1.4 19 14 6 19 30% 11462 629280 9798 14%
c d 18.93 253 178 0 17 6412 14 46251 11283 1.4 19 14 6 19 30% 10830 629280 9798 14%
c t 18.95 253 178 0 17 6412 14 46251 11283 1.4 19 14 6 19 30% 10724 629280 9798 14%
c f 18.95 253 178 0 17 6412 14 46251 11283 1.4 19 14 6 19 30% 10728 629260 9803 14%
c - 19.27 289 173 0 18 7164 14 49597 11207 1.4 19 14 6 19 30% 10732 629258 9803 14%
c - 19.60 292 169 0 19 7990 14 53839 13062 1.4 19 14 7 20 29% 10738 629257 9803 14%
c - 19.96 184 167 0 20 8777 15 58198 14272 1.4 19 14 7 20 29% 10741 629255 9803 14%
c s 20.07 188 167 0 20 8830 15 58380 14450 1.4 19 14 7 20 29% 10833 625992 9803 14%
c e 20.11 190 167 0 20 8830 15 58380 14450 1.4 19 14 7 20 29% 9475 629568 8531 13%
c 2 20.11 190 167 0 20 8830 15 58380 14450 1.4 19 14 7 20 29% 9463 629568 8531 13%
c s 20.20 190 167 0 20 8830 15 58380 14450 1.4 19 14 7 20 29% 9540 627440 8531 13%
c e 20.23 190 167 0 20 8830 15 58380 14450 1.4 19 14 7 20 29% 9497 627527 8503 13%
c ^ 20.23 190 167 0 20 8830 15 58380 14450 1.4 19 14 7 20 29% 9497 627527 8503 13%
c - 20.48 192 162 0 21 9287 14 62670 14224 1.4 19 14 7 20 29% 9507 627527 8503 13%
c
c seconds    switched     rate         size/glue  tier1     binary         remaining
c         MB   reductions   conflicts        size   tier2      irredundant
c           level   restarts      redundant     glue    trail         variables
c
c c 20.68 226 158 0 21 9535 14 65941 17214 1.4 19 14 7 20 28% 9536 627509 8499 13%
c d 20.69 229 158 0 21 9535 14 65941 17213 1.4 19 14 7 20 28% 9527 627504 8498 13%
c u 20.76 231 158 0 21 9535 14 65941 16926 1.4 19 14 7 20 28% 9531 627504 8498 13%
c v 20.82 233 158 0 21 9535 14 65941 16617 1.4 19 14 7 20 28% 9531 627504 8498 13%
c w 20.85 233 158 0 21 9535 14 65941 16617 1.4 19 14 7 20 28% 9531 627504 8498 13%
c = 20.91 245 158 0 21 9535 14 65941 16617 1.4 19 14 7 20 28% 9574 627448 8477 13%
c d 20.92 245 158 0 21 9535 14 65941 16616 1.4 19 14 7 20 28% 9518 627448 8477 13%
c t 20.93 245 158 0 21 9535 14 65941 16616 1.4 19 14 7 20 28% 9376 627448 8477 13%
c b 20.93 245 158 0 21 9535 14 65941 16616 1.4 19 14 7 20 28% 9376 627448 8472 13%
c f 20.96 142 158 0 21 9535 14 65941 16616 1.4 19 14 7 20 28% 9625 626090 8640 13%
c u 21.04 158 158 0 21 9535 14 65941 16420 1.4 19 14 7 20 28% 9632 626048 8640 13%
c v 21.10 158 158 0 21 9535 14 65941 16344 1.4 19 14 7 20 28% 9632 626048 8640 13%
c w 21.12 158 158 0 21 9535 14 65941 16340 1.4 19 14 7 20 28% 9632 626048 8640 13%
c = 21.43 201 158 0 21 9535 14 65941 16340 1.4 19 14 7 20 28% 9644 626039 8634 13%
c d 21.43 201 158 0 21 9535 14 65941 16339 1.4 19 14 7 20 28% 9629 626039 8634 13%
c t 21.45 201 158 0 21 9535 14 65941 16339 1.4 19 14 7 20 28% 9626 626039 8634 13%
c f 21.45 201 158 0 21 9535 14 65941 16339 1.4 19 14 7 20 28% 9628 626032 8635 13%
c - 21.58 208 157 0 22 9824 14 67253 15270 1.4 19 14 7 19 28% 9626 626031 8635 13%
c - 21.71 197 161 0 23 9869 13 71945 16184 1.4 18 13 6 19 27% 9643 626031 8635 13%
c o 21.75 199 161 0 23 9870 13 73063 17265 1.4 18 13 6 19 27% 9643 626031 8635 13%
c
c seconds    switched      rate         size/glue  tier1     binary         remaining
c         MB   reductions    conflicts        size   tier2      irredundant
c           level   restarts       redundant     glue    trail         variables
c
c - 22.07 181 160 0 24 10416 13 76741 17455 1.4 18 13 6 19 27% 9654 626030 8635 13%
c - 22.41 197 155 0 25 11048 13 81639 18547 1.4 18 13 6 19 27% 9664 626030 8635 13%
c - 22.85 225 154 0 26 11783 13 86639 19469 1.4 18 14 6 19 27% 9678 626028 8635 13%
c d 23.09 174 154 0 26 12199 13 89438 22124 1.4 19 14 6 19 27% 9670 626010 8626 13%
c b 23.10 175 154 0 26 12199 13 89438 22124 1.4 19 14 6 19 27% 9670 626010 8621 13%
c u 23.16 178 154 0 26 12199 13 89438 21983 1.4 19 14 6 19 27% 9670 626010 8621 13%
c v 23.23 179 154 0 26 12199 13 89438 21869 1.4 19 14 6 19 27% 9670 626010 8621 13%
c w 23.26 179 154 0 26 12199 13 89438 21867 1.4 19 14 6 19 27% 9670 626010 8621 13%
c = 23.57 195 154 0 26 12199 13 89438 21867 1.4 19 14 6 19 27% 9682 625964 8615 13%
c d 23.58 195 154 0 26 12199 13 89438 21864 1.4 19 14 6 19 27% 9680 625951 8615 13%
c t 23.59 195 154 0 26 12199 13 89438 21864 1.4 19 14 6 19 27% 9660 625951 8615 13%
c u 23.66 195 154 0 26 12199 13 89438 21784 1.4 19 14 6 19 27% 9660 625951 8615 13%
c v 23.71 195 154 0 26 12199 13 89438 21721 1.4 19 14 6 19 27% 9660 625951 8615 13%
c w 23.73 195 154 0 26 12199 13 89438 21719 1.4 19 14 6 19 27% 9660 625951 8615 13%
c = 24.08 198 154 0 26 12199 13 89438 21719 1.4 19 14 6 19 27% 9666 625944 8612 13%
c d 24.09 134 154 0 26 12199 13 89438 21719 1.4 19 14 6 19 27% 9658 625944 8612 13%
c t 24.10 134 154 0 26 12199 13 89438 21719 1.4 19 14 6 19 27% 9657 625944 8612 13%
c - 24.31 137 155 0 27 12480 13 91738 20053 1.4 19 14 6 19 27% 9640 625944 8612 13%
c - 24.59 155 157 0 28 12787 13 96934 21438 1.4 18 14 6 19 27% 9653 625944 8612 13%
c - 24.98 182 156 0 29 13458 13 102228 22704 1.4 19 14 6 19 27% 9660 625944 8612 13%
c
c seconds    switched      rate          size/glue  tier1     binary         remaining
c         MB   reductions    conflicts         size   tier2      irredundant
c           level   restarts        redundant     glue    trail         variables
c
c s 25.41 203 154 0 29 13863 13 107110 27316 1.4 19 14 6 19 27% 9717 625415 8612 13%
c e 25.46 218 154 0 29 13863 13 107110 27316 1.4 19 14 6 19 27% 8673 629702 7686 11%
c 2 25.46 218 154 0 29 13863 13 107110 27316 1.4 19 14 6 19 27% 8663 629702 7686 11%
c s 25.57 220 154 0 29 13863 13 107110 27316 1.4 19 14 6 19 27% 8729 628761 7686 11%
c e 25.59 220 154 0 29 13863 13 107110 27316 1.4 19 14 6 19 27% 8673 628927 7653 11%
c ^ 25.59 220 154 0 29 13863 13 107110 27316 1.4 19 14 6 19 27% 8673 628927 7653 11%
c - 25.67 220 156 0 30 13863 12 107614 22374 1.4 19 14 6 19 27% 8674 628927 7653 11%
c o 26.03 239 158 0 30 14329 12 113069 27594 1.4 19 13 6 19 27% 8685 628925 7653 11%
c - 26.04 240 158 0 31 14333 12 113091 24172 1.4 19 13 6 19 27% 8685 628925 7653 11%
c c 26.46 234 156 0 31 15023 13 116897 27887 1.4 19 14 6 19 27% 8721 628919 7652 11%
c d 26.47 234 156 0 31 15023 13 116897 27887 1.4 19 14 6 19 27% 8716 628916 7650 11%
c b 26.48 234 156 0 31 15023 13 116897 27887 1.4 19 14 6 19 27% 8716 628916 7647 11%
c u 26.56 242 156 0 31 15023 13 116897 27684 1.4 19 14 6 19 27% 8716 628916 7647 11%
c v 26.64 244 156 0 31 15023 13 116897 27562 1.4 19 14 6 19 27% 8716 628916 7647 11%
c w 26.67 245 156 0 31 15023 13 116897 27560 1.4 19 14 6 19 27% 8716 628916 7647 11%
c = 27.05 260 156 0 31 15023 13 116897 27560 1.4 19 14 6 19 27% 8726 628888 7642 11%
c d 27.06 260 156 0 31 15023 13 116897 27559 1.4 19 14 6 19 27% 8722 628878 7642 11%
c t 27.07 260 156 0 31 15023 13 116897 27559 1.4 19 14 6 19 27% 8623 628878 7642 11%
c f 27.10 260 156 0 31 15023 13 116897 27559 1.4 19 14 6 19 27% 8657 628597 7665 11%
c u 27.20 284 156 0 31 15023 13 116897 27392 1.4 19 14 6 19 27% 8657 628597 7665 11%
c
c seconds    switched      rate          size/glue  tier1     binary         remaining
c         MB   reductions    conflicts         size   tier2      irredundant
c           level   restarts        redundant     glue    trail         variables
c
c v 27.28 286 156 0 31 15023 13 116897 27292 1.4 19 14 6 19 27% 8657 628597 7665 11%
c w 27.31 286 156 0 31 15023 13 116897 27289 1.4 19 14 6 19 27% 8657 628597 7665 11%
c = 27.68 223 156 0 31 15023 13 116897 27289 1.4 19 14 6 19 27% 8719 628513 7634 11%
c d 27.69 223 156 0 31 15023 13 116897 27282 1.4 19 14 6 19 27% 8636 628513 7634 11%
c t 27.71 223 156 0 31 15023 13 116897 27282 1.4 19 14 6 19 27% 8628 628513 7634 11%
c - 27.87 230 155 0 32 15323 13 118658 25040 1.4 19 14 6 19 27% 8617 628512 7634 11%
c - 28.23 251 152 0 33 15843 12 124315 26735 1.4 19 14 6 19 27% 8632 628511 7634 11%
c - 28.71 201 152 0 34 16518 12 130059 28020 1.4 19 14 6 19 27% 8638 628511 7634 11%
c - 29.19 232 153 0 35 17307 13 135891 29110 1.4 19 14 6 19 27% 8653 628511 7634 11%
c - 29.68 235 154 0 36 18056 13 141807 29979 1.4 19 14 6 19 27% 8656 628511 7634 11%
c - 29.82 246 161 0 37 18172 12 147808 31826 1.4 19 14 6 18 27% 8657 628511 7634 11%
c d 29.87 248 162 0 37 18225 12 148409 32392 1.4 18 13 6 18 27% 8652 628497 7629 11%
c u 29.97 255 162 0 37 18225 12 148409 32174 1.4 18 13 6 18 27% 8654 628497 7629 11%
c v 30.06 259 162 0 37 18225 12 148409 32099 1.4 18 13 6 18 27% 8653 628497 7629 11%
c w 30.09 259 162 0 37 18225 12 148409 32090 1.4 18 13 6 18 27% 8653 628497 7629 11%
c = 30.50 210 162 0 37 18225 12 148409 32090 1.4 18 13 6 18 27% 8692 628447 7610 11%
c d 30.51 210 162 0 37 18225 12 148409 32086 1.4 18 13 6 18 27% 8644 628447 7610 11%
c t 30.52 210 162 0 37 18225 12 148409 32086 1.4 18 13 6 18 27% 8616 628447 7610 11%
c u 30.63 210 162 0 37 18225 12 148409 31916 1.4 18 13 6 18 27% 8617 628447 7606 11%
c v 30.72 210 162 0 37 18225 12 148409 31833 1.4 18 13 6 18 27% 8617 628447 7606 11%
c
c seconds    switched      rate          size/glue  tier1     binary         remaining
c         MB   reductions    conflicts         size   tier2      irredundant
c           level   restarts        redundant     glue    trail         variables
c
c w 30.75 210 162 0 37 18225 12 148409 31819 1.4 18 13 6 18 27% 8617 628447 7606 11%
c = 31.14 225 162 0 37 18225 12 148409 31819 1.4 18 13 6 18 27% 8668 628358 7581 11%
c d 31.15 225 162 0 37 18225 12 148409 31807 1.4 18 13 6 18 27% 8615 628346 7581 11%
c t 31.16 225 162 0 37 18225 12 148409 31807 1.4 18 13 6 18 27% 8595 628346 7581 11%
c i 31.18 225 162 0 37 18225 12 148409 31807 1.4 18 13 6 18 27% 8595 628346 7581 11%
c - 31.66 168 158 0 38 19072 12 153890 32967 1.4 19 14 6 18 27% 8585 628345 7581 11%
c - 32.21 201 154 0 39 20046 12 160056 33720 1.4 19 14 6 19 27% 8593 628342 7581 11%
c o 32.33 209 150 0 39 20117 12 164213 37634 1.4 19 14 6 19 27% 8595 628341 7581 11%
c - 32.53 225 149 0 40 20495 12 166302 35061 1.4 19 14 6 18 27% 8599 628341 7581 11%
c - 33.08 223 149 0 41 21294 12 172626 35999 1.4 19 14 6 19 27% 8607 628340 7581 11%
c s 33.44 246 148 0 41 21579 12 176361 39522 1.4 19 14 6 19 26% 8670 627669 7581 11%
c e 33.48 264 148 0 41 21579 12 176361 39522 1.4 19 14 6 19 26% 7711 633373 6833 10%
c 2 33.48 264 148 0 41 21579 12 176361 39522 1.4 19 14 6 19 26% 7694 633373 6833 10%
c s 33.65 267 148 0 41 21579 12 176361 39522 1.4 19 14 6 19 26% 7761 631602 6833 10%
c e 33.67 267 148 0 41 21579 12 176361 39522 1.4 19 14 6 19 26% 7714 631863 6796 10%
c ^ 33.67 267 148 0 41 21579 12 176361 39522 1.4 19 14 6 19 26% 7714 631863 6796 10%
c - 33.92 192 150 0 42 21891 12 179029 33695 1.4 19 14 6 19 27% 7715 631863 6796 10%
c u 34.17 190 153 0 42 22013 12 184078 38373 1.4 18 14 6 19 26% 7709 631863 6796 10%
c v 34.24 192 153 0 42 22013 12 184078 38264 1.4 18 14 6 19 26% 7709 631863 6796 10%
c w 34.27 192 153 0 42 22013 12 184078 38252 1.4 18 14 6 19 26% 7709 631863 6796 10%
c
c seconds    switched      rate          size/glue  tier1     binary         remaining
c         MB   reductions    conflicts         size   tier2      irredundant
c           level   restarts        redundant     glue    trail         variables
c
c = 34.78 204 153 0 42 22013 12 184078 38252 1.4 18 14 6 19 26% 7761 631792 6771 10%
c d 34.79 204 153 0 42 22013 12 184078 38244 1.4 18 14 6 19 26% 7694 631792 6771 10%
c t 34.80 204 153 0 42 22013 12 184078 38244 1.4 18 14 6 19 26% 7597 631792 6771 10%
c f 34.83 204 153 0 42 22013 12 184078 38244 1.4 18 14 6 19 26% 7604 631675 6777 10%
c u 34.96 253 153 0 42 22013 12 184078 38029 1.4 18 14 6 19 26% 7633 631675 6777 10%
c v 35.05 255 153 0 42 22013 12 184078 37854 1.4 18 14 6 19 26% 7633 631675 6777 10%
c w 35.09 255 153 0 42 22013 12 184078 37850 1.4 18 14 6 19 26% 7633 631675 6777 10%
c = 35.56 199 153 0 42 22013 12 184078 37850 1.4 18 14 6 19 26% 7665 631637 6761 10%
c d 35.57 199 153 0 42 22013 12 184078 37848 1.4 18 14 6 19 26% 7620 631637 6761 10%
c t 35.58 199 153 0 42 22013 12 184078 37848 1.4 18 14 6 19 26% 7591 631637 6761 10%
c - 35.70 207 153 0 43 22086 12 185509 35592 1.4 18 13 6 18 26% 7596 631637 6761 10%
c - 35.92 192 154 0 44 22316 11 192067 38308 1.4 18 13 6 18 26% 7598 631637 6761 10%
c - 36.51 122 150 0 45 23481 12 198701 39506 1.4 18 13 6 18 26% 7604 631635 6761 10%
c - 37.12 121 147 0 46 24565 12 205409 40354 1.4 18 14 6 18 26% 7612 631634 6761 10%
c - 37.61 122 147 0 47 25136 12 212191 41480 1.4 18 14 6 18 26% 7615 631633 6761 10%
c - 37.81 119 148 0 48 25173 12 219046 43897 1.4 18 13 6 18 25% 7619 631633 6761 10%
c d 38.14 124 148 0 48 25563 12 224033 48628 1.4 18 13 6 18 25% 7621 631633 6760 10%
c u 38.24 126 148 0 48 25563 12 224033 48422 1.4 18 13 6 18 25% 7621 631633 6760 10%
c v 38.34 127 148 0 48 25563 12 224033 48050 1.4 18 13 6 18 25% 7621 631633 6760 10%
c w 38.38 127 148 0 48 25563 12 224033 48040 1.4 18 13 6 18 25% 7621 631633 6760 10%
c
c seconds    switched      rate          size/glue  tier1     binary         remaining
c         MB   reductions    conflicts         size   tier2      irredundant
c           level   restarts        redundant     glue    trail         variables
c
c = 38.86 135 148 0 48 25563 12 224033 48040 1.4 18 13 6 18 25% 7649 631591 6746 10%
c d 38.86 135 148 0 48 25563 12 224033 48038 1.4 18 13 6 18 25% 7612 631591 6746 10%
c t 38.88 135 148 0 48 25563 12 224033 48038 1.4 18 13 6 18 25% 7591 631591 6746 10%
c u 39.00 113 148 0 48 25563 12 224033 47787 1.4 18 13 6 18 25% 7592 631591 6746 10%
c v 39.11 117 148 0 48 25563 12 224033 47646 1.4 18 13 6 18 25% 7592 631591 6746 10%
c w 39.15 118 148 0 48 25563 12 224033 47637 1.4 18 13 6 18 25% 7592 631591 6746 10%
c = 39.53 131 148 0 48 25563 12 224033 47637 1.4 18 13 6 18 25% 7620 631550 6733 10%
c d 39.54 131 148 0 48 25563 12 224033 47631 1.4 18 13 6 18 25% 7585 631545 6732 10%
c t 39.55 131 148 0 48 25563 12 224033 47631 1.4 18 13 6 18 25% 7574 631545 6732 10%
c o 39.60 112 147 0 48 25564 12 224793 48280 1.4 18 13 6 18 25% 7574 631545 6732 10%
c - 39.72 122 146 0 49 25767 12 225975 45420 1.4 18 13 6 17 25% 7578 631544 6732 10%
c - 40.32 123 146 0 50 26533 12 232977 47418 1.4 18 13 6 17 25% 7583 631544 6732 10%
c - 40.74 111 140 0 51 26991 12 240049 49283 1.3 18 13 6 17 24% 7584 631544 6732 10%
c - 41.05 118 137 0 52 27424 12 247190 51135 1.3 17 13 6 17 23% 7589 631544 6732 10%
c - 41.35 123 134 0 53 27702 11 254401 47809 1.3 17 13 5 17 23% 7590 631544 6732 10%
c - 41.87 113 128 0 54 28300 11 261681 47759 1.3 17 13 5 17 22% 7594 631544 6732 10%
c s 42.51 125 129 0 54 28725 11 268058 53779 1.3 17 13 5 17 22% 7635 630574 6732 10%
c e 42.57 139 129 0 54 28725 11 268058 53779 1.3 17 13 5 17 22% 6737 640361 6002 9%
c 2 42.57 139 129 0 54 28725 11 268058 53779 1.3 17 13 5 17 22% 6723 640361 6002 9%
c s 42.75 141 129 0 54 28725 11 268058 53779 1.3 17 13 5 17 22% 6801 637119 6002 9%
c
c seconds    switched      rate          size/glue  tier1     binary        remaining
c         MB   reductions    conflicts         size   tier2      irredundant
c           level   restarts        redundant     glue    trail         variables
c
c e 42.78 141 129 0 54 28725 11 268058 53779 1.3 17 13 5 17 22% 6732 637851 5950 9%
c ! 42.78 141 129 0 54 28725 11 268058 53779 1.3 17 13 5 17 22% 6732 637851 5950 9%
c u 42.94 124 129 0 54 28777 11 268315 50242 1.3 17 13 5 17 22% 6734 637851 5950 9%
c v 43.04 126 129 0 54 28777 11 268315 49136 1.3 17 13 5 17 22% 6734 637851 5950 9%
c w 43.09 126 129 0 54 28777 11 268315 49108 1.3 17 13 5 17 22% 6734 637851 5950 9%
c = 43.55 139 129 0 54 28777 11 268315 49108 1.3 17 13 5 17 22% 6736 637851 5949 9%
c d 43.56 139 129 0 54 28777 11 268315 49108 1.3 17 13 5 17 22% 6733 637851 5949 9%
c t 43.58 139 129 0 54 28777 11 268315 49108 1.3 17 13 5 17 22% 6648 637851 5949 9%
c b 43.58 139 129 0 54 28777 11 268315 49108 1.3 17 13 5 17 22% 6648 637851 5946 9%
c f 43.62 139 129 0 54 28777 11 268315 49108 1.3 17 13 5 17 22% 6768 635899 6037 9%
c u 43.75 167 129 0 54 28777 11 268315 47084 1.3 17 13 5 17 22% 6778 635844 6037 9%
c v 43.86 171 129 0 54 28777 11 268315 46929 1.3 17 13 5 17 22% 6778 635844 6037 9%
c w 43.90 171 129 0 54 28777 11 268315 46919 1.3 17 13 5 17 22% 6778 635844 6037 9%
c = 44.37 132 129 0 54 28777 11 268315 46919 1.3 17 13 5 17 22% 6782 635840 6035 9%
c d 44.38 132 129 0 54 28777 11 268315 46919 1.3 17 13 5 17 22% 6776 635840 6035 9%
c - 44.52 123 129 0 55 28913 11 269029 42522 1.3 17 13 5 17 22% 6766 635840 6035 9%
c - 45.13 125 128 0 56 29783 12 276445 44005 1.3 17 13 5 17 22% 6774 635840 6035 9%
c - 45.57 130 130 0 57 30034 11 283930 46221 1.3 17 13 5 16 22% 6786 635839 6035 9%
c - 46.26 118 126 0 58 30914 11 291480 47617 1.3 17 13 5 17 21% 6786 635838 6035 9%
c o 46.52 122 124 0 58 31304 12 294808 50810 1.3 17 13 5 17 21% 6786 635837 6035 9%
c
c seconds    switched      rate          size/glue  tier1     binary        remaining
c         MB   reductions    conflicts         size   tier2      irredundant
c           level   restarts        redundant     glue    trail         variables
c
c - 46.73 125 125 0 59 31399 11 299095 48872 1.3 17 13 5 16 21% 6790 635837 6035 9%
c - 46.82 126 117 0 60 31399 11 306776 51462 1.3 16 12 5 16 20% 6790 635837 6035 9%
c - 46.91 127 110 0 61 31399 10 314523 54221 1.4 16 12 5 16 19% 6790 635837 6035 9%
c u 47.02 129 107 0 61 31399 10 317067 53876 1.4 16 12 5 16 18% 6790 635837 6035 9%
c v 47.08 130 107 0 61 31399 10 317067 53685 1.4 16 12 5 16 18% 6790 635837 6035 9%
c = 47.54 145 107 0 61 31399 10 317067 53685 1.4 16 12 5 16 18% 6794 635830 6033 9%
c d 47.55 145 107 0 61 31399 10 317067 53685 1.4 16 12 5 16 18% 6790 635830 6033 9%
c t 47.56 145 107 0 61 31399 10 317067 53685 1.4 16 12 5 16 18% 6777 635830 6033 9%
c u 47.69 166 107 0 61 31399 10 317067 51899 1.4 16 12 5 16 18% 6815 635830 6033 9%
c v 47.76 168 107 0 61 31399 10 317067 51481 1.4 16 12 5 16 18% 6815 635830 6033 9%
c = 48.18 170 107 0 61 31399 10 317067 51481 1.4 16 12 5 16 18% 6819 635823 6031 9%
c d 48.19 170 107 0 61 31399 10 317067 51481 1.4 16 12 5 16 18% 6813 635823 6031 9%
c t 48.20 170 107 0 61 31399 10 317067 51481 1.4 16 12 5 16 18% 6800 635823 6031 9%
c i 48.28 171 107 0 61 31399 10 319894 53992 1.4 16 12 5 16 18% 6808 635822 6026 9%
c - 48.47 173 107 0 62 31829 10 322333 51493 1.4 16 12 5 15 18% 6800 635821 6026 9%
c - 48.86 176 103 0 63 32376 10 330207 54051 1.4 16 12 5 15 18% 6808 635815 6026 9%
c - 49.31 143 99 0 64 32962 10 338145 55601 1.4 16 12 5 15 17% 6810 635810 6026 9%
c - 49.64 138 95 0 65 33304 10 346145 57849 1.4 16 11 5 15 17% 6811 635810 6026 9%
c - 49.87 137 89 0 66 33476 9 354208 60897 1.4 15 11 5 15 16% 6813 635810 6026 9%
c i 49.93 138 86 0 66 33481 9 359231 65059 1.4 15 11 5 15 15% 6827 635809 6016 9%
c
c seconds   switched     rate          size/glue  tier1     binary        remaining
c         MB  reductions   conflicts         size   tier2      irredundant
c          level   restarts       redundant     glue    trail         variables
c
c i 49.97 140 86 0 66 33485 9 360124 65825 1.4 15 11 5 15 15% 6839 635809 6008 9%
c i 50.00 141 85 0 66 33488 9 361327 66893 1.4 15 11 5 15 15% 6845 635809 5997 9%
c - 50.10 133 85 0 67 33671 9 362332 32721 1.4 15 11 5 15 15% 6780 635808 5997 9%
c i 50.30 135 84 0 67 33961 9 365882 35941 1.4 15 11 5 15 15% 6795 635807 5992 9%
c d 50.53 117 83 0 67 34234 9 370317 40019 1.4 15 11 5 15 15% 6934 615652 5991 9%
c d 50.54 117 83 0 67 34234 9 370317 40019 1.4 15 11 5 15 15% 6932 615649 5990 9%
c b 50.55 117 83 0 67 34234 9 370317 40019 1.4 15 11 5 15 15% 6932 615649 5958 9%
c u 50.62 121 83 0 67 34234 9 370317 39814 1.4 15 11 5 15 15% 6930 615649 5958 9%
c v 50.70 122 83 0 67 34234 9 370317 39571 1.4 15 11 5 15 15% 6931 615649 5958 9%
c w 50.74 123 83 0 67 34234 9 370317 39560 1.4 15 11 5 15 15% 6931 615649 5958 9%
c = 51.14 133 83 0 67 34234 9 370317 39560 1.4 15 11 5 15 15% 6933 615206 5957 9%
c d 51.15 133 83 0 67 34234 9 370317 39560 1.4 15 11 5 15 15% 7018 615119 5957 9%
c d 51.15 133 83 0 67 34234 9 370317 39560 1.4 15 11 5 15 15% 7016 615115 5956 9%
c t 51.16 133 83 0 67 34234 9 370317 39560 1.4 15 11 5 15 15% 6987 615115 5953 9%
c b 51.16 133 83 0 67 34234 9 370317 39560 1.4 15 11 5 15 15% 6987 615115 5951 9%
c f 51.17 133 83 0 67 34234 9 370317 39560 1.4 15 11 5 15 15% 6988 615097 5952 9%
c u 51.28 161 83 0 67 34234 9 370317 39297 1.4 15 11 5 15 15% 6996 615059 5952 9%
c v 51.36 162 83 0 67 34234 9 370317 38967 1.4 15 11 5 15 15% 6996 615059 5952 9%
c w 51.40 163 83 0 67 34234 9 370317 38959 1.4 15 11 5 15 15% 6996 615059 5952 9%
c - 51.88 178 83 0 68 34264 9 370518 35947 1.4 15 11 5 14 15% 6856 615059 5952 9%
c
c seconds   switched     rate          size/glue  tier1     binary        remaining
c         MB  reductions   conflicts         size   tier2      irredundant
c          level   restarts       redundant     glue    trail         variables
c
c i 52.02 185 82 0 68 34458 9 372979 38156 1.4 15 11 5 14 15% 6869 615058 5941 9%
c i 52.14 187 83 0 68 34622 9 374959 40023 1.4 15 11 5 14 16% 6875 615058 5927 9%
c o 52.14 187 83 0 68 34622 9 374959 40023 1.4 15 11 5 14 16% 6875 615058 5927 9%
c i 52.21 189 83 0 68 34719 9 376215 41190 1.4 15 11 5 14 16% 6879 615058 5915 9%
c - 52.32 199 82 0 69 34791 9 378765 36659 1.4 14 11 5 14 15% 6795 615058 5915 9%
c i 52.32 199 82 0 69 34791 9 378859 36716 1.4 14 11 5 14 15% 6805 615058 5896 9%
c i 52.40 203 82 0 69 34944 9 379942 37709 1.4 14 11 5 14 16% 6818 615057 5884 9%
c i 52.40 203 82 0 69 34944 9 380043 37788 1.4 14 11 5 14 16% 6828 615057 5869 9%
c i 52.40 203 82 0 69 34944 9 380096 37814 1.4 14 11 5 14 16% 6836 615057 5854 9%
c i 52.43 205 83 0 69 34955 9 380533 38195 1.4 14 11 5 14 16% 6844 615057 5835 9%
c i 52.44 202 83 0 69 34955 9 380586 38230 1.4 14 11 5 14 16% 6855 615057 5822 9%
c i 52.44 202 83 0 69 34955 9 380626 38250 1.4 14 11 5 14 16% 6862 615057 5804 9%
c i 52.44 202 83 0 69 34955 9 380650 38264 1.4 14 11 5 14 16% 6866 615057 5783 9%
c i 52.44 202 83 0 69 34955 9 380663 38264 1.4 14 11 5 14 16% 6872 615057 5764 9%
c i 52.44 203 83 0 69 34955 9 380691 38279 1.4 14 11 5 14 16% 6875 615057 5727 8%
c i 52.44 203 83 0 69 34955 9 380701 38279 1.4 14 11 5 14 16% 6879 615057 5684 8%
c i 52.44 203 83 0 69 34955 9 380702 38279 1.4 14 11 5 14 16% 6879 615057 5676 8%
c i 52.44 203 83 0 69 34955 9 380703 38279 1.4 14 11 5 14 16% 6879 615057 5667 8%
c i 52.44 203 83 0 69 34955 9 380704 38279 1.4 14 11 5 14 16% 6879 615057 5642 8%
c } 52.44 203 83 0 69 34955 9 380706 38279 1.4 14 11 5 14 16% 6879 615057 5603 8%
c
c seconds   switched     rate          size/glue  tier1     binary        remaining
c         MB  reductions   conflicts         size   tier2      irredundant
c          level   restarts       redundant     glue    trail         variables
c
c 0 52.44 203 83 0 69 34955 9 380706 38279 1.4 14 11 5 14 16% 6879 615057 5603 8%
c
c ---- [ result ] ------------------------------------------------------------
c
s UNSATISFIABLE
c
c ---- [ profiling ] ---------------------------------------------------------
c
c          25.67   48.96 %  probe
c          24.77   47.23 %  search
c          24.77   47.23 %  focused
c          23.80   45.38 %  simplify
c          11.28   21.51 %  congruence
c           8.04   15.33 %  sweep
c           4.62    8.80 %  vivify
c           3.73    7.11 %  preprocess
c           1.82    3.48 %  eliminate
c           1.31    2.50 %  subsume
c           1.10    2.09 %  substitute
c           0.55    1.05 %  factor
c           0.40    0.77 %  reduce
c           0.12    0.24 %  parse
c           0.06    0.12 %  transitive
c           0.03    0.05 %  backbone
c           0.02    0.05 %  lucky
c =============================================
c          52.44  100.00 %  total
c
c ---- [ statistics ] --------------------------------------------------------
c
c chronological:                         1619                0 %  conflicts
c conflicts:                           380706             7259.71 per second
c congruent:                             4599                7 %  variables
c decisions:                          4096893               10.76 per conflict
c eliminated:                           32456               48 %  variables
c factored:                               646                1 %  variables
c iterations:                              29                0 %  variables
c propagations:                     142417965          2715779    per second
c reductions:                              69             5517    interval
c reordered:                                9            42301    interval
c restarts:                             34955               11    interval
c strengthened:                         11766                0 %  checks
c substituted:                           6163                9 %  variables
c subsumed:                             16188                0 %  checks
c switched:                                 0                0    interval
c vivified:                             37799               35 %  checks
c
c ---- [ glue usage ] --------------------------------------------------------
c
c focused glue 5    used  69245 clauses 14.52% accumulated 58.81% tier1
c focused glue 6    used  34069 clauses  7.14% accumulated 65.95%
c focused glue 7-12 used 100489 clauses 21.07% accumulated 87.02%
c focused glue 13   used   8217 clauses  1.72% accumulated 88.75%
c focused glue 14   used   6761 clauses  1.42% accumulated 90.16% tier2
c
c ---- [ resources ] ---------------------------------------------------------
c
c maximum-resident-set-size:     353747599360 bytes     337360 MB
c process-time:                            52s              52.44 seconds
c
c ---- [ shutting down ] -----------------------------------------------------
c
c exit 20
real 54.74
user 60.90
sys 0.87

solver_exit_code=20
